Component: ARM Compiler 5.06 update 7 (build 960) Tool: armlink [4d3601]

==============================================================================

Section Cross References

    startup_stm32f40_41xxx.o(RESET) refers to startup_stm32f40_41xxx.o(STACK) for __initial_sp
    startup_stm32f40_41xxx.o(RESET) refers to startup_stm32f40_41xxx.o(.text) for Reset_Handler
    startup_stm32f40_41xxx.o(RESET) refers to stm32f4xx_it.o(i.NMI_Handler) for NMI_Handler
    startup_stm32f40_41xxx.o(RESET) refers to stm32f4xx_it.o(i.HardFault_Handler) for HardFault_Handler
    startup_stm32f40_41xxx.o(RESET) refers to stm32f4xx_it.o(i.MemManage_Handler) for MemManage_Handler
    startup_stm32f40_41xxx.o(RESET) refers to stm32f4xx_it.o(i.BusFault_Handler) for BusFault_Handler
    startup_stm32f40_41xxx.o(RESET) refers to stm32f4xx_it.o(i.UsageFault_Handler) for UsageFault_Handler
    startup_stm32f40_41xxx.o(RESET) refers to port.o(.emb_text) for SVC_Handler
    startup_stm32f40_41xxx.o(RESET) refers to stm32f4xx_it.o(i.DebugMon_Handler) for DebugMon_Handler
    startup_stm32f40_41xxx.o(RESET) refers to delay.o(i.SysTick_Handler) for SysTick_Handler
    startup_stm32f40_41xxx.o(RESET) refers to motor_feedback.o(i.CAN1_RX0_IRQHandler) for CAN1_RX0_IRQHandler
    startup_stm32f40_41xxx.o(RESET) refers to timer.o(i.TIM3_IRQHandler) for TIM3_IRQHandler
    startup_stm32f40_41xxx.o(RESET) refers to usart.o(i.USART1_IRQHandler) for USART1_IRQHandler
    startup_stm32f40_41xxx.o(RESET) refers to remote_control.o(i.USART3_IRQHandler) for USART3_IRQHandler
    startup_stm32f40_41xxx.o(RESET) refers to motor_feedback.o(i.CAN2_RX1_IRQHandler) for CAN2_RX1_IRQHandler
    startup_stm32f40_41xxx.o(.text) refers to system_stm32f4xx.o(i.SystemInit) for SystemInit
    startup_stm32f40_41xxx.o(.text) refers to entry.o(.ARM.Collect$$$$00000000) for __main
    system_stm32f4xx.o(i.SystemCoreClockUpdate) refers to system_stm32f4xx.o(.data) for SystemCoreClock
    system_stm32f4xx.o(i.SystemInit) refers to system_stm32f4xx.o(i.SetSysClock) for SetSysClock
    stm32f4xx_adc.o(i.ADC_DeInit) refers to stm32f4xx_rcc.o(i.RCC_APB2PeriphResetCmd) for RCC_APB2PeriphResetCmd
    stm32f4xx_can.o(i.CAN_DeInit) refers to stm32f4xx_rcc.o(i.RCC_APB1PeriphResetCmd) for RCC_APB1PeriphResetCmd
    stm32f4xx_can.o(i.CAN_GetITStatus) refers to stm32f4xx_can.o(i.CheckITStatus) for CheckITStatus
    stm32f4xx_cryp.o(i.CRYP_DeInit) refers to stm32f4xx_rcc.o(i.RCC_AHB2PeriphResetCmd) for RCC_AHB2PeriphResetCmd
    stm32f4xx_cryp_aes.o(i.CRYP_AES_CBC) refers to stm32f4xx_cryp.o(i.CRYP_KeyStructInit) for CRYP_KeyStructInit
    stm32f4xx_cryp_aes.o(i.CRYP_AES_CBC) refers to stm32f4xx_cryp.o(i.CRYP_FIFOFlush) for CRYP_FIFOFlush
    stm32f4xx_cryp_aes.o(i.CRYP_AES_CBC) refers to stm32f4xx_cryp.o(i.CRYP_Init) for CRYP_Init
    stm32f4xx_cryp_aes.o(i.CRYP_AES_CBC) refers to stm32f4xx_cryp.o(i.CRYP_KeyInit) for CRYP_KeyInit
    stm32f4xx_cryp_aes.o(i.CRYP_AES_CBC) refers to stm32f4xx_cryp.o(i.CRYP_Cmd) for CRYP_Cmd
    stm32f4xx_cryp_aes.o(i.CRYP_AES_CBC) refers to stm32f4xx_cryp.o(i.CRYP_GetFlagStatus) for CRYP_GetFlagStatus
    stm32f4xx_cryp_aes.o(i.CRYP_AES_CBC) refers to stm32f4xx_cryp.o(i.CRYP_IVInit) for CRYP_IVInit
    stm32f4xx_cryp_aes.o(i.CRYP_AES_CBC) refers to stm32f4xx_cryp.o(i.CRYP_GetCmdStatus) for CRYP_GetCmdStatus
    stm32f4xx_cryp_aes.o(i.CRYP_AES_CBC) refers to stm32f4xx_cryp.o(i.CRYP_DataIn) for CRYP_DataIn
    stm32f4xx_cryp_aes.o(i.CRYP_AES_CBC) refers to stm32f4xx_cryp.o(i.CRYP_DataOut) for CRYP_DataOut
    stm32f4xx_cryp_aes.o(i.CRYP_AES_CCM) refers to stm32f4xx_cryp.o(i.CRYP_KeyStructInit) for CRYP_KeyStructInit
    stm32f4xx_cryp_aes.o(i.CRYP_AES_CCM) refers to stm32f4xx_cryp.o(i.CRYP_FIFOFlush) for CRYP_FIFOFlush
    stm32f4xx_cryp_aes.o(i.CRYP_AES_CCM) refers to stm32f4xx_cryp.o(i.CRYP_KeyInit) for CRYP_KeyInit
    stm32f4xx_cryp_aes.o(i.CRYP_AES_CCM) refers to stm32f4xx_cryp.o(i.CRYP_IVInit) for CRYP_IVInit
    stm32f4xx_cryp_aes.o(i.CRYP_AES_CCM) refers to stm32f4xx_cryp.o(i.CRYP_Init) for CRYP_Init
    stm32f4xx_cryp_aes.o(i.CRYP_AES_CCM) refers to stm32f4xx_cryp.o(i.CRYP_PhaseConfig) for CRYP_PhaseConfig
    stm32f4xx_cryp_aes.o(i.CRYP_AES_CCM) refers to stm32f4xx_cryp.o(i.CRYP_DataIn) for CRYP_DataIn
    stm32f4xx_cryp_aes.o(i.CRYP_AES_CCM) refers to stm32f4xx_cryp.o(i.CRYP_Cmd) for CRYP_Cmd
    stm32f4xx_cryp_aes.o(i.CRYP_AES_CCM) refers to stm32f4xx_cryp.o(i.CRYP_GetCmdStatus) for CRYP_GetCmdStatus
    stm32f4xx_cryp_aes.o(i.CRYP_AES_CCM) refers to stm32f4xx_cryp.o(i.CRYP_GetFlagStatus) for CRYP_GetFlagStatus
    stm32f4xx_cryp_aes.o(i.CRYP_AES_CCM) refers to stm32f4xx_cryp.o(i.CRYP_DataOut) for CRYP_DataOut
    stm32f4xx_cryp_aes.o(i.CRYP_AES_CTR) refers to stm32f4xx_cryp.o(i.CRYP_KeyStructInit) for CRYP_KeyStructInit
    stm32f4xx_cryp_aes.o(i.CRYP_AES_CTR) refers to stm32f4xx_cryp.o(i.CRYP_KeyInit) for CRYP_KeyInit
    stm32f4xx_cryp_aes.o(i.CRYP_AES_CTR) refers to stm32f4xx_cryp.o(i.CRYP_Init) for CRYP_Init
[...]
    .ARM.Collect$$$$00000001                 0x08000188   Section        4  entry2.o(.ARM.Collect$$$$00000001)
    .ARM.Collect$$$$00000004                 0x0800018c   Section        4  entry5.o(.ARM.Collect$$$$00000004)
    .ARM.Collect$$$$00000008                 0x08000190   Section        0  entry7b.o(.ARM.Collect$$$$00000008)
    .ARM.Collect$$$$0000000A                 0x08000190   Section        0  entry8b.o(.ARM.Collect$$$$0000000A)
    .ARM.Collect$$$$0000000B                 0x08000190   Section        8  entry9a.o(.ARM.Collect$$$$0000000B)
    .ARM.Collect$$$$0000000E                 0x08000198   Section        4  entry12b.o(.ARM.Collect$$$$0000000E)
    .ARM.Collect$$$$0000000F                 0x0800019c   Section        0  entry10a.o(.ARM.Collect$$$$0000000F)
    .ARM.Collect$$$$00000011                 0x0800019c   Section        0  entry11a.o(.ARM.Collect$$$$00000011)
    .ARM.Collect$$$$00002712                 0x0800019c   Section        4  entry2.o(.ARM.Collect$$$$00002712)
    __lit__00000000                          0x0800019c   Data           4  entry2.o(.ARM.Collect$$$$00002712)
    .emb_text                                0x080001a0   Section      182  port.o(.emb_text)
    $v0                                      0x080001a0   Number         0  port.o(.emb_text)
    .text                                    0x08000258   Section       36  startup_stm32f40_41xxx.o(.text)
    $v0                                      0x08000258   Number         0  startup_stm32f40_41xxx.o(.text)
    .text                                    0x0800027c   Section        0  memcpya.o(.text)
    .text                                    0x080002a0   Section        0  memseta.o(.text)
    .text                                    0x080002c4   Section        0  dadd.o(.text)
    .text                                    0x08000412   Section        0  dmul.o(.text)
    .text                                    0x080004f6   Section        0  ddiv.o(.text)
    .text                                    0x080005d4   Section        0  dflti.o(.text)
    .text                                    0x080005f6   Section        0  dfixi.o(.text)
    .text                                    0x08000634   Section       48  cdcmple.o(.text)
    .text                                    0x08000664   Section        0  uidiv.o(.text)
    .text                                    0x08000690   Section        0  llshl.o(.text)
    .text                                    0x080006ae   Section        0  llushr.o(.text)
    .text                                    0x080006ce   Section        0  llsshr.o(.text)
    .text                                    0x080006f2   Section        0  depilogue.o(.text)
    .text                                    0x080006f2   Section        0  iusefp.o(.text)
    .text                                    0x080007ac   Section       36  init.o(.text)
    .text                                    0x080007d0   Section        0  iusesemip.o(.text)
    .text                                    0x080007d0   Section        0  __dczerorl2.o(.text)
    .text                                    0x080007d0   Section        0  semi.o(.text)
    i.BusFault_Handler                       0x08000826   Section        0  stm32f4xx_it.o(i.BusFault_Handler)
    i.CAN1_Mode_Init                         0x0800082c   Section        0  can.o(i.CAN1_Mode_Init)
    i.CAN1_RX0_IRQHandler                    0x0800092c   Section        0  motor_feedback.o(i.CAN1_RX0_IRQHandler)
    i.CAN2_Mode_Init                         0x08000bf4   Section        0  can.o(i.CAN2_Mode_Init)
    i.CAN2_RX1_IRQHandler                    0x08000cf4   Section        0  motor_feedback.o(i.CAN2_RX1_IRQHandler)
    i.CAN_FilterInit                         0x08000f10   Section        0  stm32f4xx_can.o(i.CAN_FilterInit)
    i.CAN_ITConfig                           0x08001018   Section        0  stm32f4xx_can.o(i.CAN_ITConfig)
    i.CAN_Init                               0x0800102a   Section        0  stm32f4xx_can.o(i.CAN_Init)
    i.CAN_Receive                            0x0800113e   Section        0  stm32f4xx_can.o(i.CAN_Receive)
    i.CAN_Transmit                           0x0800122e   Section        0  stm32f4xx_can.o(i.CAN_Transmit)
    i.DMA_ClearFlag                          0x08001354   Section        0  stm32f4xx_dma.o(i.DMA_ClearFlag)
    i.DMA_Cmd                                0x08001388   Section        0  stm32f4xx_dma.o(i.DMA_Cmd)
    i.DMA_DeInit                             0x080013a0   Section        0  stm32f4xx_dma.o(i.DMA_DeInit)
    i.DMA_DoubleBufferModeCmd                0x080014f8   Section        0  stm32f4xx_dma.o(i.DMA_DoubleBufferModeCmd)
    i.DMA_DoubleBufferModeConfig             0x0800150e   Section        0  stm32f4xx_dma.o(i.DMA_DoubleBufferModeConfig)
    i.DMA_GetCurrDataCounter                 0x08001526   Section        0  stm32f4xx_dma.o(i.DMA_GetCurrDataCounter)
    i.DMA_GetCurrentMemoryTarget             0x0800152e   Section        0  stm32f4xx_dma.o(i.DMA_GetCurrentMemoryTarget)
    i.DMA_Init                               0x08001544   Section        0  stm32f4xx_dma.o(i.DMA_Init)
    i.DMA_SetCurrDataCounter                 0x0800159c   Section        0  stm32f4xx_dma.o(i.DMA_SetCurrDataCounter)
    i.DebugMon_Handler                       0x080015a0   Section        0  stm32f4xx_it.o(i.DebugMon_Handler)
    i.FreeRtos_start                         0x080015a4   Section        0  rabbit.o(i.FreeRtos_start)
    i.GPIO_Init                              0x080015d4   Section        0  stm32f4xx_gpio.o(i.GPIO_Init)
    i.GPIO_PinAFConfig                       0x08001664   Section        0  stm32f4xx_gpio.o(i.GPIO_PinAFConfig)
    i.GPIO_SetBits                           0x080016aa   Section        0  stm32f4xx_gpio.o(i.GPIO_SetBits)
    i.HardFault_Handler                      0x080016ae   Section        0  stm32f4xx_it.o(i.HardFault_Handler)
    i.MemManage_Handler                      0x080016b2   Section        0  stm32f4xx_it.o(i.MemManage_Handler)
    i.NMI_Handler                            0x080016b6   Section        0  stm32f4xx_it.o(i.NMI_Handler)
    i.NVIC_Init                              0x080016b8   Section        0  misc.o(i.NVIC_Init)
    i.NVIC_PriorityGroupConfig               0x08001730   Section        0  misc.o(i.NVIC_PriorityGroupConfig)
    i.PID_calc                               0x08001744   Section        0  pid.o(i.PID_calc)
    i.PID_init                               0x08001978   Section        0  pid.o(i.PID_init)
    i.RCC_AHB1PeriphClockCmd                 0x080019c8   Section        0  stm32f4xx_rcc.o(i.RCC_AHB1PeriphClockCmd)
    i.RCC_APB1PeriphClockCmd                 0x080019e8   Section        0  stm32f4xx_rcc.o(i.RCC_APB1PeriphClockCmd)
    i.RCC_APB1PeriphResetCmd                 0x08001a08   Section        0  stm32f4xx_rcc.o(i.RCC_APB1PeriphResetCmd)
    i.RCC_APB2PeriphResetCmd                 0x08001a28   Section        0  stm32f4xx_rcc.o(i.RCC_APB2PeriphResetCmd)
    i.RCC_GetClocksFreq                      0x08001a48   Section        0  stm32f4xx_rcc.o(i.RCC_GetClocksFreq)
    i.RC_Init                                0x08001b30   Section        0  rc.o(i.RC_Init)
    i.SBUS_TO_RC                             0x08001c84   Section        0  remote_control.o(i.SBUS_TO_RC)
    SBUS_TO_RC                               0x08001c85   Thumb Code   244  remote_control.o(i.SBUS_TO_RC)
    i.SetSysClock                            0x08001d80   Section        0  system_stm32f4xx.o(i.SetSysClock)
    SetSysClock                              0x08001d81   Thumb Code   220  system_stm32f4xx.o(i.SetSysClock)
    i.SysTick_CLKSourceConfig                0x08001e6c   Section        0  misc.o(i.SysTick_CLKSourceConfig)
    i.SysTick_Handler                        0x08001e94   Section        0  delay.o(i.SysTick_Handler)
    i.SystemInit                             0x08001ea4   Section        0  system_stm32f4xx.o(i.SystemInit)
    i.TIM3_IRQHandler                        0x08001f0c   Section        0  timer.o(i.TIM3_IRQHandler)
    i.TIM3_Int_Init                          0x08001f24   Section        0  timer.o(i.TIM3_Int_Init)
    i.TIM5_PWM_Init                          0x08001f80   Section        0  timer.o(i.TIM5_PWM_Init)
    i.TIM_ARRPreloadConfig                   0x08002048   Section        0  stm32f4xx_tim.o(i.TIM_ARRPreloadConfig)
    i.TIM_ClearITPendingBit                  0x08002060   Section        0  stm32f4xx_tim.o(i.TIM_ClearITPendingBit)
    i.TIM_Cmd                                0x08002066   Section        0  stm32f4xx_tim.o(i.TIM_Cmd)
    i.TIM_GetITStatus                        0x0800207e   Section        0  stm32f4xx_tim.o(i.TIM_GetITStatus)
    i.TIM_ITConfig                           0x080020a0   Section        0  stm32f4xx_tim.o(i.TIM_ITConfig)
    i.TIM_OC1Init                            0x080020b4   Section        0  stm32f4xx_tim.o(i.TIM_OC1Init)
    i.TIM_OC1PreloadConfig                   0x08002130   Section        0  stm32f4xx_tim.o(i.TIM_OC1PreloadConfig)
    i.TIM_OC2Init                            0x08002144   Section        0  stm32f4xx_tim.o(i.TIM_OC2Init)
    i.TIM_OC2PreloadConfig                   0x080021e8   Section        0  stm32f4xx_tim.o(i.TIM_OC2PreloadConfig)
    i.TIM_SetCompare1                        0x08002202   Section        0  stm32f4xx_tim.o(i.TIM_SetCompare1)
    i.TIM_SetCompare2                        0x08002206   Section        0  stm32f4xx_tim.o(i.TIM_SetCompare2)
    i.TIM_TimeBaseInit                       0x0800220c   Section        0  stm32f4xx_tim.o(i.TIM_TimeBaseInit)
    i.USART1_IRQHandler                      0x08002290   Section        0  usart.o(i.USART1_IRQHandler)
    i.USART3_IRQHandler                      0x080022e8   Section        0  remote_control.o(i.USART3_IRQHandler)
    i.USART_ClearFlag                        0x080023e0   Section        0  stm32f4xx_usart.o(i.USART_ClearFlag)
    i.USART_ClearITPendingBit                0x080023f2   Section        0  stm32f4xx_usart.o(i.USART_ClearITPendingBit)
    i.USART_Cmd                              0x08002410   Section        0  stm32f4xx_usart.o(i.USART_Cmd)
    i.USART_DMACmd                           0x08002428   Section        0  stm32f4xx_usart.o(i.USART_DMACmd)
    i.USART_DeInit                           0x0800243c   Section        0  stm32f4xx_usart.o(i.USART_DeInit)
    i.USART_GetITStatus                      0x0800252c   Section        0  stm32f4xx_usart.o(i.USART_GetITStatus)
    i.USART_ITConfig                         0x08002580   Section        0  stm32f4xx_usart.o(i.USART_ITConfig)
    i.USART_Init                             0x080025cc   Section        0  stm32f4xx_usart.o(i.USART_Init)
    i.USART_ReceiveData                      0x080026a0   Section        0  stm32f4xx_usart.o(i.USART_ReceiveData)
    i.UsageFault_Handler                     0x080026aa   Section        0  stm32f4xx_it.o(i.UsageFault_Handler)
    i.__0printf$3                            0x080026b0   Section        0  printf3.o(i.__0printf$3)
    i.__scatterload_copy                     0x080026d0   Section       14  handlers.o(i.__scatterload_copy)
    i.__scatterload_null                     0x080026de   Section        2  handlers.o(i.__scatterload_null)
    i.__scatterload_zeroinit                 0x080026e0   Section       14  handlers.o(i.__scatterload_zeroinit)
    i._printf_core                           0x080026f0   Section        0  printf3.o(i._printf_core)
    _printf_core                             0x080026f1   Thumb Code   436  printf3.o(i._printf_core)
    i.chassis_pid_init                       0x080028a8   Section        0  rabbit.o(i.chassis_pid_init)
    i.delay_init                             0x08002930   Section        0  delay.o(i.delay_init)
    i.delay_ms                               0x08002974   Section        0  delay.o(i.delay_ms)
    i.delay_us                               0x080029b4   Section        0  delay.o(i.delay_us)
    i.fputc                                  0x080029fc   Section        0  fputc.o(i.fputc)
    i.gpio_Init                              0x08002a10   Section        0  gpio.o(i.gpio_Init)
    i.loop_loading                           0x08002a4c   Section        0  shoot.o(i.loop_loading)
    i.main                                   0x08002b60   Section        0  main.o(i.main)
    i.motor_driver_can2                      0x08002b6c   Section        0  motor_feedback.o(i.motor_driver_can2)
    i.prvAddCurrentTaskToDelayedList         0x08002bcc   Section        0  tasks.o(i.prvAddCurrentTaskToDelayedList)
    prvAddCurrentTaskToDelayedList           0x08002bcd   Thumb Code   124  tasks.o(i.prvAddCurrentTaskToDelayedList)
    i.prvAddNewTaskToReadyList               0x08002c64   Section        0  tasks.o(i.prvAddNewTaskToReadyList)
    prvAddNewTaskToReadyList                 0x08002c65   Thumb Code   156  tasks.o(i.prvAddNewTaskToReadyList)
    i.prvCheckForValidListAndQueue           0x08002d1c   Section        0  timers.o(i.prvCheckForValidListAndQueue)
    prvCheckForValidListAndQueue             0x08002d1d   Thumb Code    72  timers.o(i.prvCheckForValidListAndQueue)
    i.prvCheckTasksWaitingTermination        0x08002d80   Section        0  tasks.o(i.prvCheckTasksWaitingTermination)
    prvCheckTasksWaitingTermination          0x08002d81   Thumb Code    86  tasks.o(i.prvCheckTasksWaitingTermination)
    i.prvCopyDataFromQueue                   0x08002de4   Section        0  queue.o(i.prvCopyDataFromQueue)
    prvCopyDataFromQueue                     0x08002de5   Thumb Code    42  queue.o(i.prvCopyDataFromQueue)
    i.prvCopyDataToQueue                     0x08002e0e   Section        0  queue.o(i.prvCopyDataToQueue)
    prvCopyDataToQueue                       0x08002e0f   Thumb Code   124  queue.o(i.prvCopyDataToQueue)
    i.prvDeleteTCB                           0x08002e8a   Section        0  tasks.o(i.prvDeleteTCB)
    prvDeleteTCB                             0x08002e8b   Thumb Code    18  tasks.o(i.prvDeleteTCB)
    i.prvGetNextExpireTime                   0x08002e9c   Section        0  timers.o(i.prvGetNextExpireTime)
    prvGetNextExpireTime                     0x08002e9d   Thumb Code    36  timers.o(i.prvGetNextExpireTime)
    i.prvHeapInit                            0x08002ec4   Section        0  heap_4.o(i.prvHeapInit)
    prvHeapInit                              0x08002ec5   Thumb Code    98  heap_4.o(i.prvHeapInit)
    i.prvIdleTask                            0x08002f40   Section        0  tasks.o(i.prvIdleTask)
    prvIdleTask                              0x08002f41   Thumb Code    32  tasks.o(i.prvIdleTask)
    i.prvInitialiseNewQueue                  0x08002f68   Section        0  queue.o(i.prvInitialiseNewQueue)
    prvInitialiseNewQueue                    0x08002f69   Thumb Code    46  queue.o(i.prvInitialiseNewQueue)
    i.prvInitialiseNewTask                   0x08002f98   Section        0  tasks.o(i.prvInitialiseNewTask)
    prvInitialiseNewTask                     0x08002f99   Thumb Code   170  tasks.o(i.prvInitialiseNewTask)
    i.prvInitialiseTaskLists                 0x08003068   Section        0  tasks.o(i.prvInitialiseTaskLists)
    prvInitialiseTaskLists                   0x08003069   Thumb Code    70  tasks.o(i.prvInitialiseTaskLists)
    i.prvInsertBlockIntoFreeList             0x080030d0   Section        0  heap_4.o(i.prvInsertBlockIntoFreeList)
    prvInsertBlockIntoFreeList               0x080030d1   Thumb Code    96  heap_4.o(i.prvInsertBlockIntoFreeList)
    i.prvInsertTimerInActiveList             0x08003138   Section        0  timers.o(i.prvInsertTimerInActiveList)
    prvInsertTimerInActiveList               0x08003139   Thumb Code    80  timers.o(i.prvInsertTimerInActiveList)
    i.prvIsQueueEmpty                        0x08003190   Section        0  queue.o(i.prvIsQueueEmpty)
    prvIsQueueEmpty                          0x08003191   Thumb Code    26  queue.o(i.prvIsQueueEmpty)
    i.prvIsQueueFull                         0x080031aa   Section        0  queue.o(i.prvIsQueueFull)
    prvIsQueueFull                           0x080031ab   Thumb Code    30  queue.o(i.prvIsQueueFull)
    i.prvNotifyQueueSetContainer             0x080031c8   Section        0  queue.o(i.prvNotifyQueueSetContainer)
    prvNotifyQueueSetContainer               0x080031c9   Thumb Code   124  queue.o(i.prvNotifyQueueSetContainer)
    i.prvProcessExpiredTimer                 0x08003268   Section        0  timers.o(i.prvProcessExpiredTimer)
    prvProcessExpiredTimer                   0x08003269   Thumb Code    84  timers.o(i.prvProcessExpiredTimer)
    i.prvProcessReceivedCommands             0x080032e8   Section        0  timers.o(i.prvProcessReceivedCommands)
    prvProcessReceivedCommands               0x080032e9   Thumb Code   254  timers.o(i.prvProcessReceivedCommands)
    i.prvProcessTimerOrBlockTask             0x08003414   Section        0  timers.o(i.prvProcessTimerOrBlockTask)
    prvProcessTimerOrBlockTask               0x08003415   Thumb Code   102  timers.o(i.prvProcessTimerOrBlockTask)
    i.prvResetNextTaskUnblockTime            0x08003488   Section        0  tasks.o(i.prvResetNextTaskUnblockTime)
    prvResetNextTaskUnblockTime              0x08003489   Thumb Code    42  tasks.o(i.prvResetNextTaskUnblockTime)
    i.prvSampleTimeNow                       0x080034bc   Section        0  timers.o(i.prvSampleTimeNow)
    prvSampleTimeNow                         0x080034bd   Thumb Code    40  timers.o(i.prvSampleTimeNow)
    i.prvSwitchTimerLists                    0x080034e8   Section        0  timers.o(i.prvSwitchTimerLists)
    prvSwitchTimerLists                      0x080034e9   Thumb Code   140  timers.o(i.prvSwitchTimerLists)
    i.prvTaskExitError                       0x080035a4   Section        0  port.o(i.prvTaskExitError)
    prvTaskExitError                         0x080035a5   Thumb Code    50  port.o(i.prvTaskExitError)
    i.prvTimerTask                           0x08003618   Section        0  timers.o(i.prvTimerTask)
    prvTimerTask                             0x08003619   Thumb Code    26  timers.o(i.prvTimerTask)
    i.prvUnlockQueue                         0x08003632   Section        0  queue.o(i.prvUnlockQueue)
    prvUnlockQueue                           0x08003633   Thumb Code   146  queue.o(i.prvUnlockQueue)
    i.pvPortMalloc                           0x080036c4   Section        0  heap_4.o(i.pvPortMalloc)
    i.pvTaskIncrementMutexHeldCount          0x08003818   Section        0  tasks.o(i.pvTaskIncrementMutexHeldCount)
    i.pxPortInitialiseStack                  0x08003838   Section        0  port.o(i.pxPortInitialiseStack)
    i.rabbit_init                            0x08003864   Section        0  rabbit.o(i.rabbit_init)
    i.remote_control_init                    0x080038c0   Section        0  remote_control.o(i.remote_control_init)
    i.shoot_task                             0x080038d4   Section        0  shoot.o(i.shoot_task)
    i.shoot_task_start                       0x08003b44   Section        0  rabbit.o(i.shoot_task_start)
    i.start_task                             0x08003b70   Section        0  rabbit.o(i.start_task)
    i.uxListRemove                           0x08003b90   Section        0  list.o(i.uxListRemove)
    i.vListInitialise                        0x08003bb8   Section        0  list.o(i.vListInitialise)
    i.vListInitialiseItem                    0x08003bd2   Section        0  list.o(i.vListInitialiseItem)
    i.vListInsert                            0x08003bd8   Section        0  list.o(i.vListInsert)
    i.vListInsertEnd                         0x08003c0c   Section        0  list.o(i.vListInsertEnd)
    i.vPortEnterCritical                     0x08003c24   Section        0  port.o(i.vPortEnterCritical)
    i.vPortExitCritical                      0x08003cac   Section        0  port.o(i.vPortExitCritical)
    i.vPortFree                              0x08003d1c   Section        0  heap_4.o(i.vPortFree)
    i.vPortSetupTimerInterrupt               0x08003dd4   Section        0  port.o(i.vPortSetupTimerInterrupt)
    i.vPortValidateInterruptPriority         0x08003df4   Section        0  port.o(i.vPortValidateInterruptPriority)
    i.vQueueAddToRegistry                    0x08003e94   Section        0  queue.o(i.vQueueAddToRegistry)
    i.vQueueWaitForMessageRestricted         0x08003ec0   Section        0  queue.o(i.vQueueWaitForMessageRestricted)
    i.vTaskDelay                             0x08003f0c   Section        0  tasks.o(i.vTaskDelay)
    i.vTaskDelete                            0x08003f80   Section        0  tasks.o(i.vTaskDelete)
    i.vTaskMissedYield                       0x0800408c   Section        0  tasks.o(i.vTaskMissedYield)
    i.vTaskPlaceOnEventList                  0x08004098   Section        0  tasks.o(i.vTaskPlaceOnEventList)
    i.vTaskPlaceOnEventListRestricted        0x080040ec   Section        0  tasks.o(i.vTaskPlaceOnEventListRestricted)
    i.vTaskPriorityInherit                   0x08004148   Section        0  tasks.o(i.vTaskPriorityInherit)
    i.vTaskSetTimeOutState                   0x080041f8   Section        0  tasks.o(i.vTaskSetTimeOutState)
    i.vTaskStartScheduler                    0x08004244   Section        0  tasks.o(i.vTaskStartScheduler)
    i.vTaskSuspendAll                        0x080042f0   Section        0  tasks.o(i.vTaskSuspendAll)
    i.vTaskSwitchContext                     0x08004300   Section        0  tasks.o(i.vTaskSwitchContext)
    i.xPortStartScheduler                    0x080043a8   Section        0  port.o(i.xPortStartScheduler)
    i.xPortSysTickHandler                    0x08004504   Section        0  port.o(i.xPortSysTickHandler)
    i.xQueueGenericCreate                    0x08004538   Section        0  queue.o(i.xQueueGenericCreate)
    i.xQueueGenericReceive                   0x080045ac   Section        0  queue.o(i.xQueueGenericReceive)
    i.xQueueGenericReset                     0x08004774   Section        0  queue.o(i.xQueueGenericReset)
    i.xQueueGenericSend                      0x08004824   Section        0  queue.o(i.xQueueGenericSend)
    i.xQueueGenericSendFromISR               0x080049e8   Section        0  queue.o(i.xQueueGenericSendFromISR)
    i.xTaskCheckForTimeOut                   0x08004af8   Section        0  tasks.o(i.xTaskCheckForTimeOut)
    i.xTaskCreate                            0x08004b98   Section        0  tasks.o(i.xTaskCreate)
    i.xTaskGetSchedulerState                 0x08004bf8   Section        0  tasks.o(i.xTaskGetSchedulerState)
    i.xTaskGetTickCount                      0x08004c18   Section        0  tasks.o(i.xTaskGetTickCount)
    i.xTaskIncrementTick                     0x08004c24   Section        0  tasks.o(i.xTaskIncrementTick)
    i.xTaskPriorityDisinherit                0x08004d84   Section        0  tasks.o(i.xTaskPriorityDisinherit)
    i.xTaskRemoveFromEventList               0x08004e5c   Section        0  tasks.o(i.xTaskRemoveFromEventList)
    i.xTaskResumeAll                         0x08004f10   Section        0  tasks.o(i.xTaskResumeAll)
    i.xTimerCreateTimerTask                  0x08005030   Section        0  timers.o(i.xTimerCreateTimerTask)
    i.xTimerGenericCommand                   0x080050a4   Section        0  timers.o(i.xTimerGenericCommand)
    .data                                    0x20000000   Section       20  system_stm32f4xx.o(.data)
    .data                                    0x20000014   Section       16  stm32f4xx_rcc.o(.data)
    APBAHBPrescTable                         0x20000014   Data          16  stm32f4xx_rcc.o(.data)
    .data                                    0x20000024   Section       60  tasks.o(.data)
    pxDelayedTaskList                        0x20000028   Data           4  tasks.o(.data)
    pxOverflowDelayedTaskList                0x2000002c   Data           4  tasks.o(.data)
    uxDeletedTasksWaitingCleanUp             0x20000030   Data           4  tasks.o(.data)
    uxCurrentNumberOfTasks                   0x20000034   Data           4  tasks.o(.data)
    xTickCount                               0x20000038   Data           4  tasks.o(.data)
    uxTopReadyPriority                       0x2000003c   Data           4  tasks.o(.data)
    xSchedulerRunning                        0x20000040   Data           4  tasks.o(.data)
    uxPendedTicks                            0x20000044   Data           4  tasks.o(.data)
    xYieldPending                            0x20000048   Data           4  tasks.o(.data)
    xNumOfOverflows                          0x2000004c   Data           4  tasks.o(.data)
    uxTaskNumber                             0x20000050   Data           4  tasks.o(.data)
    xNextTaskUnblockTime                     0x20000054   Data           4  tasks.o(.data)
    xIdleTaskHandle                          0x20000058   Data           4  tasks.o(.data)
    uxSchedulerSuspended                     0x2000005c   Data           4  tasks.o(.data)
    .data                                    0x20000060   Section       20  timers.o(.data)
    pxCurrentTimerList                       0x20000060   Data           4  timers.o(.data)
    pxOverflowTimerList                      0x20000064   Data           4  timers.o(.data)
    xTimerQueue                              0x20000068   Data           4  timers.o(.data)
    xTimerTaskHandle                         0x2000006c   Data           4  timers.o(.data)
    xLastTime                                0x20000070   Data           4  timers.o(.data)
    .data                                    0x20000074   Section       24  heap_4.o(.data)
    xStart                                   0x20000074   Data           8  heap_4.o(.data)
    pxEnd                                    0x2000007c   Data           4  heap_4.o(.data)
    xFreeBytesRemaining                      0x20000080   Data           4  heap_4.o(.data)
    xMinimumEverFreeBytesRemaining           0x20000084   Data           4  heap_4.o(.data)
    xBlockAllocatedBit                       0x20000088   Data           4  heap_4.o(.data)
    .data                                    0x2000008c   Section       12  port.o(.data)
    uxCriticalNesting                        0x2000008c   Data           4  port.o(.data)
    ucMaxSysCallPriority                     0x20000090   Data           1  port.o(.data)
    ulMaxPRIGROUPValue                       0x20000094   Data           4  port.o(.data)
    .data                                    0x20000098   Section        4  delay.o(.data)
    fac_us                                   0x20000098   Data           1  delay.o(.data)
    fac_ms                                   0x2000009a   Data           2  delay.o(.data)
    .data                                    0x2000009c   Section       12  usart.o(.data)
    i                                        0x200000a4   Data           4  usart.o(.data)
    .data                                    0x200000a8   Section       65  shoot.o(.data)
    .data                                    0x200000ec   Section      112  rabbit.o(.data)
    StartTask_Handler                        0x200000ec   Data           4  rabbit.o(.data)
    ChssisTask_Handler                       0x200000f0   Data           4  rabbit.o(.data)
    ShootTask_Handler                        0x200000f4   Data           4  rabbit.o(.data)
    ClampingTask_Handler                     0x200000f8   Data           4  rabbit.o(.data)
    .data                                    0x2000015c   Section        2  remote_control.o(.data)
    this_time_rx_len                         0x2000015c   Data           2  remote_control.o(.data)
    .data                                    0x20000160   Section        4  stdout.o(.data)
    .bss                                     0x20000164   Section       64  queue.o(.bss)
    .bss                                     0x200001a4   Section      740  tasks.o(.bss)
    pxReadyTasksLists                        0x200001a4   Data         640  tasks.o(.bss)
    xDelayedTaskList1                        0x20000424   Data          20  tasks.o(.bss)
    xDelayedTaskList2                        0x20000438   Data          20  tasks.o(.bss)
    xPendingReadyList                        0x2000044c   Data          20  tasks.o(.bss)
    xTasksWaitingTermination                 0x20000460   Data          20  tasks.o(.bss)
    xSuspendedTaskList                       0x20000474   Data          20  tasks.o(.bss)
    .bss                                     0x20000488   Section       40  timers.o(.bss)
    xActiveTimerList1                        0x20000488   Data          20  timers.o(.bss)
    xActiveTimerList2                        0x2000049c   Data          20  timers.o(.bss)
    .bss                                     0x200004b0   Section    20480  heap_4.o(.bss)
    ucHeap                                   0x200004b0   Data       20480  heap_4.o(.bss)
    .bss                                     0x200054b0   Section       20  usart.o(.bss)
    .bss                                     0x200054c4   Section      908  rabbit.o(.bss)
    SBUS_rx_buf                              0x200054c4   Data          72  rabbit.o(.bss)
    .bss                                     0x20005850   Section      112  motor_feedback.o(.bss)
    SBUS_rx_buf                              0x20005850   Data          72  motor_feedback.o(.bss)
    .bss                                     0x200058c0   Section      124  remote_control.o(.bss)
    SBUS_rx_buf                              0x200058c0   Data          72  remote_control.o(.bss)
    STACK                                    0x20005940   Section     1024  startup_stm32f40_41xxx.o(STACK)

    Global Symbols

    Symbol Name                              Value     Ov Type        Size  Object(Section)

    BuildAttributes$$THM_ISAv4$E$P$D$K$B$S$7EM$VFPi3$EXTD16$VFPS$VFMA$PE$A:L22UL41UL21$X:L11$S22US41US21$IEEE1$IW$USESV6$~STKCKD$USESV7$~SHL$OTIME$ROPI$IEEEX$EBA8$MICROLIB$REQ8$PRES8$EABIv2 0x00000000   Number         0  anon$$obj.o ABSOLUTE
    __ARM_use_no_argv                        0x00000000   Number         0  main.o ABSOLUTE
    _printf_a                                0x00000000   Number         0  stubs.o ABSOLUTE
    _printf_c                                0x00000000   Number         0  stubs.o ABSOLUTE
    _printf_charcount                        0x00000000   Number         0  stubs.o ABSOLUTE
    _printf_d                                0x00000000   Number         0  stubs.o ABSOLUTE
    _printf_e                                0x00000000   Number         0  stubs.o ABSOLUTE
    _printf_f                                0x00000000   Number         0  stubs.o ABSOLUTE
    _printf_flags                            0x00000000   Number         0  stubs.o ABSOLUTE
    _printf_fp_dec                           0x00000000   Number         0  stubs.o ABSOLUTE
    _printf_fp_hex                           0x00000000   Number         0  stubs.o ABSOLUTE
    _printf_g                                0x00000000   Number         0  stubs.o ABSOLUTE
    _printf_i                                0x00000000   Number         0  stubs.o ABSOLUTE
    _printf_int_dec                          0x00000000   Number         0  stubs.o ABSOLUTE
    _printf_l                                0x00000000   Number         0  stubs.o ABSOLUTE
    _printf_lc                               0x00000000   Number         0  stubs.o ABSOLUTE
    _printf_ll                               0x00000000   Number         0  stubs.o ABSOLUTE
    _printf_lld                              0x00000000   Number         0  stubs.o ABSOLUTE
    _printf_lli                              0x00000000   Number         0  stubs.o ABSOLUTE
    _printf_llo                              0x00000000   Number         0  stubs.o ABSOLUTE
    _printf_llu                              0x00000000   Number         0  stubs.o ABSOLUTE
    _printf_llx                              0x00000000   Number         0  stubs.o ABSOLUTE
    _printf_longlong_dec                     0x00000000   Number         0  stubs.o ABSOLUTE
    _printf_longlong_hex                     0x00000000   Number         0  stubs.o ABSOLUTE
    _printf_longlong_oct                     0x00000000   Number         0  stubs.o ABSOLUTE
    _printf_ls                               0x00000000   Number         0  stubs.o ABSOLUTE
    _printf_mbtowc                           0x00000000   Number         0  stubs.o ABSOLUTE
    _printf_n                                0x00000000   Number         0  stubs.o ABSOLUTE
    _printf_o                                0x00000000   Number         0  stubs.o ABSOLUTE
    _printf_p                                0x00000000   Number         0  stubs.o ABSOLUTE
    _printf_percent                          0x00000000   Number         0  stubs.o ABSOLUTE
    _printf_pre_padding                      0x00000000   Number         0  stubs.o ABSOLUTE
    _printf_return_value                     0x00000000   Number         0  stubs.o ABSOLUTE
    _printf_s                                0x00000000   Number         0  stubs.o ABSOLUTE
    _printf_sizespec                         0x00000000   Number         0  stubs.o ABSOLUTE
    _printf_str                              0x00000000   Number         0  stubs.o ABSOLUTE
    _printf_truncate_signed                  0x00000000   Number         0  stubs.o ABSOLUTE
    _printf_truncate_unsigned                0x00000000   Number         0  stubs.o ABSOLUTE
    _printf_u                                0x00000000   Number         0  stubs.o ABSOLUTE
    _printf_wc                               0x00000000   Number         0  stubs.o ABSOLUTE
    _printf_wctomb                           0x00000000   Number         0  stubs.o ABSOLUTE
    _printf_widthprec                        0x00000000   Number         0  stubs.o ABSOLUTE
    _printf_x                                0x00000000   Number         0  stubs.o ABSOLUTE
    __arm_fini_                               - Undefined Weak Reference
    __cpp_initialize__aeabi_                  - Undefined Weak Reference
    __cxa_finalize                            - Undefined Weak Reference
    _clock_init                               - Undefined Weak Reference
    _microlib_exit                            - Undefined Weak Reference
    __Vectors_Size                           0x00000188   Number         0  startup_stm32f40_41xxx.o ABSOLUTE
    __Vectors                                0x08000000   Data           4  startup_stm32f40_41xxx.o(RESET)
    __Vectors_End                            0x08000188   Data           0  startup_stm32f40_41xxx.o(RESET)
    __main                                   0x08000189   Thumb Code     0  entry.o(.ARM.Collect$$$$00000000)
    _main_stk                                0x08000189   Thumb Code     0  entry2.o(.ARM.Collect$$$$00000001)
    _main_scatterload                        0x0800018d   Thumb Code     0  entry5.o(.ARM.Collect$$$$00000004)
    __main_after_scatterload                 0x08000191   Thumb Code     0  entry5.o(.ARM.Collect$$$$00000004)
    _main_clock                              0x08000191   Thumb Code     0  entry7b.o(.ARM.Collect$$$$00000008)
    _main_cpp_init                           0x08000191   Thumb Code     0  entry8b.o(.ARM.Collect$$$$0000000A)
    _main_init                               0x08000191   Thumb Code     0  entry9a.o(.ARM.Collect$$$$0000000B)
    __rt_lib_shutdown_fini                   0x08000199   Thumb Code     0  entry12b.o(.ARM.Collect$$$$0000000E)
    __rt_final_cpp                           0x0800019d   Thumb Code     0  entry10a.o(.ARM.Collect$$$$0000000F)
    __rt_final_exit                          0x0800019d   Thumb Code     0  entry11a.o(.ARM.Collect$$$$00000011)
    SVC_Handler                              0x080001a1   Thumb Code    28  port.o(.emb_text)
    __asm___6_port_c_39a90d8d__prvStartFirstTask 0x080001c1   Thumb Code    28  port.o(.emb_text)
    __asm___6_port_c_39a90d8d__prvEnableVFP  0x080001e1   Thumb Code    16  port.o(.emb_text)
    PendSV_Handler                           0x080001f5   Thumb Code    88  port.o(.emb_text)
    vPortGetIPSR                             0x08000251   Thumb Code     6  port.o(.emb_text)
    Reset_Handler                            0x08000259   Thumb Code     8  startup_stm32f40_41xxx.o(.text)
    ADC_IRQHandler                           0x08000273   Thumb Code     0  startup_stm32f40_41xxx.o(.text)
    CAN1_RX1_IRQHandler                      0x08000273   Thumb Code     0  startup_stm32f40_41xxx.o(.text)
    CAN1_SCE_IRQHandler                      0x08000273   Thumb Code     0  startup_stm32f40_41xxx.o(.text)
    CAN1_TX_IRQHandler                       0x08000273   Thumb Code     0  startup_stm32f40_41xxx.o(.text)
    CAN2_RX0_IRQHandler                      0x08000273   Thumb Code     0  startup_stm32f40_41xxx.o(.text)
    CAN2_SCE_IRQHandler                      0x08000273   Thumb Code     0  startup_stm32f40_41xxx.o(.text)
    CAN2_TX_IRQHandler                       0x08000273   Thumb Code     0  startup_stm32f40_41xxx.o(.text)
    CRYP_IRQHandler                          0x08000273   Thumb Code     0  startup_stm32f40_41xxx.o(.text)
    DCMI_IRQHandler                          0x08000273   Thumb Code     0  startup_stm32f40_41xxx.o(.text)
    DMA1_Stream0_IRQHandler                  0x08000273   Thumb Code     0  startup_stm32f40_41xxx.o(.text)
    DMA1_Stream1_IRQHandler                  0x08000273   Thumb Code     0  startup_stm32f40_41xxx.o(.text)
    DMA1_Stream2_IRQHandler                  0x08000273   Thumb Code     0  startup_stm32f40_41xxx.o(.text)
    DMA1_Stream3_IRQHandler                  0x08000273   Thumb Code     0  startup_stm32f40_41xxx.o(.text)
    DMA1_Stream4_IRQHandler                  0x08000273   Thumb Code     0  startup_stm32f40_41xxx.o(.text)
    DMA1_Stream5_IRQHandler                  0x08000273   Thumb Code     0  startup_stm32f40_41xxx.o(.text)
    DMA1_Stream6_IRQHandler                  0x08000273   Thumb Code     0  startup_stm32f40_41xxx.o(.text)
    DMA1_Stream7_IRQHandler                  0x08000273   Thumb Code     0  startup_stm32f40_41xxx.o(.text)
    DMA2_Stream0_IRQHandler                  0x08000273   Thumb Code     0  startup_stm32f40_41xxx.o(.text)
    DMA2_Stream1_IRQHandler                  0x08000273   Thumb Code     0  startup_stm32f40_41xxx.o(.text)
    DMA2_Stream2_IRQHandler                  0x08000273   Thumb Code     0  startup_stm32f40_41xxx.o(.text)
    DMA2_Stream3_IRQHandler                  0x08000273   Thumb Code     0  startup_stm32f40_41xxx.o(.text)
    DMA2_Stream4_IRQHandler                  0x08000273   Thumb Code     0  startup_stm32f40_41xxx.o(.text)
    DMA2_Stream5_IRQHandler                  0x08000273   Thumb Code     0  startup_stm32f40_41xxx.o(.text)
    DMA2_Stream6_IRQHandler                  0x08000273   Thumb Code     0  startup_stm32f40_41xxx.o(.text)
    DMA2_Stream7_IRQHandler                  0x08000273   Thumb Code     0  startup_stm32f40_41xxx.o(.text)
    ETH_IRQHandler                           0x08000273   Thumb Code     0  startup_stm32f40_41xxx.o(.text)
    ETH_WKUP_IRQHandler                      0x08000273   Thumb Code     0  startup_stm32f40_41xxx.o(.text)
    EXTI0_IRQHandler                         0x08000273   Thumb Code     0  startup_stm32f40_41xxx.o(.text)
    EXTI15_10_IRQHandler                     0x08000273   Thumb Code     0  startup_stm32f40_41xxx.o(.text)
    EXTI1_IRQHandler                         0x08000273   Thumb Code     0  startup_stm32f40_41xxx.o(.text)
    EXTI2_IRQHandler                         0x08000273   Thumb Code     0  startup_stm32f40_41xxx.o(.text)
    EXTI3_IRQHandler                         0x08000273   Thumb Code     0  startup_stm32f40_41xxx.o(.text)
    EXTI4_IRQHandler                         0x08000273   Thumb Code     0  startup_stm32f40_41xxx.o(.text)
    EXTI9_5_IRQHandler                       0x08000273   Thumb Code     0  startup_stm32f40_41xxx.o(.text)
    FLASH_IRQHandler                         0x08000273   Thumb Code     0  startup_stm32f40_41xxx.o(.text)
    FPU_IRQHandler                           0x08000273   Thumb Code     0  startup_stm32f40_41xxx.o(.text)
    FSMC_IRQHandler                          0x08000273   Thumb Code     0  startup_stm32f40_41xxx.o(.text)
    HASH_RNG_IRQHandler                      0x08000273   Thumb Code     0  startup_stm32f40_41xxx.o(.text)
    I2C1_ER_IRQHandler                       0x08000273   Thumb Code     0  startup_stm32f40_41xxx.o(.text)
    I2C1_EV_IRQHandler                       0x08000273   Thumb Code     0  startup_stm32f40_41xxx.o(.text)
    I2C2_ER_IRQHandler                       0x08000273   Thumb Code     0  startup_stm32f40_41xxx.o(.text)
    I2C2_EV_IRQHandler                       0x08000273   Thumb Code     0  startup_stm32f40_41xxx.o(.text)
    I2C3_ER_IRQHandler                       0x08000273   Thumb Code     0  startup_stm32f40_41xxx.o(.text)
    I2C3_EV_IRQHandler                       0x08000273   Thumb Code     0  startup_stm32f40_41xxx.o(.text)
    OTG_FS_IRQHandler                        0x08000273   Thumb Code     0  startup_stm32f40_41xxx.o(.text)
    OTG_FS_WKUP_IRQHandler                   0x08000273   Thumb Code     0  startup_stm32f40_41xxx.o(.text)
    OTG_HS_EP1_IN_IRQHandler                 0x08000273   Thumb Code     0  startup_stm32f40_41xxx.o(.text)
    OTG_HS_EP1_OUT_IRQHandler                0x08000273   Thumb Code     0  startup_stm32f40_41xxx.o(.text)
    OTG_HS_IRQHandler                        0x08000273   Thumb Code     0  startup_stm32f40_41xxx.o(.text)
    OTG_HS_WKUP_IRQHandler                   0x08000273   Thumb Code     0  startup_stm32f40_41xxx.o(.text)
    PVD_IRQHandler                           0x08000273   Thumb Code     0  startup_stm32f40_41xxx.o(.text)
    RCC_IRQHandler                           0x08000273   Thumb Code     0  startup_stm32f40_41xxx.o(.text)
    RTC_Alarm_IRQHandler                     0x08000273   Thumb Code     0  startup_stm32f40_41xxx.o(.text)
    RTC_WKUP_IRQHandler                      0x08000273   Thumb Code     0  startup_stm32f40_41xxx.o(.text)
    SDIO_IRQHandler                          0x08000273   Thumb Code     0  startup_stm32f40_41xxx.o(.text)
    SPI1_IRQHandler                          0x08000273   Thumb Code     0  startup_stm32f40_41xxx.o(.text)
    SPI2_IRQHandler                          0x08000273   Thumb Code     0  startup_stm32f40_41xxx.o(.text)
    SPI3_IRQHandler                          0x08000273   Thumb Code     0  startup_stm32f40_41xxx.o(.text)
    TAMP_STAMP_IRQHandler                    0x08000273   Thumb Code     0  startup_stm32f40_41xxx.o(.text)
    TIM1_BRK_TIM9_IRQHandler                 0x08000273   Thumb Code     0  startup_stm32f40_41xxx.o(.text)
    TIM1_CC_IRQHandler                       0x08000273   Thumb Code     0  startup_stm32f40_41xxx.o(.text)
    TIM1_TRG_COM_TIM11_IRQHandler            0x08000273   Thumb Code     0  startup_stm32f40_41xxx.o(.text)
    TIM1_UP_TIM10_IRQHandler                 0x08000273   Thumb Code     0  startup_stm32f40_41xxx.o(.text)
    TIM2_IRQHandler                          0x08000273   Thumb Code     0  startup_stm32f40_41xxx.o(.text)
    TIM4_IRQHandler                          0x08000273   Thumb Code     0  startup_stm32f40_41xxx.o(.text)
    TIM5_IRQHandler                          0x08000273   Thumb Code     0  startup_stm32f40_41xxx.o(.text)
    TIM6_DAC_IRQHandler                      0x08000273   Thumb Code     0  startup_stm32f40_41xxx.o(.text)
    TIM7_IRQHandler                          0x08000273   Thumb Code     0  startup_stm32f40_41xxx.o(.text)
    TIM8_BRK_TIM12_IRQHandler                0x08000273   Thumb Code     0  startup_stm32f40_41xxx.o(.text)
    TIM8_CC_IRQHandler                       0x08000273   Thumb Code     0  startup_stm32f40_41xxx.o(.text)
    TIM8_TRG_COM_TIM14_IRQHandler            0x08000273   Thumb Code     0  startup_stm32f40_41xxx.o(.text)
    TIM8_UP_TIM13_IRQHandler                 0x08000273   Thumb Code     0  startup_stm32f40_41xxx.o(.text)
    UART4_IRQHandler                         0x08000273   Thumb Code     0  startup_stm32f40_41xxx.o(.text)
    UART5_IRQHandler                         0x08000273   Thumb Code     0  startup_stm32f40_41xxx.o(.text)
    USART2_IRQHandler                        0x08000273   Thumb Code     0  startup_stm32f40_41xxx.o(.text)
    USART6_IRQHandler                        0x08000273   Thumb Code     0  startup_stm32f40_41xxx.o(.text)
    WWDG_IRQHandler                          0x08000273   Thumb Code     0  startup_stm32f40_41xxx.o(.text)
    __aeabi_memcpy                           0x0800027d   Thumb Code    36  memcpya.o(.text)
    __aeabi_memcpy4                          0x0800027d   Thumb Code     0  memcpya.o(.text)
    __aeabi_memcpy8                          0x0800027d   Thumb Code     0  memcpya.o(.text)
    __aeabi_memset                           0x080002a1   Thumb Code    14  memseta.o(.text)
    __aeabi_memset4                          0x080002a1   Thumb Code     0  memseta.o(.text)
    __aeabi_memset8                          0x080002a1   Thumb Code     0  memseta.o(.text)
    __aeabi_memclr                           0x080002af   Thumb Code     4  memseta.o(.text)
    __aeabi_memclr4                          0x080002af   Thumb Code     0  memseta.o(.text)
    __aeabi_memclr8                          0x080002af   Thumb Code     0  memseta.o(.text)
    _memset$wrapper                          0x080002b3   Thumb Code    18  memseta.o(.text)
    __aeabi_dadd                             0x080002c5   Thumb Code   322  dadd.o(.text)
    __aeabi_dsub                             0x08000407   Thumb Code     6  dadd.o(.text)
    __aeabi_drsub                            0x0800040d   Thumb Code     6  dadd.o(.text)
    __aeabi_dmul                             0x08000413   Thumb Code   228  dmul.o(.text)
    __aeabi_ddiv                             0x080004f7   Thumb Code   222  ddiv.o(.text)
    __aeabi_i2d                              0x080005d5   Thumb Code    34  dflti.o(.text)
    __aeabi_d2iz                             0x080005f7   Thumb Code    62  dfixi.o(.text)
    __aeabi_cdcmpeq                          0x08000635   Thumb Code     0  cdcmple.o(.text)
    __aeabi_cdcmple                          0x08000635   Thumb Code    48  cdcmple.o(.text)
    __aeabi_uidiv                            0x08000665   Thumb Code     0  uidiv.o(.text)
    __aeabi_uidivmod                         0x08000665   Thumb Code    44  uidiv.o(.text)
    __aeabi_llsl                             0x08000691   Thumb Code    30  llshl.o(.text)
    _ll_shift_l                              0x08000691   Thumb Code     0  llshl.o(.text)
    __aeabi_llsr                             0x080006af   Thumb Code    32  llushr.o(.text)
    _ll_ushift_r                             0x080006af   Thumb Code     0  llushr.o(.text)
    __aeabi_lasr                             0x080006cf   Thumb Code    36  llsshr.o(.text)
    _ll_sshift_r                             0x080006cf   Thumb Code     0  llsshr.o(.text)
    __I$use$fp                               0x080006f3   Thumb Code     0  iusefp.o(.text)
    _double_round                            0x080006f3   Thumb Code    30  depilogue.o(.text)
    _double_epilogue                         0x08000711   Thumb Code   156  depilogue.o(.text)
    __scatterload                            0x080007ad   Thumb Code    28  init.o(.text)
    __scatterload_rt2                        0x080007ad   Thumb Code     0  init.o(.text)
    __I$use$semihosting$fputc                0x080007d1   Thumb Code     0  iusesemip.o(.text)
    __decompress                             0x080007d1   Thumb Code     0  __dczerorl2.o(.text)
    __decompress1                            0x080007d1   Thumb Code    86  __dczerorl2.o(.text)
    __semihosting_library_function           0x080007d1   Thumb Code     0  semi.o(.text)
    BusFault_Handler                         0x08000827   Thumb Code     4  stm32f4xx_it.o(i.BusFault_Handler)
    CAN1_Mode_Init                           0x0800082d   Thumb Code   248  can.o(i.CAN1_Mode_Init)
    CAN1_RX0_IRQHandler                      0x0800092d   Thumb Code   700  motor_feedback.o(i.CAN1_RX0_IRQHandler)
    CAN2_Mode_Init                           0x08000bf5   Thumb Code   248  can.o(i.CAN2_Mode_Init)
    CAN2_RX1_IRQHandler                      0x08000cf5   Thumb Code   528  motor_feedback.o(i.CAN2_RX1_IRQHandler)
    CAN_FilterInit                           0x08000f11   Thumb Code   258  stm32f4xx_can.o(i.CAN_FilterInit)
    CAN_ITConfig                             0x08001019   Thumb Code    18  stm32f4xx_can.o(i.CAN_ITConfig)
    CAN_Init                                 0x0800102b   Thumb Code   276  stm32f4xx_can.o(i.CAN_Init)
    CAN_Receive                              0x0800113f   Thumb Code   240  stm32f4xx_can.o(i.CAN_Receive)
    CAN_Transmit                             0x0800122f   Thumb Code   294  stm32f4xx_can.o(i.CAN_Transmit)
    DMA_ClearFlag                            0x08001355   Thumb Code    38  stm32f4xx_dma.o(i.DMA_ClearFlag)
    DMA_Cmd                                  0x08001389   Thumb Code    22  stm32f4xx_dma.o(i.DMA_Cmd)
    DMA_DeInit                               0x080013a1   Thumb Code   324  stm32f4xx_dma.o(i.DMA_DeInit)
    DMA_DoubleBufferModeCmd                  0x080014f9   Thumb Code    22  stm32f4xx_dma.o(i.DMA_DoubleBufferModeCmd)
    DMA_DoubleBufferModeConfig               0x0800150f   Thumb Code    24  stm32f4xx_dma.o(i.DMA_DoubleBufferModeConfig)
    DMA_GetCurrDataCounter                   0x08001527   Thumb Code     8  stm32f4xx_dma.o(i.DMA_GetCurrDataCounter)
    DMA_GetCurrentMemoryTarget               0x0800152f   Thumb Code    20  stm32f4xx_dma.o(i.DMA_GetCurrentMemoryTarget)
    DMA_Init                                 0x08001545   Thumb Code    82  stm32f4xx_dma.o(i.DMA_Init)
    DMA_SetCurrDataCounter                   0x0800159d   Thumb Code     4  stm32f4xx_dma.o(i.DMA_SetCurrDataCounter)
    DebugMon_Handler                         0x080015a1   Thumb Code     2  stm32f4xx_it.o(i.DebugMon_Handler)
    FreeRtos_start                           0x080015a5   Thumb Code    28  rabbit.o(i.FreeRtos_start)
    GPIO_Init                                0x080015d5   Thumb Code   144  stm32f4xx_gpio.o(i.GPIO_Init)
    GPIO_PinAFConfig                         0x08001665   Thumb Code    70  stm32f4xx_gpio.o(i.GPIO_PinAFConfig)
    GPIO_SetBits                             0x080016ab   Thumb Code     4  stm32f4xx_gpio.o(i.GPIO_SetBits)
    HardFault_Handler                        0x080016af   Thumb Code     4  stm32f4xx_it.o(i.HardFault_Handler)
    MemManage_Handler                        0x080016b3   Thumb Code     4  stm32f4xx_it.o(i.MemManage_Handler)
    NMI_Handler                              0x080016b7   Thumb Code     2  stm32f4xx_it.o(i.NMI_Handler)
    NVIC_Init                                0x080016b9   Thumb Code   106  misc.o(i.NVIC_Init)
    NVIC_PriorityGroupConfig                 0x08001731   Thumb Code    10  misc.o(i.NVIC_PriorityGroupConfig)
    PID_calc                                 0x08001745   Thumb Code   558  pid.o(i.PID_calc)
    PID_init                                 0x08001979   Thumb Code    76  pid.o(i.PID_init)
    RCC_AHB1PeriphClockCmd                   0x080019c9   Thumb Code    26  stm32f4xx_rcc.o(i.RCC_AHB1PeriphClockCmd)
    RCC_APB1PeriphClockCmd                   0x080019e9   Thumb Code    26  stm32f4xx_rcc.o(i.RCC_APB1PeriphClockCmd)
    RCC_APB1PeriphResetCmd                   0x08001a09   Thumb Code    26  stm32f4xx_rcc.o(i.RCC_APB1PeriphResetCmd)
    RCC_APB2PeriphResetCmd                   0x08001a29   Thumb Code    26  stm32f4xx_rcc.o(i.RCC_APB2PeriphResetCmd)
    RCC_GetClocksFreq                        0x08001a49   Thumb Code   214  stm32f4xx_rcc.o(i.RCC_GetClocksFreq)
    RC_Init                                  0x08001b31   Thumb Code   322  rc.o(i.RC_Init)
    SysTick_CLKSourceConfig                  0x08001e6d   Thumb Code    40  misc.o(i.SysTick_CLKSourceConfig)
    SysTick_Handler                          0x08001e95   Thumb Code    16  delay.o(i.SysTick_Handler)
    SystemInit                               0x08001ea5   Thumb Code    88  system_stm32f4xx.o(i.SystemInit)
    TIM3_IRQHandler                          0x08001f0d   Thumb Code    20  timer.o(i.TIM3_IRQHandler)
    TIM3_Int_Init                            0x08001f25   Thumb Code    88  timer.o(i.TIM3_Int_Init)
    TIM5_PWM_Init                            0x08001f81   Thumb Code   190  timer.o(i.TIM5_PWM_Init)
    TIM_ARRPreloadConfig                     0x08002049   Thumb Code    24  stm32f4xx_tim.o(i.TIM_ARRPreloadConfig)
    TIM_ClearITPendingBit                    0x08002061   Thumb Code     6  stm32f4xx_tim.o(i.TIM_ClearITPendingBit)
    TIM_Cmd                                  0x08002067   Thumb Code    24  stm32f4xx_tim.o(i.TIM_Cmd)
    TIM_GetITStatus                          0x0800207f   Thumb Code    34  stm32f4xx_tim.o(i.TIM_GetITStatus)
    TIM_ITConfig                             0x080020a1   Thumb Code    18  stm32f4xx_tim.o(i.TIM_ITConfig)
    TIM_OC1Init                              0x080020b5   Thumb Code   114  stm32f4xx_tim.o(i.TIM_OC1Init)
    TIM_OC1PreloadConfig                     0x08002131   Thumb Code    18  stm32f4xx_tim.o(i.TIM_OC1PreloadConfig)
    TIM_OC2Init                              0x08002145   Thumb Code   154  stm32f4xx_tim.o(i.TIM_OC2Init)
    TIM_OC2PreloadConfig                     0x080021e9   Thumb Code    26  stm32f4xx_tim.o(i.TIM_OC2PreloadConfig)
    TIM_SetCompare1                          0x08002203   Thumb Code     4  stm32f4xx_tim.o(i.TIM_SetCompare1)
    TIM_SetCompare2                          0x08002207   Thumb Code     4  stm32f4xx_tim.o(i.TIM_SetCompare2)
    TIM_TimeBaseInit                         0x0800220d   Thumb Code   104  stm32f4xx_tim.o(i.TIM_TimeBaseInit)
    USART1_IRQHandler                        0x08002291   Thumb Code    68  usart.o(i.USART1_IRQHandler)
    USART3_IRQHandler                        0x080022e9   Thumb Code   222  remote_control.o(i.USART3_IRQHandler)
    USART_ClearFlag                          0x080023e1   Thumb Code    18  stm32f4xx_usart.o(i.USART_ClearFlag)
    USART_ClearITPendingBit                  0x080023f3   Thumb Code    30  stm32f4xx_usart.o(i.USART_ClearITPendingBit)
    USART_Cmd                                0x08002411   Thumb Code    24  stm32f4xx_usart.o(i.USART_Cmd)
    USART_DMACmd                             0x08002429   Thumb Code    18  stm32f4xx_usart.o(i.USART_DMACmd)
    USART_DeInit                             0x0800243d   Thumb Code   206  stm32f4xx_usart.o(i.USART_DeInit)
    USART_GetITStatus                        0x0800252d   Thumb Code    84  stm32f4xx_usart.o(i.USART_GetITStatus)
    USART_ITConfig                           0x08002581   Thumb Code    74  stm32f4xx_usart.o(i.USART_ITConfig)
    USART_Init                               0x080025cd   Thumb Code   204  stm32f4xx_usart.o(i.USART_Init)
    USART_ReceiveData                        0x080026a1   Thumb Code    10  stm32f4xx_usart.o(i.USART_ReceiveData)
    UsageFault_Handler                       0x080026ab   Thumb Code     4  stm32f4xx_it.o(i.UsageFault_Handler)
    __0printf$3                              0x080026b1   Thumb Code    22  printf3.o(i.__0printf$3)
    __1printf$3                              0x080026b1   Thumb Code     0  printf3.o(i.__0printf$3)
    __2printf                                0x080026b1   Thumb Code     0  printf3.o(i.__0printf$3)
    __scatterload_copy                       0x080026d1   Thumb Code    14  handlers.o(i.__scatterload_copy)
    __scatterload_null                       0x080026df   Thumb Code     2  handlers.o(i.__scatterload_null)
    __scatterload_zeroinit                   0x080026e1   Thumb Code    14  handlers.o(i.__scatterload_zeroinit)
    chassis_pid_init                         0x080028a9   Thumb Code   136  rabbit.o(i.chassis_pid_init)
    delay_init                               0x08002931   Thumb Code    58  delay.o(i.delay_init)
    delay_ms                                 0x08002975   Thumb Code    60  delay.o(i.delay_ms)
    delay_us                                 0x080029b5   Thumb Code    68  delay.o(i.delay_us)
    fputc                                    0x080029fd   Thumb Code    18  fputc.o(i.fputc)
    gpio_Init                                0x08002a11   Thumb Code    56  gpio.o(i.gpio_Init)
    loop_loading                             0x08002a4d   Thumb Code   244  shoot.o(i.loop_loading)
    main                                     0x08002b61   Thumb Code    12  main.o(i.main)
    motor_driver_can2                        0x08002b6d   Thumb Code    92  motor_feedback.o(i.motor_driver_can2)
    pvPortMalloc                             0x080036c5   Thumb Code   262  heap_4.o(i.pvPortMalloc)
    pvTaskIncrementMutexHeldCount            0x08003819   Thumb Code    26  tasks.o(i.pvTaskIncrementMutexHeldCount)
    pxPortInitialiseStack                    0x08003839   Thumb Code    38  port.o(i.pxPortInitialiseStack)
    rabbit_init                              0x08003865   Thumb Code    84  rabbit.o(i.rabbit_init)
    remote_control_init                      0x080038c1   Thumb Code    16  remote_control.o(i.remote_control_init)
    shoot_task                               0x080038d5   Thumb Code   534  shoot.o(i.shoot_task)
    shoot_task_start                         0x08003b45   Thumb Code    24  rabbit.o(i.shoot_task_start)
    start_task                               0x08003b71   Thumb Code    26  rabbit.o(i.start_task)
    uxListRemove                             0x08003b91   Thumb Code    40  list.o(i.uxListRemove)
    vListInitialise                          0x08003bb9   Thumb Code    26  list.o(i.vListInitialise)
    vListInitialiseItem                      0x08003bd3   Thumb Code     6  list.o(i.vListInitialiseItem)
    vListInsert                              0x08003bd9   Thumb Code    52  list.o(i.vListInsert)
    vListInsertEnd                           0x08003c0d   Thumb Code    24  list.o(i.vListInsertEnd)
    vPortEnterCritical                       0x08003c25   Thumb Code    68  port.o(i.vPortEnterCritical)
    vPortExitCritical                        0x08003cad   Thumb Code    48  port.o(i.vPortExitCritical)
    vPortFree                                0x08003d1d   Thumb Code   120  heap_4.o(i.vPortFree)
    vPortSetupTimerInterrupt                 0x08003dd5   Thumb Code    26  port.o(i.vPortSetupTimerInterrupt)
    vPortValidateInterruptPriority           0x08003df5   Thumb Code    86  port.o(i.vPortValidateInterruptPriority)
    vQueueAddToRegistry                      0x08003e95   Thumb Code    38  queue.o(i.vQueueAddToRegistry)
    vQueueWaitForMessageRestricted           0x08003ec1   Thumb Code    74  queue.o(i.vQueueWaitForMessageRestricted)
    vTaskDelay                               0x08003f0d   Thumb Code    72  tasks.o(i.vTaskDelay)
    vTaskDelete                              0x08003f81   Thumb Code   192  tasks.o(i.vTaskDelete)
    vTaskMissedYield                         0x0800408d   Thumb Code     8  tasks.o(i.vTaskMissedYield)
    vTaskPlaceOnEventList                    0x08004099   Thumb Code    42  tasks.o(i.vTaskPlaceOnEventList)
    vTaskPlaceOnEventListRestricted          0x080040ed   Thumb Code    50  tasks.o(i.vTaskPlaceOnEventListRestricted)
    vTaskPriorityInherit                     0x08004149   Thumb Code   164  tasks.o(i.vTaskPriorityInherit)
    vTaskSetTimeOutState                     0x080041f9   Thumb Code    32  tasks.o(i.vTaskSetTimeOutState)
    vTaskStartScheduler                      0x08004245   Thumb Code   108  tasks.o(i.vTaskStartScheduler)
    vTaskSuspendAll                          0x080042f1   Thumb Code    12  tasks.o(i.vTaskSuspendAll)
    vTaskSwitchContext                       0x08004301   Thumb Code   110  tasks.o(i.vTaskSwitchContext)
    xPortStartScheduler                      0x080043a9   Thumb Code   258  port.o(i.xPortStartScheduler)
    xPortSysTickHandler                      0x08004505   Thumb Code    46  port.o(i.xPortSysTickHandler)
    xQueueGenericCreate                      0x08004539   Thumb Code    78  queue.o(i.xQueueGenericCreate)
    xQueueGenericReceive                     0x080045ad   Thumb Code   416  queue.o(i.xQueueGenericReceive)
    xQueueGenericReset                       0x08004775   Thumb Code   136  queue.o(i.xQueueGenericReset)
    xQueueGenericSend                        0x08004825   Thumb Code   412  queue.o(i.xQueueGenericSend)
    xQueueGenericSendFromISR                 0x080049e9   Thumb Code   234  queue.o(i.xQueueGenericSendFromISR)
    xTaskCheckForTimeOut                     0x08004af9   Thumb Code   116  tasks.o(i.xTaskCheckForTimeOut)
    xTaskCreate                              0x08004b99   Thumb Code    96  tasks.o(i.xTaskCreate)
    xTaskGetSchedulerState                   0x08004bf9   Thumb Code    24  tasks.o(i.xTaskGetSchedulerState)
    xTaskGetTickCount                        0x08004c19   Thumb Code     6  tasks.o(i.xTaskGetTickCount)
    xTaskIncrementTick                       0x08004c25   Thumb Code   272  tasks.o(i.xTaskIncrementTick)
    xTaskPriorityDisinherit                  0x08004d85   Thumb Code   168  tasks.o(i.xTaskPriorityDisinherit)
    xTaskRemoveFromEventList                 0x08004e5d   Thumb Code   118  tasks.o(i.xTaskRemoveFromEventList)
    xTaskResumeAll                           0x08004f11   Thumb Code   214  tasks.o(i.xTaskResumeAll)
    xTimerCreateTimerTask                    0x08005031   Thumb Code    56  timers.o(i.xTimerCreateTimerTask)
    xTimerGenericCommand                     0x080050a5   Thumb Code   118  timers.o(i.xTimerGenericCommand)
    Region$$Table$$Base                      0x08005148   Number         0  anon$$obj.o(Region$$Table)
    Region$$Table$$Limit                     0x08005168   Number         0  anon$$obj.o(Region$$Table)
    SystemCoreClock                          0x20000000   Data           4  system_stm32f4xx.o(.data)
    AHBPrescTable                            0x20000004   Data          16  system_stm32f4xx.o(.data)
    pxCurrentTCB                             0x20000024   Data           4  tasks.o(.data)
    res                                      0x2000009c   Data           1  usart.o(.data)
    USART_DATA_NUM                           0x200000a0   Data           4  usart.o(.data)
    motor_pid_param                          0x200000a8   Data          24  shoot.o(.data)
    target_2006_speed_1                      0x200000c0   Data           4  shoot.o(.data)
    target_2006_speed_2                      0x200000c4   Data           4  shoot.o(.data)
    target_2006_speed_3                      0x200000c8   Data           4  shoot.o(.data)
    target_angle_L                           0x200000cc   Data           4  shoot.o(.data)
    target_angle_R                           0x200000d0   Data           4  shoot.o(.data)
    initial_angle_L                          0x200000d4   Data           4  shoot.o(.data)
    initial_angle_R                          0x200000d8   Data           4  shoot.o(.data)
    loop_loading_flag                        0x200000dc   Data           1  shoot.o(.data)
    shoot_speed                              0x200000e0   Data           4  shoot.o(.data)
    speed_set                                0x200000e4   Data           4  shoot.o(.data)
    fflag                                    0x200000e8   Data           1  shoot.o(.data)
    chassis_pid_params                       0x200000fc   Data          96  rabbit.o(.data)
    __stdout                                 0x20000160   Data           4  stdout.o(.data)
    xQueueRegistry                           0x20000164   Data          64  queue.o(.bss)
    rx_buffer                                0x200054b0   Data          20  usart.o(.bss)
    rabbit                                   0x2000550c   Data         836  rabbit.o(.bss)
    Rx1Message                               0x20005898   Data          20  motor_feedback.o(.bss)
    Rx2Message                               0x200058ac   Data          20  motor_feedback.o(.bss)
    rc_ctrl                                  0x20005908   Data          52  remote_control.o(.bss)
    __initial_sp                             0x20005d40   Data           0  startup_stm32f40_41xxx.o(STACK)



==============================================================================

Memory Map of the image

  Image Entry point : 0x08000189

  Load Region LR_IROM1 (Base: 0x08000000, Size: 0x000052cc, Max: 0x00080000, ABSOLUTE, COMPRESSED[0x000051a4])

    Execution Region ER_IROM1 (Exec base: 0x08000000, Load base: 0x08000000, Size: 0x00005168, Max: 0x00080000, ABSOLUTE)

    Exec Addr    Load Addr    Size         Type   Attr      Idx    E Section Name        Object

    0x08000000   0x08000000   0x00000188   Data   RO            3    RESET               startup_stm32f40_41xxx.o
    0x08000188   0x08000188   0x00000000   Code   RO         6735  * .ARM.Collect$$$$00000000  mc_w.l(entry.o)
    0x08000188   0x08000188   0x00000004   Code   RO         7051    .ARM.Collect$$$$00000001  mc_w.l(entry2.o)
    0x0800018c   0x0800018c   0x00000004   Code   RO         7054    .ARM.Collect$$$$00000004  mc_w.l(entry5.o)
    0x08000190   0x08000190   0x00000000   Code   RO         7056    .ARM.Collect$$$$00000008  mc_w.l(entry7b.o)
    0x08000190   0x08000190   0x00000000   Code   RO         7058    .ARM.Collect$$$$0000000A  mc_w.l(entry8b.o)
    0x08000190   0x08000190   0x00000008   Code   RO         7059    .ARM.Collect$$$$0000000B  mc_w.l(entry9a.o)
    0x08000198   0x08000198   0x00000004   Code   RO         7066    .ARM.Collect$$$$0000000E  mc_w.l(entry12b.o)
    0x0800019c   0x0800019c   0x00000000   Code   RO         7061    .ARM.Collect$$$$0000000F  mc_w.l(entry10a.o)
    0x0800019c   0x0800019c   0x00000000   Code   RO         7063    .ARM.Collect$$$$00000011  mc_w.l(entry11a.o)
    0x0800019c   0x0800019c   0x00000004   Code   RO         7052    .ARM.Collect$$$$00002712  mc_w.l(entry2.o)
    0x080001a0   0x080001a0   0x000000b6   Code   RO         5991    .emb_text           port.o
    0x08000256   0x08000256   0x00000002   PAD
    0x08000258   0x08000258   0x00000024   Code   RO            4    .text               startup_stm32f40_41xxx.o
    0x0800027c   0x0800027c   0x00000024   Code   RO         6738    .text               mc_w.l(memcpya.o)
    0x080002a0   0x080002a0   0x00000024   Code   RO         6740    .text               mc_w.l(memseta.o)
    0x080002c4   0x080002c4   0x0000014e   Code   RO         7009    .text               mf_w.l(dadd.o)
    0x08000412   0x08000412   0x000000e4   Code   RO         7011    .text               mf_w.l(dmul.o)
    0x080004f6   0x080004f6   0x000000de   Code   RO         7013    .text               mf_w.l(ddiv.o)
    0x080005d4   0x080005d4   0x00000022   Code   RO         7015    .text               mf_w.l(dflti.o)
    0x080005f6   0x080005f6   0x0000003e   Code   RO         7017    .text               mf_w.l(dfixi.o)
    0x08000634   0x08000634   0x00000030   Code   RO         7019    .text               mf_w.l(cdcmple.o)
    0x08000664   0x08000664   0x0000002c   Code   RO         7070    .text               mc_w.l(uidiv.o)
    0x08000690   0x08000690   0x0000001e   Code   RO         7074    .text               mc_w.l(llshl.o)
    0x080006ae   0x080006ae   0x00000020   Code   RO         7076    .text               mc_w.l(llushr.o)
    0x080006ce   0x080006ce   0x00000024   Code   RO         7078    .text               mc_w.l(llsshr.o)
    0x080006f2   0x080006f2   0x00000000   Code   RO         7087    .text               mc_w.l(iusefp.o)
    0x080006f2   0x080006f2   0x000000ba   Code   RO         7090    .text               mf_w.l(depilogue.o)
    0x080007ac   0x080007ac   0x00000024   Code   RO         7108    .text               mc_w.l(init.o)
    0x080007d0   0x080007d0   0x00000000   Code   RO         7110    .text               mc_w.l(semi.o)
    0x080007d0   0x080007d0   0x00000000   Code   RO         7111    .text               mc_w.l(iusesemip.o)
    0x080007d0   0x080007d0   0x00000056   Code   RO         7122    .text               mc_w.l(__dczerorl2.o)
    0x08000826   0x08000826   0x00000004   Code   RO           12    i.BusFault_Handler  stm32f4xx_it.o
    0x0800082a   0x0800082a   0x00000002   PAD
    0x0800082c   0x0800082c   0x00000100   Code   RO         6223    i.CAN1_Mode_Init    can.o
    0x0800092c   0x0800092c   0x000002c8   Code   RO         6634    i.CAN1_RX0_IRQHandler  motor_feedback.o
    0x08000bf4   0x08000bf4   0x00000100   Code   RO         6224    i.CAN2_Mode_Init    can.o
    0x08000cf4   0x08000cf4   0x0000021c   Code   RO         6635    i.CAN2_RX1_IRQHandler  motor_feedback.o
    0x08000f10   0x08000f10   0x00000108   Code   RO          525    i.CAN_FilterInit    stm32f4xx_can.o
    0x08001018   0x08001018   0x00000012   Code   RO          531    i.CAN_ITConfig      stm32f4xx_can.o
    0x0800102a   0x0800102a   0x00000114   Code   RO          532    i.CAN_Init          stm32f4xx_can.o
    0x0800113e   0x0800113e   0x000000f0   Code   RO          535    i.CAN_Receive       stm32f4xx_can.o
    0x0800122e   0x0800122e   0x00000126   Code   RO          540    i.CAN_Transmit      stm32f4xx_can.o
    0x08001354   0x08001354   0x00000034   Code   RO         1220    i.DMA_ClearFlag     stm32f4xx_dma.o
    0x08001388   0x08001388   0x00000016   Code   RO         1222    i.DMA_Cmd           stm32f4xx_dma.o
    0x0800139e   0x0800139e   0x00000002   PAD
    0x080013a0   0x080013a0   0x00000158   Code   RO         1223    i.DMA_DeInit        stm32f4xx_dma.o
    0x080014f8   0x080014f8   0x00000016   Code   RO         1224    i.DMA_DoubleBufferModeCmd  stm32f4xx_dma.o
    0x0800150e   0x0800150e   0x00000018   Code   RO         1225    i.DMA_DoubleBufferModeConfig  stm32f4xx_dma.o
    0x08001526   0x08001526   0x00000008   Code   RO         1228    i.DMA_GetCurrDataCounter  stm32f4xx_dma.o
    0x0800152e   0x0800152e   0x00000014   Code   RO         1229    i.DMA_GetCurrentMemoryTarget  stm32f4xx_dma.o
    0x08001542   0x08001542   0x00000002   PAD
    0x08001544   0x08001544   0x00000058   Code   RO         1234    i.DMA_Init          stm32f4xx_dma.o
    0x0800159c   0x0800159c   0x00000004   Code   RO         1237    i.DMA_SetCurrDataCounter  stm32f4xx_dma.o
    0x080015a0   0x080015a0   0x00000002   Code   RO           13    i.DebugMon_Handler  stm32f4xx_it.o
    0x080015a2   0x080015a2   0x00000002   PAD
    0x080015a4   0x080015a4   0x00000030   Code   RO         6571    i.FreeRtos_start    rabbit.o
    0x080015d4   0x080015d4   0x00000090   Code   RO         1956    i.GPIO_Init         stm32f4xx_gpio.o
    0x08001664   0x08001664   0x00000046   Code   RO         1957    i.GPIO_PinAFConfig  stm32f4xx_gpio.o
    0x080016aa   0x080016aa   0x00000004   Code   RO         1964    i.GPIO_SetBits      stm32f4xx_gpio.o
    0x080016ae   0x080016ae   0x00000004   Code   RO           14    i.HardFault_Handler  stm32f4xx_it.o
    0x080016b2   0x080016b2   0x00000004   Code   RO           15    i.MemManage_Handler  stm32f4xx_it.o
    0x080016b6   0x080016b6   0x00000002   Code   RO           16    i.NMI_Handler       stm32f4xx_it.o
    0x080016b8   0x080016b8   0x00000078   Code   RO          207    i.NVIC_Init         misc.o
    0x08001730   0x08001730   0x00000014   Code   RO          208    i.NVIC_PriorityGroupConfig  misc.o
    0x08001744   0x08001744   0x00000234   Code   RO         6531    i.PID_calc          pid.o
    0x08001978   0x08001978   0x00000050   Code   RO         6532    i.PID_init          pid.o
    0x080019c8   0x080019c8   0x00000020   Code   RO         2820    i.RCC_AHB1PeriphClockCmd  stm32f4xx_rcc.o
    0x080019e8   0x080019e8   0x00000020   Code   RO         2829    i.RCC_APB1PeriphClockCmd  stm32f4xx_rcc.o
    0x08001a08   0x08001a08   0x00000020   Code   RO         2831    i.RCC_APB1PeriphResetCmd  stm32f4xx_rcc.o
    0x08001a28   0x08001a28   0x00000020   Code   RO         2834    i.RCC_APB2PeriphResetCmd  stm32f4xx_rcc.o
    0x08001a48   0x08001a48   0x000000e8   Code   RO         2841    i.RCC_GetClocksFreq  stm32f4xx_rcc.o
    0x08001b30   0x08001b30   0x00000154   Code   RO         6334    i.RC_Init           rc.o
    0x08001c84   0x08001c84   0x000000fc   Code   RO         6675    i.SBUS_TO_RC        remote_control.o
    0x08001d80   0x08001d80   0x000000ec   Code   RO          170    i.SetSysClock       system_stm32f4xx.o
    0x08001e6c   0x08001e6c   0x00000028   Code   RO          211    i.SysTick_CLKSourceConfig  misc.o
    0x08001e94   0x08001e94   0x00000010   Code   RO         6159    i.SysTick_Handler   delay.o
    0x08001ea4   0x08001ea4   0x00000068   Code   RO          172    i.SystemInit        system_stm32f4xx.o
    0x08001f0c   0x08001f0c   0x00000018   Code   RO         6366    i.TIM3_IRQHandler   timer.o
    0x08001f24   0x08001f24   0x0000005c   Code   RO         6367    i.TIM3_Int_Init     timer.o
    0x08001f80   0x08001f80   0x000000c8   Code   RO         6368    i.TIM5_PWM_Init     timer.o
    0x08002048   0x08002048   0x00000018   Code   RO         4155    i.TIM_ARRPreloadConfig  stm32f4xx_tim.o
    0x08002060   0x08002060   0x00000006   Code   RO         4162    i.TIM_ClearITPendingBit  stm32f4xx_tim.o
    0x08002066   0x08002066   0x00000018   Code   RO         4167    i.TIM_Cmd           stm32f4xx_tim.o
    0x0800207e   0x0800207e   0x00000022   Code   RO         4188    i.TIM_GetITStatus   stm32f4xx_tim.o
    0x080020a0   0x080020a0   0x00000012   Code   RO         4192    i.TIM_ITConfig      stm32f4xx_tim.o
    0x080020b2   0x080020b2   0x00000002   PAD
    0x080020b4   0x080020b4   0x0000007c   Code   RO         4196    i.TIM_OC1Init       stm32f4xx_tim.o
    0x08002130   0x08002130   0x00000012   Code   RO         4199    i.TIM_OC1PreloadConfig  stm32f4xx_tim.o
    0x08002142   0x08002142   0x00000002   PAD
    0x08002144   0x08002144   0x000000a4   Code   RO         4201    i.TIM_OC2Init       stm32f4xx_tim.o
    0x080021e8   0x080021e8   0x0000001a   Code   RO         4204    i.TIM_OC2PreloadConfig  stm32f4xx_tim.o
    0x08002202   0x08002202   0x00000004   Code   RO         4229    i.TIM_SetCompare1   stm32f4xx_tim.o
    0x08002206   0x08002206   0x00000004   Code   RO         4230    i.TIM_SetCompare2   stm32f4xx_tim.o
    0x0800220a   0x0800220a   0x00000002   PAD
    0x0800220c   0x0800220c   0x00000084   Code   RO         4239    i.TIM_TimeBaseInit  stm32f4xx_tim.o
    0x08002290   0x08002290   0x00000058   Code   RO         6403    i.USART1_IRQHandler  usart.o
    0x080022e8   0x080022e8   0x000000f8   Code   RO         6676    i.USART3_IRQHandler  remote_control.o
    0x080023e0   0x080023e0   0x00000012   Code   RO         4713    i.USART_ClearFlag   stm32f4xx_usart.o
    0x080023f2   0x080023f2   0x0000001e   Code   RO         4714    i.USART_ClearITPendingBit  stm32f4xx_usart.o
    0x08002410   0x08002410   0x00000018   Code   RO         4717    i.USART_Cmd         stm32f4xx_usart.o
    0x08002428   0x08002428   0x00000012   Code   RO         4718    i.USART_DMACmd      stm32f4xx_usart.o
    0x0800243a   0x0800243a   0x00000002   PAD
    0x0800243c   0x0800243c   0x000000f0   Code   RO         4719    i.USART_DeInit      stm32f4xx_usart.o
    0x0800252c   0x0800252c   0x00000054   Code   RO         4721    i.USART_GetITStatus  stm32f4xx_usart.o
    0x08002580   0x08002580   0x0000004a   Code   RO         4723    i.USART_ITConfig    stm32f4xx_usart.o
    0x080025ca   0x080025ca   0x00000002   PAD
    0x080025cc   0x080025cc   0x000000d4   Code   RO         4724    i.USART_Init        stm32f4xx_usart.o
    0x080026a0   0x080026a0   0x0000000a   Code   RO         4731    i.USART_ReceiveData  stm32f4xx_usart.o
    0x080026aa   0x080026aa   0x00000004   Code   RO           17    i.UsageFault_Handler  stm32f4xx_it.o
    0x080026ae   0x080026ae   0x00000002   PAD
    0x080026b0   0x080026b0   0x00000020   Code   RO         6837    i.__0printf$3       mc_w.l(printf3.o)
    0x080026d0   0x080026d0   0x0000000e   Code   RO         7116    i.__scatterload_copy  mc_w.l(handlers.o)
    0x080026de   0x080026de   0x00000002   Code   RO         7117    i.__scatterload_null  mc_w.l(handlers.o)
    0x080026e0   0x080026e0   0x0000000e   Code   RO         7118    i.__scatterload_zeroinit  mc_w.l(handlers.o)
    0x080026ee   0x080026ee   0x00000002   PAD
    0x080026f0   0x080026f0   0x000001b8   Code   RO         6844    i._printf_core      mc_w.l(printf3.o)
    0x080028a8   0x080028a8   0x00000088   Code   RO         6572    i.chassis_pid_init  rabbit.o
    0x08002930   0x08002930   0x00000044   Code   RO         6160    i.delay_init        delay.o
    0x08002974   0x08002974   0x00000040   Code   RO         6161    i.delay_ms          delay.o
    0x080029b4   0x080029b4   0x00000048   Code   RO         6162    i.delay_us          delay.o
    0x080029fc   0x080029fc   0x00000012   Code   RO         7067    i.fputc             mc_w.l(fputc.o)
    0x08002a0e   0x08002a0e   0x00000002   PAD
    0x08002a10   0x08002a10   0x0000003c   Code   RO         6249    i.gpio_Init         gpio.o
    0x08002a4c   0x08002a4c   0x00000114   Code   RO         6479    i.loop_loading      shoot.o
    0x08002b60   0x08002b60   0x0000000c   Code   RO         6076    i.main              main.o
    0x08002b6c   0x08002b6c   0x00000060   Code   RO         6637    i.motor_driver_can2  motor_feedback.o
    0x08002bcc   0x08002bcc   0x00000098   Code   RO         5428    i.prvAddCurrentTaskToDelayedList  tasks.o
    0x08002c64   0x08002c64   0x000000b8   Code   RO         5429    i.prvAddNewTaskToReadyList  tasks.o
    0x08002d1c   0x08002d1c   0x00000064   Code   RO         5796    i.prvCheckForValidListAndQueue  timers.o
    0x08002d80   0x08002d80   0x00000064   Code   RO         5430    i.prvCheckTasksWaitingTermination  tasks.o
    0x08002de4   0x08002de4   0x0000002a   Code   RO         5184    i.prvCopyDataFromQueue  queue.o
    0x08002e0e   0x08002e0e   0x0000007c   Code   RO         5185    i.prvCopyDataToQueue  queue.o
    0x08002e8a   0x08002e8a   0x00000012   Code   RO         5431    i.prvDeleteTCB      tasks.o
    0x08002e9c   0x08002e9c   0x00000028   Code   RO         5797    i.prvGetNextExpireTime  timers.o
    0x08002ec4   0x08002ec4   0x0000007c   Code   RO         5934    i.prvHeapInit       heap_4.o
    0x08002f40   0x08002f40   0x00000028   Code   RO         5432    i.prvIdleTask       tasks.o
    0x08002f68   0x08002f68   0x0000002e   Code   RO         5187    i.prvInitialiseNewQueue  queue.o
    0x08002f96   0x08002f96   0x00000002   PAD
    0x08002f98   0x08002f98   0x000000d0   Code   RO         5433    i.prvInitialiseNewTask  tasks.o
    0x08003068   0x08003068   0x00000068   Code   RO         5434    i.prvInitialiseTaskLists  tasks.o
    0x080030d0   0x080030d0   0x00000068   Code   RO         5935    i.prvInsertBlockIntoFreeList  heap_4.o
    0x08003138   0x08003138   0x00000058   Code   RO         5799    i.prvInsertTimerInActiveList  timers.o
    0x08003190   0x08003190   0x0000001a   Code   RO         5188    i.prvIsQueueEmpty   queue.o
    0x080031aa   0x080031aa   0x0000001e   Code   RO         5189    i.prvIsQueueFull    queue.o
    0x080031c8   0x080031c8   0x000000a0   Code   RO         5190    i.prvNotifyQueueSetContainer  queue.o
    0x08003268   0x08003268   0x00000080   Code   RO         5800    i.prvProcessExpiredTimer  timers.o
    0x080032e8   0x080032e8   0x0000012c   Code   RO         5801    i.prvProcessReceivedCommands  timers.o
    0x08003414   0x08003414   0x00000074   Code   RO         5802    i.prvProcessTimerOrBlockTask  timers.o
    0x08003488   0x08003488   0x00000034   Code   RO         5436    i.prvResetNextTaskUnblockTime  tasks.o
    0x080034bc   0x080034bc   0x0000002c   Code   RO         5803    i.prvSampleTimeNow  timers.o
    0x080034e8   0x080034e8   0x000000bc   Code   RO         5804    i.prvSwitchTimerLists  timers.o
    0x080035a4   0x080035a4   0x00000074   Code   RO         5992    i.prvTaskExitError  port.o
    0x08003618   0x08003618   0x0000001a   Code   RO         5805    i.prvTimerTask      timers.o
    0x08003632   0x08003632   0x00000092   Code   RO         5191    i.prvUnlockQueue    queue.o
    0x080036c4   0x080036c4   0x00000154   Code   RO         5936    i.pvPortMalloc      heap_4.o
    0x08003818   0x08003818   0x00000020   Code   RO         5440    i.pvTaskIncrementMutexHeldCount  tasks.o
    0x08003838   0x08003838   0x0000002c   Code   RO         5993    i.pxPortInitialiseStack  port.o
    0x08003864   0x08003864   0x0000005c   Code   RO         6575    i.rabbit_init       rabbit.o
    0x080038c0   0x080038c0   0x00000014   Code   RO         6677    i.remote_control_init  remote_control.o
    0x080038d4   0x080038d4   0x00000270   Code   RO         6480    i.shoot_task        shoot.o
    0x08003b44   0x08003b44   0x0000002c   Code   RO         6576    i.shoot_task_start  rabbit.o
    0x08003b70   0x08003b70   0x00000020   Code   RO         6577    i.start_task        rabbit.o
    0x08003b90   0x08003b90   0x00000028   Code   RO         5139    i.uxListRemove      list.o
    0x08003bb8   0x08003bb8   0x0000001a   Code   RO         5140    i.vListInitialise   list.o
    0x08003bd2   0x08003bd2   0x00000006   Code   RO         5141    i.vListInitialiseItem  list.o
    0x08003bd8   0x08003bd8   0x00000034   Code   RO         5142    i.vListInsert       list.o
    0x08003c0c   0x08003c0c   0x00000018   Code   RO         5143    i.vListInsertEnd    list.o
    0x08003c24   0x08003c24   0x00000088   Code   RO         5995    i.vPortEnterCritical  port.o
    0x08003cac   0x08003cac   0x00000070   Code   RO         5996    i.vPortExitCritical  port.o
    0x08003d1c   0x08003d1c   0x000000b8   Code   RO         5937    i.vPortFree         heap_4.o
    0x08003dd4   0x08003dd4   0x00000020   Code   RO         5997    i.vPortSetupTimerInterrupt  port.o
    0x08003df4   0x08003df4   0x000000a0   Code   RO         5998    i.vPortValidateInterruptPriority  port.o
    0x08003e94   0x08003e94   0x0000002c   Code   RO         5197    i.vQueueAddToRegistry  queue.o
    0x08003ec0   0x08003ec0   0x0000004a   Code   RO         5201    i.vQueueWaitForMessageRestricted  queue.o
    0x08003f0a   0x08003f0a   0x00000002   PAD
    0x08003f0c   0x08003f0c   0x00000074   Code   RO         5448    i.vTaskDelay        tasks.o
    0x08003f80   0x08003f80   0x0000010c   Code   RO         5450    i.vTaskDelete       tasks.o
    0x0800408c   0x0800408c   0x0000000c   Code   RO         5454    i.vTaskMissedYield  tasks.o
    0x08004098   0x08004098   0x00000054   Code   RO         5456    i.vTaskPlaceOnEventList  tasks.o
    0x080040ec   0x080040ec   0x0000005c   Code   RO         5457    i.vTaskPlaceOnEventListRestricted  tasks.o
    0x08004148   0x08004148   0x000000b0   Code   RO         5459    i.vTaskPriorityInherit  tasks.o
    0x080041f8   0x080041f8   0x0000004c   Code   RO         5463    i.vTaskSetTimeOutState  tasks.o
    0x08004244   0x08004244   0x000000ac   Code   RO         5464    i.vTaskStartScheduler  tasks.o
    0x080042f0   0x080042f0   0x00000010   Code   RO         5466    i.vTaskSuspendAll   tasks.o
    0x08004300   0x08004300   0x000000a8   Code   RO         5467    i.vTaskSwitchContext  tasks.o
    0x080043a8   0x080043a8   0x0000015c   Code   RO         5999    i.xPortStartScheduler  port.o
    0x08004504   0x08004504   0x00000034   Code   RO         6000    i.xPortSysTickHandler  port.o
    0x08004538   0x08004538   0x00000074   Code   RO         5206    i.xQueueGenericCreate  queue.o
    0x080045ac   0x080045ac   0x000001c8   Code   RO         5207    i.xQueueGenericReceive  queue.o
    0x08004774   0x08004774   0x000000b0   Code   RO         5208    i.xQueueGenericReset  queue.o
    0x08004824   0x08004824   0x000001c4   Code   RO         5209    i.xQueueGenericSend  queue.o
    0x080049e8   0x080049e8   0x00000110   Code   RO         5210    i.xQueueGenericSendFromISR  queue.o
    0x08004af8   0x08004af8   0x000000a0   Code   RO         5468    i.xTaskCheckForTimeOut  tasks.o
    0x08004b98   0x08004b98   0x00000060   Code   RO         5469    i.xTaskCreate       tasks.o
    0x08004bf8   0x08004bf8   0x00000020   Code   RO         5473    i.xTaskGetSchedulerState  tasks.o
    0x08004c18   0x08004c18   0x0000000c   Code   RO         5474    i.xTaskGetTickCount  tasks.o
    0x08004c24   0x08004c24   0x00000160   Code   RO         5476    i.xTaskIncrementTick  tasks.o
    0x08004d84   0x08004d84   0x000000d8   Code   RO         5479    i.xTaskPriorityDisinherit  tasks.o
    0x08004e5c   0x08004e5c   0x000000b4   Code   RO         5480    i.xTaskRemoveFromEventList  tasks.o
    0x08004f10   0x08004f10   0x00000120   Code   RO         5482    i.xTaskResumeAll    tasks.o
    0x08005030   0x08005030   0x00000074   Code   RO         5809    i.xTimerCreateTimerTask  timers.o
    0x080050a4   0x080050a4   0x000000a4   Code   RO         5810    i.xTimerGenericCommand  timers.o
    0x08005148   0x08005148   0x00000020   Data   RO         7114    Region$$Table       anon$$obj.o


    Execution Region RW_IRAM1 (Exec base: 0x20000000, Load base: 0x08005168, Size: 0x00005d40, Max: 0x00020000, ABSOLUTE, COMPRESSED[0x0000003c])

    Exec Addr    Load Addr    Size         Type   Attr      Idx    E Section Name        Object

    0x20000000   COMPRESSED   0x00000014   Data   RW          173    .data               system_stm32f4xx.o
    0x20000014   COMPRESSED   0x00000010   Data   RW         2873    .data               stm32f4xx_rcc.o
    0x20000024   COMPRESSED   0x0000003c   Data   RW         5485    .data               tasks.o
    0x20000060   COMPRESSED   0x00000014   Data   RW         5818    .data               timers.o
    0x20000074   COMPRESSED   0x00000018   Data   RW         5942    .data               heap_4.o
    0x2000008c   COMPRESSED   0x0000000c   Data   RW         6001    .data               port.o
    0x20000098   COMPRESSED   0x00000004   Data   RW         6164    .data               delay.o
    0x2000009c   COMPRESSED   0x0000000c   Data   RW         6406    .data               usart.o
    0x200000a8   COMPRESSED   0x00000041   Data   RW         6482    .data               shoot.o
    0x200000e9   COMPRESSED   0x00000003   PAD
    0x200000ec   COMPRESSED   0x00000070   Data   RW         6579    .data               rabbit.o
    0x2000015c   COMPRESSED   0x00000002   Data   RW         6679    .data               remote_control.o
    0x2000015e   COMPRESSED   0x00000002   PAD
    0x20000160   COMPRESSED   0x00000004   Data   RW         7069    .data               mc_w.l(stdout.o)
    0x20000164        -       0x00000040   Zero   RW         5221    .bss                queue.o
    0x200001a4        -       0x000002e4   Zero   RW         5484    .bss                tasks.o
    0x20000488        -       0x00000028   Zero   RW         5817    .bss                timers.o
    0x200004b0        -       0x00005000   Zero   RW         5941    .bss                heap_4.o
    0x200054b0        -       0x00000014   Zero   RW         6405    .bss                usart.o
    0x200054c4        -       0x0000038c   Zero   RW         6578    .bss                rabbit.o
    0x20005850        -       0x00000070   Zero   RW         6638    .bss                motor_feedback.o
    0x200058c0        -       0x0000007c   Zero   RW         6678    .bss                remote_control.o
    0x2000593c   COMPRESSED   0x00000004   PAD
    0x20005940        -       0x00000400   Zero   RW            1    STACK               startup_stm32f40_41xxx.o


==============================================================================

Image component sizes


      Code (inc. data)   RO Data    RW Data    ZI Data      Debug   Object Name

       512         16          0          0          0       2034   can.o
         0          0          0          0          0       9876   croutine.o
       220         18          0          4          0       2313   delay.o
         0          0          0          0          0      11668   event_groups.o
        60          4          0          0          0        500   gpio.o
       752        176          0         24      20480       3795   heap_4.o
       148          0          0          0          0       3038   list.o
        12          0          0          0          0       3297   main.o
       180         24          0          0          0     239265   misc.o
      1348         28          0          0        112       2332   motor_feedback.o
       644         10          0          0          0       1846   pid.o
      1182        396          0         12          0      10505   port.o
      2164        238          0          0         64      15317   queue.o
       352         54          0        112        908       3698   rabbit.o
       340         18          0          0          0       1218   rc.o
       520         38          0          2        124       2916   remote_control.o
       900        122          0         65          0       2338   shoot.o
        36          8        392          0       1024        836   startup_stm32f40_41xxx.o
      1092          6          0          0          0       4236   stm32f4xx_can.o
       584         40          0          0          0       6412   stm32f4xx_dma.o
       218          0          0          0          0       2190   stm32f4xx_gpio.o
        20          0          0          0          0      67385   stm32f4xx_it.o
       360         42          0         16          0       4992   stm32f4xx_rcc.o
       578         48          0          0          0       7631   stm32f4xx_tim.o
       710         42          0          0          0       6468   stm32f4xx_usart.o
       340         32          0         20          0       1621   system_stm32f4xx.o
      3406        878          0         60        740      28575   tasks.o
       316         18          0          0          0       1894   timer.o
      1310        312          0         20         40       8459   timers.o
        88         20          0         12         20       1071   usart.o

    ----------------------------------------------------------------------
     18418       2588        424        352      23516     457726   Object Totals
         0          0         32          0          0          0   (incl. Generated)
        26          0          0          5          4          0   (incl. Padding)

    ----------------------------------------------------------------------

      Code (inc. data)   RO Data    RW Data    ZI Data      Debug   Library Member Name

        86          0          0          0          0          0   __dczerorl2.o
         0          0          0          0          0          0   entry.o
         0          0          0          0          0          0   entry10a.o
         0          0          0          0          0          0   entry11a.o
         4          0          0          0          0          0   entry12b.o
         8          4          0          0          0          0   entry2.o
         4          0          0          0          0          0   entry5.o
         0          0          0          0          0          0   entry7b.o
         0          0          0          0          0          0   entry8b.o
         8          4          0          0          0          0   entry9a.o
        18          0          0          0          0         80   fputc.o
        30          0          0          0          0          0   handlers.o
        36          8          0          0          0         68   init.o
         0          0          0          0          0          0   iusefp.o
         0          0          0          0          0          0   iusesemip.o
        30          0          0          0          0         68   llshl.o
        36          0          0          0          0         68   llsshr.o
        32          0          0          0          0         68   llushr.o
        36          0          0          0          0         68   memcpya.o
        36          0          0          0          0        108   memseta.o
       472         14          0          0          0        184   printf3.o
         0          0          0          0          0          0   semi.o
         0          0          0          4          0          0   stdout.o
        44          0          0          0          0         80   uidiv.o
        48          0          0          0          0         68   cdcmple.o
       334          0          0          0          0        148   dadd.o
       222          0          0          0          0        100   ddiv.o
       186          0          0          0          0        176   depilogue.o
        62          0          0          0          0         80   dfixi.o
        34          0          0          0          0         76   dflti.o
       228          0          0          0          0         96   dmul.o

    ----------------------------------------------------------------------
      1998         30          0          4          0       1536   Library Totals
         4          0          0          0          0          0   (incl. Padding)

    ----------------------------------------------------------------------

      Code (inc. data)   RO Data    RW Data    ZI Data      Debug   Library Name

       880         30          0          4          0        792   mc_w.l
      1114          0          0          0          0        744   mf_w.l

    ----------------------------------------------------------------------
      1998         30          0          4          0       1536   Library Totals

    ----------------------------------------------------------------------

==============================================================================


      Code (inc. data)   RO Data    RW Data    ZI Data      Debug   

     20416       2618        424        356      23516     444266   Grand Totals
     20416       2618        424         60      23516     444266   ELF Image Totals (compressed)
     20416       2618        424         60          0          0   ROM Totals

==============================================================================

    Total RO  Size (Code + RO Data)                20840 (  20.35kB)
    Total RW  Size (RW Data + ZI Data)             23872 (  23.31kB)
    Total ROM Size (Code + RO Data + RW Data)      20900 (  20.41kB)

==============================================================================

