Component: ARM Compiler 5.06 update 7 (build 960) Tool: armlink [4d3601]

==============================================================================

Section Cross References

    main.o(i.main) refers to rabbit.o(i.system_init) for system_init
    system_stm32f4xx.o(i.SystemCoreClockUpdate) refers to system_stm32f4xx.o(.data) for SystemCoreClock
    system_stm32f4xx.o(i.SystemInit) refers to system_stm32f4xx.o(i.SetSysClock) for SetSysClock
    startup_stm32f40_41xxx.o(RESET) refers to startup_stm32f40_41xxx.o(STACK) for __initial_sp
    startup_stm32f40_41xxx.o(RESET) refers to startup_stm32f40_41xxx.o(.text) for Reset_Handler
    startup_stm32f40_41xxx.o(RESET) refers to stm32f4xx_it.o(i.NMI_Handler) for NMI_Handler
    startup_stm32f40_41xxx.o(RESET) refers to stm32f4xx_it.o(i.HardFault_Handler) for HardFault_Handler
    startup_stm32f40_41xxx.o(RESET) refers to stm32f4xx_it.o(i.MemManage_Handler) for MemManage_Handler
    startup_stm32f40_41xxx.o(RESET) refers to stm32f4xx_it.o(i.BusFault_Handler) for BusFault_Handler
    startup_stm32f40_41xxx.o(RESET) refers to stm32f4xx_it.o(i.UsageFault_Handler) for UsageFault_Handler
    startup_stm32f40_41xxx.o(RESET) refers to port.o(.emb_text) for SVC_Handler
    startup_stm32f40_41xxx.o(RESET) refers to stm32f4xx_it.o(i.DebugMon_Handler) for DebugMon_Handler
    startup_stm32f40_41xxx.o(RESET) refers to delay.o(i.SysTick_Handler) for SysTick_Handler
    startup_stm32f40_41xxx.o(RESET) refers to motor_feedback.o(i.CAN1_RX0_IRQHandler) for CAN1_RX0_IRQHandler
    startup_stm32f40_41xxx.o(RESET) refers to timer.o(i.TIM1_UP_TIM10_IRQHandler) for TIM1_UP_TIM10_IRQHandler
    startup_stm32f40_41xxx.o(RESET) refers to timer.o(i.TIM3_IRQHandler) for TIM3_IRQHandler
    startup_stm32f40_41xxx.o(RESET) refers to usart.o(i.USART1_IRQHandler) for USART1_IRQHandler
    startup_stm32f40_41xxx.o(RESET) refers to remote_control.o(i.USART3_IRQHandler) for USART3_IRQHandler
    startup_stm32f40_41xxx.o(RESET) refers to motor_feedback.o(i.CAN2_RX1_IRQHandler) for CAN2_RX1_IRQHandler
    startup_stm32f40_41xxx.o(RESET) refers to usart.o(i.USART6_IRQHandler) for USART6_IRQHandler
    startup_stm32f40_41xxx.o(.text) refers to system_stm32f4xx.o(i.SystemInit) for SystemInit
    startup_stm32f40_41xxx.o(.text) refers to entry.o(.ARM.Collect$$$$00000000) for __main
    stm32f4xx_adc.o(i.ADC_DeInit) refers to stm32f4xx_rcc.o(i.RCC_APB2PeriphResetCmd) for RCC_APB2PeriphResetCmd
    stm32f4xx_can.o(i.CAN_DeInit) refers to stm32f4xx_rcc.o(i.RCC_APB1PeriphResetCmd) for RCC_APB1PeriphResetCmd
    stm32f4xx_can.o(i.CAN_GetITStatus) refers to stm32f4xx_can.o(i.CheckITStatus) for CheckITStatus
    stm32f4xx_cryp.o(i.CRYP_DeInit) refers to stm32f4xx_rcc.o(i.RCC_AHB2PeriphResetCmd) for RCC_AHB2PeriphResetCmd
    stm32f4xx_cryp_aes.o(i.CRYP_AES_CBC) refers to stm32f4xx_cryp.o(i.CRYP_KeyStructInit) for CRYP_KeyStructInit
    stm32f4xx_cryp_aes.o(i.CRYP_AES_CBC) refers to stm32f4xx_cryp.o(i.CRYP_FIFOFlush) for CRYP_FIFOFlush
    stm32f4xx_cryp_aes.o(i.CRYP_AES_CBC) refers to stm32f4xx_cryp.o(i.CRYP_Init) for CRYP_Init
    stm32f4xx_cryp_aes.o(i.CRYP_AES_CBC) refers to stm32f4xx_cryp.o(i.CRYP_KeyInit) for CRYP_KeyInit
    stm32f4xx_cryp_aes.o(i.CRYP_AES_CBC) refers to stm32f4xx_cryp.o(i.CRYP_Cmd) for CRYP_Cmd
    stm32f4xx_cryp_aes.o(i.CRYP_AES_CBC) refers to stm32f4xx_cryp.o(i.CRYP_GetFlagStatus) for CRYP_GetFlagStatus
    stm32f4xx_cryp_aes.o(i.CRYP_AES_CBC) refers to stm32f4xx_cryp.o(i.CRYP_IVInit) for CRYP_IVInit
    stm32f4xx_cryp_aes.o(i.CRYP_AES_CBC) refers to stm32f4xx_cryp.o(i.CRYP_GetCmdStatus) for CRYP_GetCmdStatus
    stm32f4xx_cryp_aes.o(i.CRYP_AES_CBC) refers to stm32f4xx_cryp.o(i.CRYP_DataIn) for CRYP_DataIn
    stm32f4xx_cryp_aes.o(i.CRYP_AES_CBC) refers to stm32f4xx_cryp.o(i.CRYP_DataOut) for CRYP_DataOut
    stm32f4xx_cryp_aes.o(i.CRYP_AES_CCM) refers to stm32f4xx_cryp.o(i.CRYP_KeyStructInit) for CRYP_KeyStructInit
    stm32f4xx_cryp_aes.o(i.CRYP_AES_CCM) refers to stm32f4xx_cryp.o(i.CRYP_FIFOFlush) for CRYP_FIFOFlush
    stm32f4xx_cryp_aes.o(i.CRYP_AES_CCM) refers to stm32f4xx_cryp.o(i.CRYP_KeyInit) for CRYP_KeyInit
    stm32f4xx_cryp_aes.o(i.CRYP_AES_CCM) refers to stm32f4xx_cryp.o(i.CRYP_IVInit) for CRYP_IVInit
    stm32f4xx_cryp_aes.o(i.CRYP_AES_CCM) refers to stm32f4xx_cryp.o(i.CRYP_Init) for CRYP_Init
    stm32f4xx_cryp_aes.o(i.CRYP_AES_CCM) refers to stm32f4xx_cryp.o(i.CRYP_PhaseConfig) for CRYP_PhaseConfig
    stm32f4xx_cryp_aes.o(i.CRYP_AES_CCM) refers to stm32f4xx_cryp.o(i.CRYP_DataIn) for CRYP_DataIn
    stm32f4xx_cryp_aes.o(i.CRYP_AES_CCM) refers to stm32f4xx_cryp.o(i.CRYP_Cmd) for CRYP_Cmd
    stm32f4xx_cryp_aes.o(i.CRYP_AES_CCM) refers to stm32f4xx_cryp.o(i.CRYP_GetCmdStatus) for CRYP_GetCmdStatus
    stm32f4xx_cryp_aes.o(i.CRYP_AES_CCM) refers to stm32f4xx_cryp.o(i.CRYP_GetFlagStatus) for CRYP_GetFlagStatus
    stm32f4xx_cryp_aes.o(i.CRYP_AES_CCM) refers to stm32f4xx_cryp.o(i.CRYP_DataOut) for CRYP_DataOut
[...]
    i.pick_up_task_start                     0x080035c0   Section        0  rabbit.o(i.pick_up_task_start)
    i.pid_angle_init_callback                0x080035f4   Section        0  motor_feedback.o(i.pid_angle_init_callback)
    i.pid_speed_init_callback                0x08003636   Section        0  motor_feedback.o(i.pid_speed_init_callback)
    i.prvAddCurrentTaskToDelayedList         0x08003678   Section        0  tasks.o(i.prvAddCurrentTaskToDelayedList)
    prvAddCurrentTaskToDelayedList           0x08003679   Thumb Code   164  tasks.o(i.prvAddCurrentTaskToDelayedList)
    i.prvAddNewTaskToReadyList               0x08003738   Section        0  tasks.o(i.prvAddNewTaskToReadyList)
    prvAddNewTaskToReadyList                 0x08003739   Thumb Code   182  tasks.o(i.prvAddNewTaskToReadyList)
    i.prvCheckForValidListAndQueue           0x08003808   Section        0  timers.o(i.prvCheckForValidListAndQueue)
    prvCheckForValidListAndQueue             0x08003809   Thumb Code    72  timers.o(i.prvCheckForValidListAndQueue)
    i.prvCheckTasksWaitingTermination        0x0800386c   Section        0  tasks.o(i.prvCheckTasksWaitingTermination)
    prvCheckTasksWaitingTermination          0x0800386d   Thumb Code    60  tasks.o(i.prvCheckTasksWaitingTermination)
    i.prvCopyDataFromQueue                   0x080038b4   Section        0  queue.o(i.prvCopyDataFromQueue)
    prvCopyDataFromQueue                     0x080038b5   Thumb Code    42  queue.o(i.prvCopyDataFromQueue)
    i.prvCopyDataToQueue                     0x080038de   Section        0  queue.o(i.prvCopyDataToQueue)
    prvCopyDataToQueue                       0x080038df   Thumb Code   126  queue.o(i.prvCopyDataToQueue)
    i.prvDeleteTCB                           0x0800395c   Section        0  tasks.o(i.prvDeleteTCB)
    prvDeleteTCB                             0x0800395d   Thumb Code    18  tasks.o(i.prvDeleteTCB)
    i.prvGetNextExpireTime                   0x08003970   Section        0  timers.o(i.prvGetNextExpireTime)
    prvGetNextExpireTime                     0x08003971   Thumb Code    36  timers.o(i.prvGetNextExpireTime)
    i.prvHeapInit                            0x08003998   Section        0  heap_4.o(i.prvHeapInit)
    prvHeapInit                              0x08003999   Thumb Code    90  heap_4.o(i.prvHeapInit)
    i.prvIdleTask                            0x08003a08   Section        0  tasks.o(i.prvIdleTask)
    prvIdleTask                              0x08003a09   Thumb Code    24  tasks.o(i.prvIdleTask)
    i.prvInitialiseNewQueue                  0x08003a24   Section        0  queue.o(i.prvInitialiseNewQueue)
    prvInitialiseNewQueue                    0x08003a25   Thumb Code    46  queue.o(i.prvInitialiseNewQueue)
    i.prvInitialiseNewTask                   0x08003a54   Section        0  tasks.o(i.prvInitialiseNewTask)
    prvInitialiseNewTask                     0x08003a55   Thumb Code   184  tasks.o(i.prvInitialiseNewTask)
    i.prvInitialiseTaskLists                 0x08003b20   Section        0  tasks.o(i.prvInitialiseTaskLists)
    prvInitialiseTaskLists                   0x08003b21   Thumb Code    70  tasks.o(i.prvInitialiseTaskLists)
    i.prvInsertBlockIntoFreeList             0x08003b88   Section        0  heap_4.o(i.prvInsertBlockIntoFreeList)
    prvInsertBlockIntoFreeList               0x08003b89   Thumb Code    96  heap_4.o(i.prvInsertBlockIntoFreeList)
    i.prvInsertTimerInActiveList             0x08003bf0   Section        0  timers.o(i.prvInsertTimerInActiveList)
    prvInsertTimerInActiveList               0x08003bf1   Thumb Code    80  timers.o(i.prvInsertTimerInActiveList)
    i.prvIsQueueEmpty                        0x08003c48   Section        0  queue.o(i.prvIsQueueEmpty)
    prvIsQueueEmpty                          0x08003c49   Thumb Code    26  queue.o(i.prvIsQueueEmpty)
    i.prvNotifyQueueSetContainer             0x08003c64   Section        0  queue.o(i.prvNotifyQueueSetContainer)
    prvNotifyQueueSetContainer               0x08003c65   Thumb Code   154  queue.o(i.prvNotifyQueueSetContainer)
    i.prvProcessExpiredTimer                 0x08003d14   Section        0  timers.o(i.prvProcessExpiredTimer)
    prvProcessExpiredTimer                   0x08003d15   Thumb Code    62  timers.o(i.prvProcessExpiredTimer)
    i.prvProcessReceivedCommands             0x08003d58   Section        0  timers.o(i.prvProcessReceivedCommands)
    prvProcessReceivedCommands               0x08003d59   Thumb Code   306  timers.o(i.prvProcessReceivedCommands)
    i.prvProcessTimerOrBlockTask             0x08003ea4   Section        0  timers.o(i.prvProcessTimerOrBlockTask)
    prvProcessTimerOrBlockTask               0x08003ea5   Thumb Code   102  timers.o(i.prvProcessTimerOrBlockTask)
    i.prvReloadTimer                         0x08003f18   Section        0  timers.o(i.prvReloadTimer)
    prvReloadTimer                           0x08003f19   Thumb Code    40  timers.o(i.prvReloadTimer)
    i.prvResetNextTaskUnblockTime            0x08003f40   Section        0  tasks.o(i.prvResetNextTaskUnblockTime)
    prvResetNextTaskUnblockTime              0x08003f41   Thumb Code    40  tasks.o(i.prvResetNextTaskUnblockTime)
    i.prvSampleTimeNow                       0x08003f70   Section        0  timers.o(i.prvSampleTimeNow)
    prvSampleTimeNow                         0x08003f71   Thumb Code    40  timers.o(i.prvSampleTimeNow)
    i.prvSwitchTimerLists                    0x08003f9c   Section        0  timers.o(i.prvSwitchTimerLists)
    prvSwitchTimerLists                      0x08003f9d   Thumb Code    58  timers.o(i.prvSwitchTimerLists)
    i.prvTaskExitError                       0x08003fe0   Section        0  port.o(i.prvTaskExitError)
    prvTaskExitError                         0x08003fe1   Thumb Code    48  port.o(i.prvTaskExitError)
    i.prvTimerTask                           0x08004028   Section        0  timers.o(i.prvTimerTask)
    prvTimerTask                             0x08004029   Thumb Code    26  timers.o(i.prvTimerTask)
    i.prvUnlockQueue                         0x08004042   Section        0  queue.o(i.prvUnlockQueue)
    prvUnlockQueue                           0x08004043   Thumb Code   144  queue.o(i.prvUnlockQueue)
    i.pvPortMalloc                           0x080040d4   Section        0  heap_4.o(i.pvPortMalloc)
    i.pxPortInitialiseStack                  0x08004200   Section        0  port.o(i.pxPortInitialiseStack)
    i.shoot_Lifting                          0x0800422c   Section        0  shoot.o(i.shoot_Lifting)
    i.shoot_Push                             0x08004238   Section        0  shoot.o(i.shoot_Push)
    i.shoot_fly_motor_drive                  0x08004244   Section        0  shoot.o(i.shoot_fly_motor_drive)
    i.shoot_fly_motor_speed_set              0x08004270   Section        0  shoot.o(i.shoot_fly_motor_speed_set)
    i.shoot_init                             0x08004344   Section        0  shoot.o(i.shoot_init)
    i.shoot_lifting                          0x08004380   Section        0  shoot.o(i.shoot_lifting)
    i.shoot_motor_drive                      0x0800444c   Section        0  shoot.o(i.shoot_motor_drive)
    i.shoot_motor_pid_cal                    0x08004478   Section        0  shoot.o(i.shoot_motor_pid_cal)
    i.shoot_motor_pid_init                   0x08004490   Section        0  shoot.o(i.shoot_motor_pid_init)
    i.shoot_push                             0x080044b4   Section        0  shoot.o(i.shoot_push)
    i.shoot_task                             0x0800456c   Section        0  shoot.o(i.shoot_task)
    i.shoot_task_start                       0x080045f4   Section        0  rabbit.o(i.shoot_task_start)
    i.start_task                             0x08004624   Section        0  rabbit.o(i.start_task)
    i.status_p3_ch_callback                  0x0800464c   Section        0  status.o(i.status_p3_ch_callback)
    i.status_p3_key_callback                 0x08004668   Section        0  status.o(i.status_p3_key_callback)
    i.system_init                            0x080046da   Section        0  rabbit.o(i.system_init)
    i.tasks_start                            0x0800473c   Section        0  rabbit.o(i.tasks_start)
    i.usart1_init                            0x0800476c   Section        0  usart.o(i.usart1_init)
    i.uxListRemove                           0x08004818   Section        0  list.o(i.uxListRemove)
    i.uxTaskGetNumberOfTasks                 0x08004840   Section        0  tasks.o(i.uxTaskGetNumberOfTasks)
    i.vListInitialise                        0x0800484c   Section        0  list.o(i.vListInitialise)
    i.vListInitialiseItem                    0x08004866   Section        0  list.o(i.vListInitialiseItem)
    i.vListInsert                            0x0800486c   Section        0  list.o(i.vListInsert)
    i.vListInsertEnd                         0x080048a0   Section        0  list.o(i.vListInsertEnd)
    i.vPortEnterCritical                     0x080048b8   Section        0  port.o(i.vPortEnterCritical)
    i.vPortExitCritical                      0x08004918   Section        0  port.o(i.vPortExitCritical)
    i.vPortFree                              0x08004960   Section        0  heap_4.o(i.vPortFree)
    i.vPortSetupTimerInterrupt               0x080049ec   Section        0  port.o(i.vPortSetupTimerInterrupt)
    i.vQueueAddToRegistry                    0x08004a14   Section        0  queue.o(i.vQueueAddToRegistry)
    i.vQueueWaitForMessageRestricted         0x08004a80   Section        0  queue.o(i.vQueueWaitForMessageRestricted)
    i.vTaskDelay                             0x08004acc   Section        0  tasks.o(i.vTaskDelay)
    i.vTaskDelete                            0x08004b30   Section        0  tasks.o(i.vTaskDelete)
    i.vTaskInternalSetTimeOutState           0x08004c34   Section        0  tasks.o(i.vTaskInternalSetTimeOutState)
    i.vTaskMissedYield                       0x08004c4c   Section        0  tasks.o(i.vTaskMissedYield)
    i.vTaskPlaceOnEventList                  0x08004c58   Section        0  tasks.o(i.vTaskPlaceOnEventList)
    i.vTaskPlaceOnEventListRestricted        0x08004c9c   Section        0  tasks.o(i.vTaskPlaceOnEventListRestricted)
    i.vTaskStartScheduler                    0x08004d08   Section        0  tasks.o(i.vTaskStartScheduler)
    i.vTaskSuspendAll                        0x08004dac   Section        0  tasks.o(i.vTaskSuspendAll)
    i.vTaskSwitchContext                     0x08004dbc   Section        0  tasks.o(i.vTaskSwitchContext)
    i.verify_data_func                       0x08004e54   Section        0  p3.o(i.verify_data_func)
    i.xPortStartScheduler                    0x08004e80   Section        0  port.o(i.xPortStartScheduler)
    i.xPortSysTickHandler                    0x08004ff4   Section        0  port.o(i.xPortSysTickHandler)
    i.xQueueGenericCreate                    0x08005028   Section        0  queue.o(i.xQueueGenericCreate)
    i.xQueueGenericReset                     0x08005098   Section        0  queue.o(i.xQueueGenericReset)
    i.xQueueReceive                          0x0800515c   Section        0  queue.o(i.xQueueReceive)
    i.xTaskCheckForTimeOut                   0x080052a8   Section        0  tasks.o(i.xTaskCheckForTimeOut)
    i.xTaskCreate                            0x08005338   Section        0  tasks.o(i.xTaskCreate)
    i.xTaskGetSchedulerState                 0x080053a0   Section        0  tasks.o(i.xTaskGetSchedulerState)
    i.xTaskGetTickCount                      0x080053c0   Section        0  tasks.o(i.xTaskGetTickCount)
    i.xTaskIncrementTick                     0x080053cc   Section        0  tasks.o(i.xTaskIncrementTick)
    i.xTaskPriorityDisinherit                0x08005554   Section        0  tasks.o(i.xTaskPriorityDisinherit)
    i.xTaskRemoveFromEventList               0x08005644   Section        0  tasks.o(i.xTaskRemoveFromEventList)
    i.xTaskResumeAll                         0x08005770   Section        0  tasks.o(i.xTaskResumeAll)
    i.xTimerCreateTimerTask                  0x080058d8   Section        0  timers.o(i.xTimerCreateTimerTask)
    .constdata                               0x08005938   Section     2052  arm_common_tables.o(.constdata)
    .conststring                             0x0800613c   Section       67  queue.o(.conststring)
    .conststring                             0x08006180   Section       67  tasks.o(.conststring)
    .conststring                             0x080061c4   Section       68  timers.o(.conststring)
    .conststring                             0x08006208   Section       85  heap_4.o(.conststring)
    .conststring                             0x08006260   Section       89  port.o(.conststring)
    .data                                    0x20000000   Section       20  system_stm32f4xx.o(.data)
    .data                                    0x20000014   Section       16  stm32f4xx_rcc.o(.data)
    APBAHBPrescTable                         0x20000014   Data          16  stm32f4xx_rcc.o(.data)
    .data                                    0x20000024   Section        4  delay.o(.data)
    fac_us                                   0x20000024   Data           1  delay.o(.data)
    fac_ms                                   0x20000026   Data           2  delay.o(.data)
    .data                                    0x20000028   Section        2  remote_control.o(.data)
    this_time_rx_len                         0x20000028   Data           2  remote_control.o(.data)
    .data                                    0x2000002a   Section        1  dead_zone.o(.data)
    dead_zone_param                          0x2000002a   Data           1  dead_zone.o(.data)
    .data                                    0x2000002c   Section        4  low_pass.o(.data)
    p                                        0x2000002c   Data           4  low_pass.o(.data)
    .data                                    0x20000030   Section        2  p3.o(.data)
    head_1                                   0x20000030   Data           1  p3.o(.data)
    head_2                                   0x20000031   Data           1  p3.o(.data)
    .data                                    0x20000034   Section        8  usart.o(.data)
    flag                                     0x20000034   Data           1  usart.o(.data)
    i                                        0x20000038   Data           4  usart.o(.data)
    .data                                    0x2000003c   Section       64  tasks.o(.data)
    pxDelayedTaskList                        0x20000040   Data           4  tasks.o(.data)
    pxOverflowDelayedTaskList                0x20000044   Data           4  tasks.o(.data)
    uxDeletedTasksWaitingCleanUp             0x20000048   Data           4  tasks.o(.data)
    uxCurrentNumberOfTasks                   0x2000004c   Data           4  tasks.o(.data)
    xTickCount                               0x20000050   Data           4  tasks.o(.data)
    uxTopReadyPriority                       0x20000054   Data           4  tasks.o(.data)
    xSchedulerRunning                        0x20000058   Data           4  tasks.o(.data)
    xPendedTicks                             0x2000005c   Data           4  tasks.o(.data)
    xYieldPending                            0x20000060   Data           4  tasks.o(.data)
    xNumOfOverflows                          0x20000064   Data           4  tasks.o(.data)
    uxTaskNumber                             0x20000068   Data           4  tasks.o(.data)
    xNextTaskUnblockTime                     0x2000006c   Data           4  tasks.o(.data)
    xIdleTaskHandle                          0x20000070   Data           4  tasks.o(.data)
    uxSchedulerSuspended                     0x20000078   Data           4  tasks.o(.data)
    .data                                    0x2000007c   Section       20  timers.o(.data)
    pxCurrentTimerList                       0x2000007c   Data           4  timers.o(.data)
    pxOverflowTimerList                      0x20000080   Data           4  timers.o(.data)
    xTimerQueue                              0x20000084   Data           4  timers.o(.data)
    xTimerTaskHandle                         0x20000088   Data           4  timers.o(.data)
    xLastTime                                0x2000008c   Data           4  timers.o(.data)
    .data                                    0x20000090   Section       28  heap_4.o(.data)
    xStart                                   0x20000090   Data           8  heap_4.o(.data)
    pxEnd                                    0x20000098   Data           4  heap_4.o(.data)
    xFreeBytesRemaining                      0x2000009c   Data           4  heap_4.o(.data)
    xMinimumEverFreeBytesRemaining           0x200000a0   Data           4  heap_4.o(.data)
    xNumberOfSuccessfulAllocations           0x200000a4   Data           4  heap_4.o(.data)
    xNumberOfSuccessfulFrees                 0x200000a8   Data           4  heap_4.o(.data)
    .data                                    0x200000ac   Section       12  port.o(.data)
    uxCriticalNesting                        0x200000ac   Data           4  port.o(.data)
    ucMaxSysCallPriority                     0x200000b0   Data           1  port.o(.data)
    ulMaxPRIGROUPValue                       0x200000b4   Data           4  port.o(.data)
    .data                                    0x200000b8   Section       24  chassis.o(.data)
    chassis_pid_param                        0x200000b8   Data          24  chassis.o(.data)
    .data                                    0x200000d0   Section       54  pick_up.o(.data)
    pick_up_motor_state                      0x200000d0   Data           1  pick_up.o(.data)
    pick_up_speed_pid_param                  0x200000d4   Data          24  pick_up.o(.data)
    pick_up_angle_pid_param                  0x200000ec   Data          24  pick_up.o(.data)
    flag                                     0x20000104   Data           1  pick_up.o(.data)
    p3_RU_last                               0x20000105   Data           1  pick_up.o(.data)
    .data                                    0x20000108   Section       56  shoot.o(.data)
    shoot_speed_pid_param                    0x20000108   Data          24  shoot.o(.data)
    shoot_angle_pid_param                    0x20000120   Data          24  shoot.o(.data)
    flag1                                    0x20000138   Data           1  shoot.o(.data)
    flag2                                    0x20000139   Data           1  shoot.o(.data)
    p3_RD_last                               0x2000013a   Data           1  shoot.o(.data)
    _speed_last                              0x2000013c   Data           4  shoot.o(.data)
    .data                                    0x20000140   Section       16  rabbit.o(.data)
    Start_Task_Handler                       0x20000140   Data           4  rabbit.o(.data)
    Chssis_Task_Handler                      0x20000144   Data           4  rabbit.o(.data)
    Shoot_Task_Handler                       0x20000148   Data           4  rabbit.o(.data)
    Pick_up_Task_Handler                     0x2000014c   Data           4  rabbit.o(.data)
    .data                                    0x20000150   Section        4  stdout.o(.data)
    .bss                                     0x20000154   Section       20  motor_feedback.o(.bss)
    .bss                                     0x20000168   Section      124  remote_control.o(.bss)
    SBUS_rx_buf                              0x20000168   Data          72  remote_control.o(.bss)
    .bss                                     0x200001e4   Section       16  low_pass.o(.bss)
    Low_pass_output_last                     0x200001e4   Data          16  low_pass.o(.bss)
    .bss                                     0x200001f4   Section       77  p3.o(.bss)
    _verify                                  0x20000234   Data          13  p3.o(.bss)
    .bss                                     0x20000244   Section       64  queue.o(.bss)
    .bss                                     0x20000284   Section      740  tasks.o(.bss)
    pxReadyTasksLists                        0x20000284   Data         640  tasks.o(.bss)
    xDelayedTaskList1                        0x20000504   Data          20  tasks.o(.bss)
    xDelayedTaskList2                        0x20000518   Data          20  tasks.o(.bss)
    xPendingReadyList                        0x2000052c   Data          20  tasks.o(.bss)
    xTasksWaitingTermination                 0x20000540   Data          20  tasks.o(.bss)
    xSuspendedTaskList                       0x20000554   Data          20  tasks.o(.bss)
    .bss                                     0x20000568   Section       40  timers.o(.bss)
    xActiveTimerList1                        0x20000568   Data          20  timers.o(.bss)
    xActiveTimerList2                        0x2000057c   Data          20  timers.o(.bss)
    .bss                                     0x20000590   Section    20480  heap_4.o(.bss)
    ucHeap                                   0x20000590   Data       20480  heap_4.o(.bss)
    .bss                                     0x20005590   Section     1396  rabbit.o(.bss)
    STACK                                    0x20005b08   Section     1024  startup_stm32f40_41xxx.o(STACK)

    Global Symbols

    Symbol Name                              Value     Ov Type        Size  Object(Section)

    BuildAttributes$$THM_ISAv4$E$P$D$K$B$S$7EM$VFPi3$EXTD16$VFPS$VFMA$PE$A:L22UL41UL21$X:L11$S22US41US21$IEEE1$IW$USESV6$~STKCKD$USESV7$~SHL$OTIME$ROPI$IEEEX$EBA8$MICROLIB$REQ8$PRES8$EABIv2 0x00000000   Number         0  anon$$obj.o ABSOLUTE
    __ARM_use_no_argv                        0x00000000   Number         0  main.o ABSOLUTE
    _printf_a                                0x00000000   Number         0  stubs.o ABSOLUTE
    _printf_c                                0x00000000   Number         0  stubs.o ABSOLUTE
    _printf_charcount                        0x00000000   Number         0  stubs.o ABSOLUTE
    _printf_d                                0x00000000   Number         0  stubs.o ABSOLUTE
    _printf_e                                0x00000000   Number         0  stubs.o ABSOLUTE
    _printf_f                                0x00000000   Number         0  stubs.o ABSOLUTE
    _printf_flags                            0x00000000   Number         0  stubs.o ABSOLUTE
    _printf_fp_dec                           0x00000000   Number         0  stubs.o ABSOLUTE
    _printf_fp_hex                           0x00000000   Number         0  stubs.o ABSOLUTE
    _printf_g                                0x00000000   Number         0  stubs.o ABSOLUTE
    _printf_i                                0x00000000   Number         0  stubs.o ABSOLUTE
    _printf_int_dec                          0x00000000   Number         0  stubs.o ABSOLUTE
    _printf_l                                0x00000000   Number         0  stubs.o ABSOLUTE
    _printf_lc                               0x00000000   Number         0  stubs.o ABSOLUTE
    _printf_ll                               0x00000000   Number         0  stubs.o ABSOLUTE
    _printf_lld                              0x00000000   Number         0  stubs.o ABSOLUTE
    _printf_lli                              0x00000000   Number         0  stubs.o ABSOLUTE
    _printf_llo                              0x00000000   Number         0  stubs.o ABSOLUTE
    _printf_llu                              0x00000000   Number         0  stubs.o ABSOLUTE
    _printf_llx                              0x00000000   Number         0  stubs.o ABSOLUTE
    _printf_longlong_dec                     0x00000000   Number         0  stubs.o ABSOLUTE
    _printf_longlong_hex                     0x00000000   Number         0  stubs.o ABSOLUTE
    _printf_longlong_oct                     0x00000000   Number         0  stubs.o ABSOLUTE
    _printf_ls                               0x00000000   Number         0  stubs.o ABSOLUTE
    _printf_mbtowc                           0x00000000   Number         0  stubs.o ABSOLUTE
    _printf_n                                0x00000000   Number         0  stubs.o ABSOLUTE
    _printf_o                                0x00000000   Number         0  stubs.o ABSOLUTE
    _printf_p                                0x00000000   Number         0  stubs.o ABSOLUTE
    _printf_percent                          0x00000000   Number         0  stubs.o ABSOLUTE
    _printf_pre_padding                      0x00000000   Number         0  stubs.o ABSOLUTE
    _printf_return_value                     0x00000000   Number         0  stubs.o ABSOLUTE
    _printf_s                                0x00000000   Number         0  stubs.o ABSOLUTE
    _printf_sizespec                         0x00000000   Number         0  stubs.o ABSOLUTE
    _printf_str                              0x00000000   Number         0  stubs.o ABSOLUTE
    _printf_truncate_signed                  0x00000000   Number         0  stubs.o ABSOLUTE
    _printf_truncate_unsigned                0x00000000   Number         0  stubs.o ABSOLUTE
    _printf_u                                0x00000000   Number         0  stubs.o ABSOLUTE
    _printf_wc                               0x00000000   Number         0  stubs.o ABSOLUTE
    _printf_wctomb                           0x00000000   Number         0  stubs.o ABSOLUTE
    _printf_widthprec                        0x00000000   Number         0  stubs.o ABSOLUTE
    _printf_x                                0x00000000   Number         0  stubs.o ABSOLUTE
    __arm_fini_                               - Undefined Weak Reference
    __cpp_initialize__aeabi_                  - Undefined Weak Reference
    __cxa_finalize                            - Undefined Weak Reference
    _clock_init                               - Undefined Weak Reference
    _microlib_exit                            - Undefined Weak Reference
    __Vectors_Size                           0x00000188   Number         0  startup_stm32f40_41xxx.o ABSOLUTE
    __Vectors                                0x08000000   Data           4  startup_stm32f40_41xxx.o(RESET)
    __Vectors_End                            0x08000188   Data           0  startup_stm32f40_41xxx.o(RESET)
    __main                                   0x08000189   Thumb Code     0  entry.o(.ARM.Collect$$$$00000000)
    _main_stk                                0x08000189   Thumb Code     0  entry2.o(.ARM.Collect$$$$00000001)
    _main_scatterload                        0x0800018d   Thumb Code     0  entry5.o(.ARM.Collect$$$$00000004)
    __main_after_scatterload                 0x08000191   Thumb Code     0  entry5.o(.ARM.Collect$$$$00000004)
    _main_clock                              0x08000191   Thumb Code     0  entry7b.o(.ARM.Collect$$$$00000008)
    _main_cpp_init                           0x08000191   Thumb Code     0  entry8b.o(.ARM.Collect$$$$0000000A)
    _main_init                               0x08000191   Thumb Code     0  entry9a.o(.ARM.Collect$$$$0000000B)
    __rt_lib_shutdown_fini                   0x08000199   Thumb Code     0  entry12b.o(.ARM.Collect$$$$0000000E)
    __rt_final_cpp                           0x0800019d   Thumb Code     0  entry10a.o(.ARM.Collect$$$$0000000F)
    __rt_final_exit                          0x0800019d   Thumb Code     0  entry11a.o(.ARM.Collect$$$$00000011)
    SVC_Handler                              0x080001a1   Thumb Code    28  port.o(.emb_text)
    __asm___6_port_c_39a90d8d__prvStartFirstTask 0x080001c1   Thumb Code    36  port.o(.emb_text)
    __asm___6_port_c_39a90d8d__prvEnableVFP  0x080001e9   Thumb Code    16  port.o(.emb_text)
    PendSV_Handler                           0x080001fd   Thumb Code    88  port.o(.emb_text)
    vPortGetIPSR                             0x08000259   Thumb Code     6  port.o(.emb_text)
    Reset_Handler                            0x08000261   Thumb Code     8  startup_stm32f40_41xxx.o(.text)
    ADC_IRQHandler                           0x0800027b   Thumb Code     0  startup_stm32f40_41xxx.o(.text)
    CAN1_RX1_IRQHandler                      0x0800027b   Thumb Code     0  startup_stm32f40_41xxx.o(.text)
    CAN1_SCE_IRQHandler                      0x0800027b   Thumb Code     0  startup_stm32f40_41xxx.o(.text)
    CAN1_TX_IRQHandler                       0x0800027b   Thumb Code     0  startup_stm32f40_41xxx.o(.text)
    CAN2_RX0_IRQHandler                      0x0800027b   Thumb Code     0  startup_stm32f40_41xxx.o(.text)
    CAN2_SCE_IRQHandler                      0x0800027b   Thumb Code     0  startup_stm32f40_41xxx.o(.text)
    CAN2_TX_IRQHandler                       0x0800027b   Thumb Code     0  startup_stm32f40_41xxx.o(.text)
    CRYP_IRQHandler                          0x0800027b   Thumb Code     0  startup_stm32f40_41xxx.o(.text)
    DCMI_IRQHandler                          0x0800027b   Thumb Code     0  startup_stm32f40_41xxx.o(.text)
    DMA1_Stream0_IRQHandler                  0x0800027b   Thumb Code     0  startup_stm32f40_41xxx.o(.text)
    DMA1_Stream1_IRQHandler                  0x0800027b   Thumb Code     0  startup_stm32f40_41xxx.o(.text)
    DMA1_Stream2_IRQHandler                  0x0800027b   Thumb Code     0  startup_stm32f40_41xxx.o(.text)
    DMA1_Stream3_IRQHandler                  0x0800027b   Thumb Code     0  startup_stm32f40_41xxx.o(.text)
    DMA1_Stream4_IRQHandler                  0x0800027b   Thumb Code     0  startup_stm32f40_41xxx.o(.text)
    DMA1_Stream5_IRQHandler                  0x0800027b   Thumb Code     0  startup_stm32f40_41xxx.o(.text)
    DMA1_Stream6_IRQHandler                  0x0800027b   Thumb Code     0  startup_stm32f40_41xxx.o(.text)
    DMA1_Stream7_IRQHandler                  0x0800027b   Thumb Code     0  startup_stm32f40_41xxx.o(.text)
    DMA2_Stream0_IRQHandler                  0x0800027b   Thumb Code     0  startup_stm32f40_41xxx.o(.text)
    DMA2_Stream1_IRQHandler                  0x0800027b   Thumb Code     0  startup_stm32f40_41xxx.o(.text)
    DMA2_Stream2_IRQHandler                  0x0800027b   Thumb Code     0  startup_stm32f40_41xxx.o(.text)
    DMA2_Stream3_IRQHandler                  0x0800027b   Thumb Code     0  startup_stm32f40_41xxx.o(.text)
    DMA2_Stream4_IRQHandler                  0x0800027b   Thumb Code     0  startup_stm32f40_41xxx.o(.text)
    DMA2_Stream5_IRQHandler                  0x0800027b   Thumb Code     0  startup_stm32f40_41xxx.o(.text)
    DMA2_Stream6_IRQHandler                  0x0800027b   Thumb Code     0  startup_stm32f40_41xxx.o(.text)
    DMA2_Stream7_IRQHandler                  0x0800027b   Thumb Code     0  startup_stm32f40_41xxx.o(.text)
    ETH_IRQHandler                           0x0800027b   Thumb Code     0  startup_stm32f40_41xxx.o(.text)
    ETH_WKUP_IRQHandler                      0x0800027b   Thumb Code     0  startup_stm32f40_41xxx.o(.text)
    EXTI0_IRQHandler                         0x0800027b   Thumb Code     0  startup_stm32f40_41xxx.o(.text)
    EXTI15_10_IRQHandler                     0x0800027b   Thumb Code     0  startup_stm32f40_41xxx.o(.text)
    EXTI1_IRQHandler                         0x0800027b   Thumb Code     0  startup_stm32f40_41xxx.o(.text)
    EXTI2_IRQHandler                         0x0800027b   Thumb Code     0  startup_stm32f40_41xxx.o(.text)
    EXTI3_IRQHandler                         0x0800027b   Thumb Code     0  startup_stm32f40_41xxx.o(.text)
    EXTI4_IRQHandler                         0x0800027b   Thumb Code     0  startup_stm32f40_41xxx.o(.text)
    EXTI9_5_IRQHandler                       0x0800027b   Thumb Code     0  startup_stm32f40_41xxx.o(.text)
    FLASH_IRQHandler                         0x0800027b   Thumb Code     0  startup_stm32f40_41xxx.o(.text)
    FPU_IRQHandler                           0x0800027b   Thumb Code     0  startup_stm32f40_41xxx.o(.text)
    FSMC_IRQHandler                          0x0800027b   Thumb Code     0  startup_stm32f40_41xxx.o(.text)
    HASH_RNG_IRQHandler                      0x0800027b   Thumb Code     0  startup_stm32f40_41xxx.o(.text)
    I2C1_ER_IRQHandler                       0x0800027b   Thumb Code     0  startup_stm32f40_41xxx.o(.text)
    I2C1_EV_IRQHandler                       0x0800027b   Thumb Code     0  startup_stm32f40_41xxx.o(.text)
    I2C2_ER_IRQHandler                       0x0800027b   Thumb Code     0  startup_stm32f40_41xxx.o(.text)
    I2C2_EV_IRQHandler                       0x0800027b   Thumb Code     0  startup_stm32f40_41xxx.o(.text)
    I2C3_ER_IRQHandler                       0x0800027b   Thumb Code     0  startup_stm32f40_41xxx.o(.text)
    I2C3_EV_IRQHandler                       0x0800027b   Thumb Code     0  startup_stm32f40_41xxx.o(.text)
    OTG_FS_IRQHandler                        0x0800027b   Thumb Code     0  startup_stm32f40_41xxx.o(.text)
    OTG_FS_WKUP_IRQHandler                   0x0800027b   Thumb Code     0  startup_stm32f40_41xxx.o(.text)
    OTG_HS_EP1_IN_IRQHandler                 0x0800027b   Thumb Code     0  startup_stm32f40_41xxx.o(.text)
    OTG_HS_EP1_OUT_IRQHandler                0x0800027b   Thumb Code     0  startup_stm32f40_41xxx.o(.text)
    OTG_HS_IRQHandler                        0x0800027b   Thumb Code     0  startup_stm32f40_41xxx.o(.text)
    OTG_HS_WKUP_IRQHandler                   0x0800027b   Thumb Code     0  startup_stm32f40_41xxx.o(.text)
    PVD_IRQHandler                           0x0800027b   Thumb Code     0  startup_stm32f40_41xxx.o(.text)
    RCC_IRQHandler                           0x0800027b   Thumb Code     0  startup_stm32f40_41xxx.o(.text)
    RTC_Alarm_IRQHandler                     0x0800027b   Thumb Code     0  startup_stm32f40_41xxx.o(.text)
    RTC_WKUP_IRQHandler                      0x0800027b   Thumb Code     0  startup_stm32f40_41xxx.o(.text)
    SDIO_IRQHandler                          0x0800027b   Thumb Code     0  startup_stm32f40_41xxx.o(.text)
    SPI1_IRQHandler                          0x0800027b   Thumb Code     0  startup_stm32f40_41xxx.o(.text)
    SPI2_IRQHandler                          0x0800027b   Thumb Code     0  startup_stm32f40_41xxx.o(.text)
    SPI3_IRQHandler                          0x0800027b   Thumb Code     0  startup_stm32f40_41xxx.o(.text)
    TAMP_STAMP_IRQHandler                    0x0800027b   Thumb Code     0  startup_stm32f40_41xxx.o(.text)
    TIM1_BRK_TIM9_IRQHandler                 0x0800027b   Thumb Code     0  startup_stm32f40_41xxx.o(.text)
    TIM1_CC_IRQHandler                       0x0800027b   Thumb Code     0  startup_stm32f40_41xxx.o(.text)
    TIM1_TRG_COM_TIM11_IRQHandler            0x0800027b   Thumb Code     0  startup_stm32f40_41xxx.o(.text)
    TIM2_IRQHandler                          0x0800027b   Thumb Code     0  startup_stm32f40_41xxx.o(.text)
    TIM4_IRQHandler                          0x0800027b   Thumb Code     0  startup_stm32f40_41xxx.o(.text)
    TIM5_IRQHandler                          0x0800027b   Thumb Code     0  startup_stm32f40_41xxx.o(.text)
    TIM6_DAC_IRQHandler                      0x0800027b   Thumb Code     0  startup_stm32f40_41xxx.o(.text)
    TIM7_IRQHandler                          0x0800027b   Thumb Code     0  startup_stm32f40_41xxx.o(.text)
    TIM8_BRK_TIM12_IRQHandler                0x0800027b   Thumb Code     0  startup_stm32f40_41xxx.o(.text)
    TIM8_CC_IRQHandler                       0x0800027b   Thumb Code     0  startup_stm32f40_41xxx.o(.text)
    TIM8_TRG_COM_TIM14_IRQHandler            0x0800027b   Thumb Code     0  startup_stm32f40_41xxx.o(.text)
    TIM8_UP_TIM13_IRQHandler                 0x0800027b   Thumb Code     0  startup_stm32f40_41xxx.o(.text)
    UART4_IRQHandler                         0x0800027b   Thumb Code     0  startup_stm32f40_41xxx.o(.text)
    UART5_IRQHandler                         0x0800027b   Thumb Code     0  startup_stm32f40_41xxx.o(.text)
    USART2_IRQHandler                        0x0800027b   Thumb Code     0  startup_stm32f40_41xxx.o(.text)
    WWDG_IRQHandler                          0x0800027b   Thumb Code     0  startup_stm32f40_41xxx.o(.text)
    __aeabi_memcpy                           0x08000285   Thumb Code    36  memcpya.o(.text)
    __aeabi_memcpy4                          0x08000285   Thumb Code     0  memcpya.o(.text)
    __aeabi_memcpy8                          0x08000285   Thumb Code     0  memcpya.o(.text)
    __aeabi_memset                           0x080002a9   Thumb Code    14  memseta.o(.text)
    __aeabi_memset4                          0x080002a9   Thumb Code     0  memseta.o(.text)
    __aeabi_memset8                          0x080002a9   Thumb Code     0  memseta.o(.text)
    __aeabi_memclr                           0x080002b7   Thumb Code     4  memseta.o(.text)
    __aeabi_memclr4                          0x080002b7   Thumb Code     0  memseta.o(.text)
    __aeabi_memclr8                          0x080002b7   Thumb Code     0  memseta.o(.text)
    memset                                   0x080002bb   Thumb Code    18  memseta.o(.text)
    __aeabi_dadd                             0x080002cd   Thumb Code   322  dadd.o(.text)
    __aeabi_dsub                             0x0800040f   Thumb Code     6  dadd.o(.text)
    __aeabi_drsub                            0x08000415   Thumb Code     6  dadd.o(.text)
    __aeabi_dmul                             0x0800041b   Thumb Code   228  dmul.o(.text)
    __aeabi_ddiv                             0x080004ff   Thumb Code   222  ddiv.o(.text)
    __aeabi_i2d                              0x080005dd   Thumb Code    34  dflti.o(.text)
    __aeabi_ui2d                             0x080005ff   Thumb Code    26  dfltui.o(.text)
    __aeabi_d2iz                             0x08000619   Thumb Code    62  dfixi.o(.text)
    __aeabi_cdcmpeq                          0x08000659   Thumb Code     0  cdcmple.o(.text)
    __aeabi_cdcmple                          0x08000659   Thumb Code    48  cdcmple.o(.text)
    __aeabi_cdrcmple                         0x08000689   Thumb Code    48  cdrcmple.o(.text)
    __aeabi_uidiv                            0x080006b9   Thumb Code     0  uidiv.o(.text)
    __aeabi_uidivmod                         0x080006b9   Thumb Code    44  uidiv.o(.text)
    __aeabi_llsl                             0x080006e5   Thumb Code    30  llshl.o(.text)
    _ll_shift_l                              0x080006e5   Thumb Code     0  llshl.o(.text)
    __aeabi_llsr                             0x08000703   Thumb Code    32  llushr.o(.text)
    _ll_ushift_r                             0x08000703   Thumb Code     0  llushr.o(.text)
    __aeabi_lasr                             0x08000723   Thumb Code    36  llsshr.o(.text)
    _ll_sshift_r                             0x08000723   Thumb Code     0  llsshr.o(.text)
    __I$use$fp                               0x08000747   Thumb Code     0  iusefp.o(.text)
    _double_round                            0x08000747   Thumb Code    30  depilogue.o(.text)
    _double_epilogue                         0x08000765   Thumb Code   156  depilogue.o(.text)
    __scatterload                            0x08000801   Thumb Code    28  init.o(.text)
    __scatterload_rt2                        0x08000801   Thumb Code     0  init.o(.text)
    __decompress                             0x08000825   Thumb Code     0  __dczerorl2.o(.text)
    __decompress1                            0x08000825   Thumb Code    86  __dczerorl2.o(.text)
    BusFault_Handler                         0x0800087b   Thumb Code     4  stm32f4xx_it.o(i.BusFault_Handler)
    CAN1_Mode_Init                           0x08000881   Thumb Code   248  can.o(i.CAN1_Mode_Init)
    CAN1_RX0_IRQHandler                      0x08000981   Thumb Code  1052  motor_feedback.o(i.CAN1_RX0_IRQHandler)
    CAN2_Mode_Init                           0x08000da1   Thumb Code   248  can.o(i.CAN2_Mode_Init)
    CAN2_RX1_IRQHandler                      0x08000ea1   Thumb Code   192  motor_feedback.o(i.CAN2_RX1_IRQHandler)
    CAN_FilterInit                           0x08000f6d   Thumb Code   258  stm32f4xx_can.o(i.CAN_FilterInit)
    CAN_ITConfig                             0x08001075   Thumb Code    18  stm32f4xx_can.o(i.CAN_ITConfig)
    CAN_Init                                 0x08001087   Thumb Code   276  stm32f4xx_can.o(i.CAN_Init)
    CAN_Receive                              0x0800119b   Thumb Code   240  stm32f4xx_can.o(i.CAN_Receive)
    CAN_Transmit                             0x0800128b   Thumb Code   294  stm32f4xx_can.o(i.CAN_Transmit)
    DMA_ClearFlag                            0x080013b1   Thumb Code    38  stm32f4xx_dma.o(i.DMA_ClearFlag)
    DMA_Cmd                                  0x080013e5   Thumb Code    22  stm32f4xx_dma.o(i.DMA_Cmd)
    DMA_DeInit                               0x080013fd   Thumb Code   324  stm32f4xx_dma.o(i.DMA_DeInit)
    DMA_GetCurrDataCounter                   0x08001555   Thumb Code     8  stm32f4xx_dma.o(i.DMA_GetCurrDataCounter)
    DMA_GetCurrentMemoryTarget               0x0800155d   Thumb Code    20  stm32f4xx_dma.o(i.DMA_GetCurrentMemoryTarget)
    DMA_Init                                 0x08001571   Thumb Code    82  stm32f4xx_dma.o(i.DMA_Init)
    DMA_SetCurrDataCounter                   0x080015c9   Thumb Code     4  stm32f4xx_dma.o(i.DMA_SetCurrDataCounter)
    DebugMon_Handler                         0x080015cd   Thumb Code     2  stm32f4xx_it.o(i.DebugMon_Handler)
    GPIO_Init                                0x080015cf   Thumb Code   144  stm32f4xx_gpio.o(i.GPIO_Init)
    GPIO_PinAFConfig                         0x0800165f   Thumb Code    70  stm32f4xx_gpio.o(i.GPIO_PinAFConfig)
    GPIO_ResetBits                           0x080016a5   Thumb Code     4  stm32f4xx_gpio.o(i.GPIO_ResetBits)
    GPIO_SetBits                             0x080016a9   Thumb Code     4  stm32f4xx_gpio.o(i.GPIO_SetBits)
    HardFault_Handler                        0x080016ad   Thumb Code     4  stm32f4xx_it.o(i.HardFault_Handler)
    Low_pass_output                          0x080016b1   Thumb Code   124  low_pass.o(i.Low_pass_output)
    MemManage_Handler                        0x08001739   Thumb Code     4  stm32f4xx_it.o(i.MemManage_Handler)
    NMI_Handler                              0x0800173d   Thumb Code     2  stm32f4xx_it.o(i.NMI_Handler)
    NVIC_Init                                0x08001741   Thumb Code   106  misc.o(i.NVIC_Init)
    NVIC_PriorityGroupConfig                 0x080017b9   Thumb Code    10  misc.o(i.NVIC_PriorityGroupConfig)
    PID_calc                                 0x080017cd   Thumb Code   558  pid.o(i.PID_calc)
    PID_init                                 0x08001a01   Thumb Code    76  pid.o(i.PID_init)
    RCC_AHB1PeriphClockCmd                   0x08001a51   Thumb Code    26  stm32f4xx_rcc.o(i.RCC_AHB1PeriphClockCmd)
    RCC_APB1PeriphClockCmd                   0x08001a71   Thumb Code    26  stm32f4xx_rcc.o(i.RCC_APB1PeriphClockCmd)
    RCC_APB2PeriphClockCmd                   0x08001a91   Thumb Code    26  stm32f4xx_rcc.o(i.RCC_APB2PeriphClockCmd)
    RCC_GetClocksFreq                        0x08001ab1   Thumb Code   214  stm32f4xx_rcc.o(i.RCC_GetClocksFreq)
    SysTick_CLKSourceConfig                  0x08001d81   Thumb Code    40  misc.o(i.SysTick_CLKSourceConfig)
    SysTick_Handler                          0x08001da9   Thumb Code    16  delay.o(i.SysTick_Handler)
    SystemInit                               0x08001db9   Thumb Code    88  system_stm32f4xx.o(i.SystemInit)
    TIM1_UP_TIM10_IRQHandler                 0x08001e21   Thumb Code    20  timer.o(i.TIM1_UP_TIM10_IRQHandler)
    TIM3_IRQHandler                          0x08001e39   Thumb Code    40  timer.o(i.TIM3_IRQHandler)
    TIM3_Int_Init                            0x08001e69   Thumb Code    88  timer.o(i.TIM3_Int_Init)
    TIM5_PWM_Init                            0x08001ec5   Thumb Code   190  timer.o(i.TIM5_PWM_Init)
    TIM_ARRPreloadConfig                     0x08001f8d   Thumb Code    24  stm32f4xx_tim.o(i.TIM_ARRPreloadConfig)
    TIM_ClearITPendingBit                    0x08001fa5   Thumb Code     6  stm32f4xx_tim.o(i.TIM_ClearITPendingBit)
    TIM_Cmd                                  0x08001fab   Thumb Code    24  stm32f4xx_tim.o(i.TIM_Cmd)
    TIM_GetITStatus                          0x08001fc3   Thumb Code    34  stm32f4xx_tim.o(i.TIM_GetITStatus)
    TIM_ITConfig                             0x08001fe5   Thumb Code    18  stm32f4xx_tim.o(i.TIM_ITConfig)
    TIM_OC1Init                              0x08001ff9   Thumb Code   114  stm32f4xx_tim.o(i.TIM_OC1Init)
    TIM_OC1PreloadConfig                     0x08002075   Thumb Code    18  stm32f4xx_tim.o(i.TIM_OC1PreloadConfig)
    TIM_OC2Init                              0x08002089   Thumb Code   154  stm32f4xx_tim.o(i.TIM_OC2Init)
    TIM_OC2PreloadConfig                     0x0800212d   Thumb Code    26  stm32f4xx_tim.o(i.TIM_OC2PreloadConfig)
    TIM_SetCompare1                          0x08002147   Thumb Code     4  stm32f4xx_tim.o(i.TIM_SetCompare1)
    TIM_SetCompare2                          0x0800214b   Thumb Code     4  stm32f4xx_tim.o(i.TIM_SetCompare2)
    TIM_TimeBaseInit                         0x08002151   Thumb Code   104  stm32f4xx_tim.o(i.TIM_TimeBaseInit)
    USART1_IRQHandler                        0x080021d5   Thumb Code    24  usart.o(i.USART1_IRQHandler)
    USART3_IRQHandler                        0x080021f1   Thumb Code   222  remote_control.o(i.USART3_IRQHandler)
    USART6_IRQHandler                        0x080022e9   Thumb Code   110  usart.o(i.USART6_IRQHandler)
    USART_ClearFlag                          0x0800236d   Thumb Code    18  stm32f4xx_usart.o(i.USART_ClearFlag)
    USART_ClearITPendingBit                  0x0800237f   Thumb Code    30  stm32f4xx_usart.o(i.USART_ClearITPendingBit)
    USART_Cmd                                0x0800239d   Thumb Code    24  stm32f4xx_usart.o(i.USART_Cmd)
    USART_GetITStatus                        0x080023b5   Thumb Code    84  stm32f4xx_usart.o(i.USART_GetITStatus)
    USART_ITConfig                           0x08002409   Thumb Code    74  stm32f4xx_usart.o(i.USART_ITConfig)
    USART_Init                               0x08002455   Thumb Code   204  stm32f4xx_usart.o(i.USART_Init)
    USART_ReceiveData                        0x08002529   Thumb Code    10  stm32f4xx_usart.o(i.USART_ReceiveData)
    UsageFault_Handler                       0x08002533   Thumb Code     4  stm32f4xx_it.o(i.UsageFault_Handler)
    __0printf$3                              0x08002539   Thumb Code    22  printf3.o(i.__0printf$3)
    __1printf$3                              0x08002539   Thumb Code     0  printf3.o(i.__0printf$3)
    __2printf                                0x08002539   Thumb Code     0  printf3.o(i.__0printf$3)
    __scatterload_copy                       0x08002559   Thumb Code    14  handlers.o(i.__scatterload_copy)
    __scatterload_null                       0x08002567   Thumb Code     2  handlers.o(i.__scatterload_null)
    __scatterload_zeroinit                   0x08002569   Thumb Code    14  handlers.o(i.__scatterload_zeroinit)
    arm_add_f32                              0x08002731   Thumb Code   114  arm_add_f32.o(i.arm_add_f32)
    arm_cos_f32                              0x080027a5   Thumb Code   132  arm_cos_f32.o(i.arm_cos_f32)
    arm_mult_f32                             0x08002835   Thumb Code   114  arm_mult_f32.o(i.arm_mult_f32)
    arm_sin_f32                              0x080028a9   Thumb Code   158  arm_sin_f32.o(i.arm_sin_f32)
    arm_sub_f32                              0x08002959   Thumb Code   114  arm_sub_f32.o(i.arm_sub_f32)
    chassis_max_speed_set                    0x080029cb   Thumb Code    10  chassis.o(i.chassis_max_speed_set)
    chassis_motor_drive                      0x080029d5   Thumb Code    62  chassis.o(i.chassis_motor_drive)
    chassis_motor_pid_cal                    0x08002a13   Thumb Code    64  chassis.o(i.chassis_motor_pid_cal)
    chassis_motor_pid_init                   0x08002a55   Thumb Code    38  chassis.o(i.chassis_motor_pid_init)
    chassis_solve                            0x08002a81   Thumb Code   320  chassis.o(i.chassis_solve)
    chassis_task                             0x08002bcd   Thumb Code    58  chassis.o(i.chassis_task)
    chssis_task_start                        0x08002c1d   Thumb Code    24  rabbit.o(i.chssis_task_start)
    dead_zone_change                         0x08002c4d   Thumb Code   220  dead_zone.o(i.dead_zone_change)
    dead_zone_output                         0x08002d39   Thumb Code   202  dead_zone.o(i.dead_zone_output)
    delay_init                               0x08002e0d   Thumb Code    58  delay.o(i.delay_init)
    delay_ms                                 0x08002e51   Thumb Code    60  delay.o(i.delay_ms)
    delay_us                                 0x08002e91   Thumb Code    68  delay.o(i.delay_us)
    fputc                                    0x08002ed9   Thumb Code    22  usart.o(i.fputc)
    gpio_Init                                0x08002ef5   Thumb Code   112  gpio.o(i.gpio_Init)
    head_verify                              0x08002f6d   Thumb Code    80  p3.o(i.head_verify)
    main                                     0x08002fc9   Thumb Code     8  main.o(i.main)
    motor_angle_pid_cal_callback             0x08002fd1   Thumb Code    74  motor_feedback.o(i.motor_angle_pid_cal_callback)
    motor_driver_can1                        0x0800301d   Thumb Code    92  motor_feedback.o(i.motor_driver_can1)
    motor_driver_can2                        0x0800307d   Thumb Code    92  motor_feedback.o(i.motor_driver_can2)
    motor_speed_pid_cal_callback             0x080030dd   Thumb Code    46  motor_feedback.o(i.motor_speed_pid_cal_callback)
    p3_init                                  0x0800310d   Thumb Code   278  usart.o(i.p3_init)
    p3_remote_output                         0x08003239   Thumb Code   236  p3.o(i.p3_remote_output)
    pick_up_Clamping                         0x0800332d   Thumb Code     6  pick_up.o(i.pick_up_Clamping)
    pick_up_clamping                         0x08003339   Thumb Code   148  pick_up.o(i.pick_up_clamping)
    pick_up_init                             0x080033d9   Thumb Code    40  pick_up.o(i.pick_up_init)
    pick_up_motor_drive                      0x08003411   Thumb Code    46  pick_up.o(i.pick_up_motor_drive)
    pick_up_motor_pid_cal                    0x0800343f   Thumb Code    34  pick_up.o(i.pick_up_motor_pid_cal)
    pick_up_motor_speed_set                  0x08003461   Thumb Code   194  pick_up.o(i.pick_up_motor_speed_set)
    pick_up_pid_init                         0x08003531   Thumb Code    38  pick_up.o(i.pick_up_pid_init)
    pick_up_task                             0x08003561   Thumb Code    70  pick_up.o(i.pick_up_task)
    pick_up_task_start                       0x080035c1   Thumb Code    26  rabbit.o(i.pick_up_task_start)
    pid_angle_init_callback                  0x080035f5   Thumb Code    66  motor_feedback.o(i.pid_angle_init_callback)
    pid_speed_init_callback                  0x08003637   Thumb Code    66  motor_feedback.o(i.pid_speed_init_callback)
    pvPortMalloc                             0x080040d5   Thumb Code   258  heap_4.o(i.pvPortMalloc)
    pxPortInitialiseStack                    0x08004201   Thumb Code    38  port.o(i.pxPortInitialiseStack)
    shoot_Lifting                            0x0800422d   Thumb Code     6  shoot.o(i.shoot_Lifting)
    shoot_Push                               0x08004239   Thumb Code     6  shoot.o(i.shoot_Push)
    shoot_fly_motor_drive                    0x08004245   Thumb Code    34  shoot.o(i.shoot_fly_motor_drive)
    shoot_fly_motor_speed_set                0x08004271   Thumb Code   204  shoot.o(i.shoot_fly_motor_speed_set)
    shoot_init                               0x08004345   Thumb Code    42  shoot.o(i.shoot_init)
    shoot_lifting                            0x08004381   Thumb Code   190  shoot.o(i.shoot_lifting)
    shoot_motor_drive                        0x0800444d   Thumb Code    44  shoot.o(i.shoot_motor_drive)
    shoot_motor_pid_cal                      0x08004479   Thumb Code    24  shoot.o(i.shoot_motor_pid_cal)
    shoot_motor_pid_init                     0x08004491   Thumb Code    26  shoot.o(i.shoot_motor_pid_init)
    shoot_push                               0x080044b5   Thumb Code   170  shoot.o(i.shoot_push)
    shoot_task                               0x0800456d   Thumb Code    98  shoot.o(i.shoot_task)
    shoot_task_start                         0x080045f5   Thumb Code    26  rabbit.o(i.shoot_task_start)
    start_task                               0x08004625   Thumb Code    34  rabbit.o(i.start_task)
    status_p3_ch_callback                    0x0800464d   Thumb Code    28  status.o(i.status_p3_ch_callback)
    status_p3_key_callback                   0x08004669   Thumb Code   114  status.o(i.status_p3_key_callback)
    system_init                              0x080046db   Thumb Code    96  rabbit.o(i.system_init)
    tasks_start                              0x0800473d   Thumb Code    28  rabbit.o(i.tasks_start)
    usart1_init                              0x0800476d   Thumb Code   164  usart.o(i.usart1_init)
    uxListRemove                             0x08004819   Thumb Code    40  list.o(i.uxListRemove)
    uxTaskGetNumberOfTasks                   0x08004841   Thumb Code     6  tasks.o(i.uxTaskGetNumberOfTasks)
    vListInitialise                          0x0800484d   Thumb Code    26  list.o(i.vListInitialise)
    vListInitialiseItem                      0x08004867   Thumb Code     6  list.o(i.vListInitialiseItem)
    vListInsert                              0x0800486d   Thumb Code    52  list.o(i.vListInsert)
    vListInsertEnd                           0x080048a1   Thumb Code    24  list.o(i.vListInsertEnd)
    vPortEnterCritical                       0x080048b9   Thumb Code    68  port.o(i.vPortEnterCritical)
    vPortExitCritical                        0x08004919   Thumb Code    48  port.o(i.vPortExitCritical)
    vPortFree                                0x08004961   Thumb Code   112  heap_4.o(i.vPortFree)
    vPortSetupTimerInterrupt                 0x080049ed   Thumb Code    36  port.o(i.vPortSetupTimerInterrupt)
    vQueueAddToRegistry                      0x08004a15   Thumb Code    84  queue.o(i.vQueueAddToRegistry)
    vQueueWaitForMessageRestricted           0x08004a81   Thumb Code    74  queue.o(i.vQueueWaitForMessageRestricted)
    vTaskDelay                               0x08004acd   Thumb Code    72  tasks.o(i.vTaskDelay)
    vTaskDelete                              0x08004b31   Thumb Code   200  tasks.o(i.vTaskDelete)
    vTaskInternalSetTimeOutState             0x08004c35   Thumb Code    14  tasks.o(i.vTaskInternalSetTimeOutState)
    vTaskMissedYield                         0x08004c4d   Thumb Code     8  tasks.o(i.vTaskMissedYield)
    vTaskPlaceOnEventList                    0x08004c59   Thumb Code    42  tasks.o(i.vTaskPlaceOnEventList)
    vTaskPlaceOnEventListRestricted          0x08004c9d   Thumb Code    84  tasks.o(i.vTaskPlaceOnEventListRestricted)
    vTaskStartScheduler                      0x08004d09   Thumb Code   112  tasks.o(i.vTaskStartScheduler)
    vTaskSuspendAll                          0x08004dad   Thumb Code    12  tasks.o(i.vTaskSuspendAll)
    vTaskSwitchContext                       0x08004dbd   Thumb Code   110  tasks.o(i.vTaskSwitchContext)
    verify_data_func                         0x08004e55   Thumb Code    36  p3.o(i.verify_data_func)
    xPortStartScheduler                      0x08004e81   Thumb Code   322  port.o(i.xPortStartScheduler)
    xPortSysTickHandler                      0x08004ff5   Thumb Code    46  port.o(i.xPortSysTickHandler)
    xQueueGenericCreate                      0x08005029   Thumb Code    92  queue.o(i.xQueueGenericCreate)
    xQueueGenericReset                       0x08005099   Thumb Code   176  queue.o(i.xQueueGenericReset)
    xQueueReceive                            0x0800515d   Thumb Code   308  queue.o(i.xQueueReceive)
    xTaskCheckForTimeOut                     0x080052a9   Thumb Code   116  tasks.o(i.xTaskCheckForTimeOut)
    xTaskCreate                              0x08005339   Thumb Code   104  tasks.o(i.xTaskCreate)
    xTaskGetSchedulerState                   0x080053a1   Thumb Code    24  tasks.o(i.xTaskGetSchedulerState)
    xTaskGetTickCount                        0x080053c1   Thumb Code     6  tasks.o(i.xTaskGetTickCount)
    xTaskIncrementTick                       0x080053cd   Thumb Code   336  tasks.o(i.xTaskIncrementTick)
    xTaskPriorityDisinherit                  0x08005555   Thumb Code   206  tasks.o(i.xTaskPriorityDisinherit)
    xTaskRemoveFromEventList                 0x08005645   Thumb Code   254  tasks.o(i.xTaskRemoveFromEventList)
    xTaskResumeAll                           0x08005771   Thumb Code   306  tasks.o(i.xTaskResumeAll)
    xTimerCreateTimerTask                    0x080058d9   Thumb Code    56  timers.o(i.xTimerCreateTimerTask)
    sinTable_f32                             0x08005938   Data        2052  arm_common_tables.o(.constdata)
    Region$$Table$$Base                      0x080062bc   Number         0  anon$$obj.o(Region$$Table)
    Region$$Table$$Limit                     0x080062dc   Number         0  anon$$obj.o(Region$$Table)
    SystemCoreClock                          0x20000000   Data           4  system_stm32f4xx.o(.data)
    AHBPrescTable                            0x20000004   Data          16  system_stm32f4xx.o(.data)
    pxCurrentTCB                             0x2000003c   Data           4  tasks.o(.data)
    uxTopUsedPriority                        0x20000074   Data           4  tasks.o(.data)
    __stdout                                 0x20000150   Data           4  stdout.o(.data)
    Rx2Message                               0x20000154   Data          20  motor_feedback.o(.bss)
    rc_ctrl                                  0x200001b0   Data          52  remote_control.o(.bss)
    p3_receive                               0x200001f4   Data          13  p3.o(.bss)
    p3_verify_data                           0x20000201   Data          13  p3.o(.bss)
    p3_data                                  0x20000210   Data          36  p3.o(.bss)
    xQueueRegistry                           0x20000244   Data          64  queue.o(.bss)
    rabbit                                   0x20005590   Data        1396  rabbit.o(.bss)
    __initial_sp                             0x20005f08   Data           0  startup_stm32f40_41xxx.o(STACK)



==============================================================================

Memory Map of the image

  Image Entry point : 0x08000189

  Load Region LR_IROM1 (Base: 0x08000000, Size: 0x00006430, Max: 0x00080000, ABSOLUTE, COMPRESSED[0x00006334])

    Execution Region ER_IROM1 (Exec base: 0x08000000, Load base: 0x08000000, Size: 0x000062dc, Max: 0x00080000, ABSOLUTE)

    Exec Addr    Load Addr    Size         Type   Attr      Idx    E Section Name        Object

    0x08000000   0x08000000   0x00000188   Data   RO          308    RESET               startup_stm32f40_41xxx.o
    0x08000188   0x08000188   0x00000000   Code   RO         7491  * .ARM.Collect$$$$00000000  mc_w.l(entry.o)
    0x08000188   0x08000188   0x00000004   Code   RO         7783    .ARM.Collect$$$$00000001  mc_w.l(entry2.o)
    0x0800018c   0x0800018c   0x00000004   Code   RO         7786    .ARM.Collect$$$$00000004  mc_w.l(entry5.o)
    0x08000190   0x08000190   0x00000000   Code   RO         7788    .ARM.Collect$$$$00000008  mc_w.l(entry7b.o)
    0x08000190   0x08000190   0x00000000   Code   RO         7790    .ARM.Collect$$$$0000000A  mc_w.l(entry8b.o)
    0x08000190   0x08000190   0x00000008   Code   RO         7791    .ARM.Collect$$$$0000000B  mc_w.l(entry9a.o)
    0x08000198   0x08000198   0x00000004   Code   RO         7798    .ARM.Collect$$$$0000000E  mc_w.l(entry12b.o)
    0x0800019c   0x0800019c   0x00000000   Code   RO         7793    .ARM.Collect$$$$0000000F  mc_w.l(entry10a.o)
    0x0800019c   0x0800019c   0x00000000   Code   RO         7795    .ARM.Collect$$$$00000011  mc_w.l(entry11a.o)
    0x0800019c   0x0800019c   0x00000004   Code   RO         7784    .ARM.Collect$$$$00002712  mc_w.l(entry2.o)
    0x080001a0   0x080001a0   0x000000be   Code   RO         6882    .emb_text           port.o
    0x0800025e   0x0800025e   0x00000002   PAD
    0x08000260   0x08000260   0x00000024   Code   RO          309    .text               startup_stm32f40_41xxx.o
    0x08000284   0x08000284   0x00000024   Code   RO         7494    .text               mc_w.l(memcpya.o)
    0x080002a8   0x080002a8   0x00000024   Code   RO         7498    .text               mc_w.l(memseta.o)
    0x080002cc   0x080002cc   0x0000014e   Code   RO         7767    .text               mf_w.l(dadd.o)
    0x0800041a   0x0800041a   0x000000e4   Code   RO         7769    .text               mf_w.l(dmul.o)
    0x080004fe   0x080004fe   0x000000de   Code   RO         7771    .text               mf_w.l(ddiv.o)
    0x080005dc   0x080005dc   0x00000022   Code   RO         7773    .text               mf_w.l(dflti.o)
    0x080005fe   0x080005fe   0x0000001a   Code   RO         7775    .text               mf_w.l(dfltui.o)
    0x08000618   0x08000618   0x0000003e   Code   RO         7777    .text               mf_w.l(dfixi.o)
    0x08000656   0x08000656   0x00000002   PAD
    0x08000658   0x08000658   0x00000030   Code   RO         7779    .text               mf_w.l(cdcmple.o)
    0x08000688   0x08000688   0x00000030   Code   RO         7781    .text               mf_w.l(cdrcmple.o)
    0x080006b8   0x080006b8   0x0000002c   Code   RO         7800    .text               mc_w.l(uidiv.o)
    0x080006e4   0x080006e4   0x0000001e   Code   RO         7804    .text               mc_w.l(llshl.o)
    0x08000702   0x08000702   0x00000020   Code   RO         7806    .text               mc_w.l(llushr.o)
    0x08000722   0x08000722   0x00000024   Code   RO         7808    .text               mc_w.l(llsshr.o)
    0x08000746   0x08000746   0x00000000   Code   RO         7810    .text               mc_w.l(iusefp.o)
    0x08000746   0x08000746   0x000000ba   Code   RO         7811    .text               mf_w.l(depilogue.o)
    0x08000800   0x08000800   0x00000024   Code   RO         7815    .text               mc_w.l(init.o)
    0x08000824   0x08000824   0x00000056   Code   RO         7825    .text               mc_w.l(__dczerorl2.o)
    0x0800087a   0x0800087a   0x00000004   Code   RO          218    i.BusFault_Handler  stm32f4xx_it.o
    0x0800087e   0x0800087e   0x00000002   PAD
    0x08000880   0x08000880   0x00000100   Code   RO         5360    i.CAN1_Mode_Init    can.o
    0x08000980   0x08000980   0x00000420   Code   RO         5104    i.CAN1_RX0_IRQHandler  motor_feedback.o
    0x08000da0   0x08000da0   0x00000100   Code   RO         5361    i.CAN2_Mode_Init    can.o
    0x08000ea0   0x08000ea0   0x000000cc   Code   RO         5105    i.CAN2_RX1_IRQHandler  motor_feedback.o
    0x08000f6c   0x08000f6c   0x00000108   Code   RO          607    i.CAN_FilterInit    stm32f4xx_can.o
    0x08001074   0x08001074   0x00000012   Code   RO          613    i.CAN_ITConfig      stm32f4xx_can.o
    0x08001086   0x08001086   0x00000114   Code   RO          614    i.CAN_Init          stm32f4xx_can.o
    0x0800119a   0x0800119a   0x000000f0   Code   RO          617    i.CAN_Receive       stm32f4xx_can.o
    0x0800128a   0x0800128a   0x00000126   Code   RO          622    i.CAN_Transmit      stm32f4xx_can.o
    0x080013b0   0x080013b0   0x00000034   Code   RO         1302    i.DMA_ClearFlag     stm32f4xx_dma.o
    0x080013e4   0x080013e4   0x00000016   Code   RO         1304    i.DMA_Cmd           stm32f4xx_dma.o
    0x080013fa   0x080013fa   0x00000002   PAD
    0x080013fc   0x080013fc   0x00000158   Code   RO         1305    i.DMA_DeInit        stm32f4xx_dma.o
    0x08001554   0x08001554   0x00000008   Code   RO         1310    i.DMA_GetCurrDataCounter  stm32f4xx_dma.o
    0x0800155c   0x0800155c   0x00000014   Code   RO         1311    i.DMA_GetCurrentMemoryTarget  stm32f4xx_dma.o
    0x08001570   0x08001570   0x00000058   Code   RO         1316    i.DMA_Init          stm32f4xx_dma.o
    0x080015c8   0x080015c8   0x00000004   Code   RO         1319    i.DMA_SetCurrDataCounter  stm32f4xx_dma.o
    0x080015cc   0x080015cc   0x00000002   Code   RO          219    i.DebugMon_Handler  stm32f4xx_it.o
    0x080015ce   0x080015ce   0x00000090   Code   RO         2038    i.GPIO_Init         stm32f4xx_gpio.o
    0x0800165e   0x0800165e   0x00000046   Code   RO         2039    i.GPIO_PinAFConfig  stm32f4xx_gpio.o
    0x080016a4   0x080016a4   0x00000004   Code   RO         2045    i.GPIO_ResetBits    stm32f4xx_gpio.o
    0x080016a8   0x080016a8   0x00000004   Code   RO         2046    i.GPIO_SetBits      stm32f4xx_gpio.o
    0x080016ac   0x080016ac   0x00000004   Code   RO          220    i.HardFault_Handler  stm32f4xx_it.o
    0x080016b0   0x080016b0   0x00000088   Code   RO         5298    i.Low_pass_output   low_pass.o
    0x08001738   0x08001738   0x00000004   Code   RO          221    i.MemManage_Handler  stm32f4xx_it.o
    0x0800173c   0x0800173c   0x00000002   Code   RO          222    i.NMI_Handler       stm32f4xx_it.o
    0x0800173e   0x0800173e   0x00000002   PAD
    0x08001740   0x08001740   0x00000078   Code   RO          315    i.NVIC_Init         misc.o
    0x080017b8   0x080017b8   0x00000014   Code   RO          316    i.NVIC_PriorityGroupConfig  misc.o
    0x080017cc   0x080017cc   0x00000234   Code   RO         5200    i.PID_calc          pid.o
    0x08001a00   0x08001a00   0x00000050   Code   RO         5201    i.PID_init          pid.o
    0x08001a50   0x08001a50   0x00000020   Code   RO         2902    i.RCC_AHB1PeriphClockCmd  stm32f4xx_rcc.o
    0x08001a70   0x08001a70   0x00000020   Code   RO         2911    i.RCC_APB1PeriphClockCmd  stm32f4xx_rcc.o
    0x08001a90   0x08001a90   0x00000020   Code   RO         2914    i.RCC_APB2PeriphClockCmd  stm32f4xx_rcc.o
    0x08001ab0   0x08001ab0   0x000000e8   Code   RO         2923    i.RCC_GetClocksFreq  stm32f4xx_rcc.o
    0x08001b98   0x08001b98   0x000000fc   Code   RO         5232    i.SBUS_TO_RC        remote_control.o
    0x08001c94   0x08001c94   0x000000ec   Code   RO          271    i.SetSysClock       system_stm32f4xx.o
    0x08001d80   0x08001d80   0x00000028   Code   RO          319    i.SysTick_CLKSourceConfig  misc.o
    0x08001da8   0x08001da8   0x00000010   Code   RO         5045    i.SysTick_Handler   delay.o
    0x08001db8   0x08001db8   0x00000068   Code   RO          273    i.SystemInit        system_stm32f4xx.o
    0x08001e20   0x08001e20   0x00000018   Code   RO         5507    i.TIM1_UP_TIM10_IRQHandler  timer.o
    0x08001e38   0x08001e38   0x00000030   Code   RO         5508    i.TIM3_IRQHandler   timer.o
    0x08001e68   0x08001e68   0x0000005c   Code   RO         5509    i.TIM3_Int_Init     timer.o
    0x08001ec4   0x08001ec4   0x000000c8   Code   RO         5510    i.TIM5_PWM_Init     timer.o
    0x08001f8c   0x08001f8c   0x00000018   Code   RO         4237    i.TIM_ARRPreloadConfig  stm32f4xx_tim.o
    0x08001fa4   0x08001fa4   0x00000006   Code   RO         4244    i.TIM_ClearITPendingBit  stm32f4xx_tim.o
    0x08001faa   0x08001faa   0x00000018   Code   RO         4249    i.TIM_Cmd           stm32f4xx_tim.o
    0x08001fc2   0x08001fc2   0x00000022   Code   RO         4270    i.TIM_GetITStatus   stm32f4xx_tim.o
    0x08001fe4   0x08001fe4   0x00000012   Code   RO         4274    i.TIM_ITConfig      stm32f4xx_tim.o
    0x08001ff6   0x08001ff6   0x00000002   PAD
    0x08001ff8   0x08001ff8   0x0000007c   Code   RO         4278    i.TIM_OC1Init       stm32f4xx_tim.o
    0x08002074   0x08002074   0x00000012   Code   RO         4281    i.TIM_OC1PreloadConfig  stm32f4xx_tim.o
    0x08002086   0x08002086   0x00000002   PAD
    0x08002088   0x08002088   0x000000a4   Code   RO         4283    i.TIM_OC2Init       stm32f4xx_tim.o
    0x0800212c   0x0800212c   0x0000001a   Code   RO         4286    i.TIM_OC2PreloadConfig  stm32f4xx_tim.o
    0x08002146   0x08002146   0x00000004   Code   RO         4311    i.TIM_SetCompare1   stm32f4xx_tim.o
    0x0800214a   0x0800214a   0x00000004   Code   RO         4312    i.TIM_SetCompare2   stm32f4xx_tim.o
    0x0800214e   0x0800214e   0x00000002   PAD
    0x08002150   0x08002150   0x00000084   Code   RO         4321    i.TIM_TimeBaseInit  stm32f4xx_tim.o
    0x080021d4   0x080021d4   0x0000001c   Code   RO         5552    i.USART1_IRQHandler  usart.o
    0x080021f0   0x080021f0   0x000000f8   Code   RO         5233    i.USART3_IRQHandler  remote_control.o
    0x080022e8   0x080022e8   0x00000084   Code   RO         5553    i.USART6_IRQHandler  usart.o
    0x0800236c   0x0800236c   0x00000012   Code   RO         4795    i.USART_ClearFlag   stm32f4xx_usart.o
    0x0800237e   0x0800237e   0x0000001e   Code   RO         4796    i.USART_ClearITPendingBit  stm32f4xx_usart.o
    0x0800239c   0x0800239c   0x00000018   Code   RO         4799    i.USART_Cmd         stm32f4xx_usart.o
    0x080023b4   0x080023b4   0x00000054   Code   RO         4803    i.USART_GetITStatus  stm32f4xx_usart.o
    0x08002408   0x08002408   0x0000004a   Code   RO         4805    i.USART_ITConfig    stm32f4xx_usart.o
    0x08002452   0x08002452   0x00000002   PAD
    0x08002454   0x08002454   0x000000d4   Code   RO         4806    i.USART_Init        stm32f4xx_usart.o
    0x08002528   0x08002528   0x0000000a   Code   RO         4813    i.USART_ReceiveData  stm32f4xx_usart.o
    0x08002532   0x08002532   0x00000004   Code   RO          223    i.UsageFault_Handler  stm32f4xx_it.o
    0x08002536   0x08002536   0x00000002   PAD
    0x08002538   0x08002538   0x00000020   Code   RO         7595    i.__0printf$3       mc_w.l(printf3.o)
    0x08002558   0x08002558   0x0000000e   Code   RO         7819    i.__scatterload_copy  mc_w.l(handlers.o)
    0x08002566   0x08002566   0x00000002   Code   RO         7820    i.__scatterload_null  mc_w.l(handlers.o)
    0x08002568   0x08002568   0x0000000e   Code   RO         7821    i.__scatterload_zeroinit  mc_w.l(handlers.o)
    0x08002576   0x08002576   0x00000002   PAD
    0x08002578   0x08002578   0x000001b8   Code   RO         7602    i._printf_core      mc_w.l(printf3.o)
    0x08002730   0x08002730   0x00000072   Code   RO         7285    i.arm_add_f32       arm_add_f32.o
    0x080027a2   0x080027a2   0x00000002   PAD
    0x080027a4   0x080027a4   0x00000090   Code   RO         7345    i.arm_cos_f32       arm_cos_f32.o
    0x08002834   0x08002834   0x00000072   Code   RO         7305    i.arm_mult_f32      arm_mult_f32.o
    0x080028a6   0x080028a6   0x00000002   PAD
    0x080028a8   0x080028a8   0x000000b0   Code   RO         7369    i.arm_sin_f32       arm_sin_f32.o
    0x08002958   0x08002958   0x00000072   Code   RO         7325    i.arm_sub_f32       arm_sub_f32.o
    0x080029ca   0x080029ca   0x0000000a   Code   RO         6969    i.chassis_max_speed_set  chassis.o
    0x080029d4   0x080029d4   0x0000003e   Code   RO         6970    i.chassis_motor_drive  chassis.o
    0x08002a12   0x08002a12   0x00000040   Code   RO         6971    i.chassis_motor_pid_cal  chassis.o
    0x08002a52   0x08002a52   0x00000002   PAD
    0x08002a54   0x08002a54   0x0000002c   Code   RO         6972    i.chassis_motor_pid_init  chassis.o
    0x08002a80   0x08002a80   0x0000014c   Code   RO         6973    i.chassis_solve     chassis.o
    0x08002bcc   0x08002bcc   0x00000050   Code   RO         6974    i.chassis_task      chassis.o
    0x08002c1c   0x08002c1c   0x00000030   Code   RO         7198    i.chssis_task_start  rabbit.o
    0x08002c4c   0x08002c4c   0x000000ec   Code   RO         5270    i.dead_zone_change  dead_zone.o
    0x08002d38   0x08002d38   0x000000d4   Code   RO         5271    i.dead_zone_output  dead_zone.o
    0x08002e0c   0x08002e0c   0x00000044   Code   RO         5046    i.delay_init        delay.o
    0x08002e50   0x08002e50   0x00000040   Code   RO         5047    i.delay_ms          delay.o
    0x08002e90   0x08002e90   0x00000048   Code   RO         5048    i.delay_us          delay.o
    0x08002ed8   0x08002ed8   0x0000001c   Code   RO         5554    i.fputc             usart.o
    0x08002ef4   0x08002ef4   0x00000078   Code   RO         5386    i.gpio_Init         gpio.o
    0x08002f6c   0x08002f6c   0x0000005c   Code   RO         5321    i.head_verify       p3.o
    0x08002fc8   0x08002fc8   0x00000008   Code   RO            3    i.main              main.o
    0x08002fd0   0x08002fd0   0x0000004a   Code   RO         5106    i.motor_angle_pid_cal_callback  motor_feedback.o
    0x0800301a   0x0800301a   0x00000002   PAD
    0x0800301c   0x0800301c   0x00000060   Code   RO         5108    i.motor_driver_can1  motor_feedback.o
    0x0800307c   0x0800307c   0x00000060   Code   RO         5109    i.motor_driver_can2  motor_feedback.o
    0x080030dc   0x080030dc   0x0000002e   Code   RO         5110    i.motor_speed_pid_cal_callback  motor_feedback.o
    0x0800310a   0x0800310a   0x00000002   PAD
    0x0800310c   0x0800310c   0x0000012c   Code   RO         5555    i.p3_init           usart.o
    0x08003238   0x08003238   0x000000f4   Code   RO         5322    i.p3_remote_output  p3.o
    0x0800332c   0x0800332c   0x0000000c   Code   RO         7026    i.pick_up_Clamping  pick_up.o
    0x08003338   0x08003338   0x000000a0   Code   RO         7027    i.pick_up_clamping  pick_up.o
    0x080033d8   0x080033d8   0x00000038   Code   RO         7028    i.pick_up_init      pick_up.o
    0x08003410   0x08003410   0x0000002e   Code   RO         7029    i.pick_up_motor_drive  pick_up.o
    0x0800343e   0x0800343e   0x00000022   Code   RO         7030    i.pick_up_motor_pid_cal  pick_up.o
    0x08003460   0x08003460   0x000000d0   Code   RO         7031    i.pick_up_motor_speed_set  pick_up.o
    0x08003530   0x08003530   0x00000030   Code   RO         7032    i.pick_up_pid_init  pick_up.o
    0x08003560   0x08003560   0x00000060   Code   RO         7033    i.pick_up_task      pick_up.o
    0x080035c0   0x080035c0   0x00000034   Code   RO         7199    i.pick_up_task_start  rabbit.o
    0x080035f4   0x080035f4   0x00000042   Code   RO         5111    i.pid_angle_init_callback  motor_feedback.o
    0x08003636   0x08003636   0x00000042   Code   RO         5112    i.pid_speed_init_callback  motor_feedback.o
    0x08003678   0x08003678   0x000000c0   Code   RO         6239    i.prvAddCurrentTaskToDelayedList  tasks.o
    0x08003738   0x08003738   0x000000d0   Code   RO         6240    i.prvAddNewTaskToReadyList  tasks.o
    0x08003808   0x08003808   0x00000064   Code   RO         6632    i.prvCheckForValidListAndQueue  timers.o
    0x0800386c   0x0800386c   0x00000048   Code   RO         6241    i.prvCheckTasksWaitingTermination  tasks.o
    0x080038b4   0x080038b4   0x0000002a   Code   RO         5808    i.prvCopyDataFromQueue  queue.o
    0x080038de   0x080038de   0x0000007e   Code   RO         5809    i.prvCopyDataToQueue  queue.o
    0x0800395c   0x0800395c   0x00000012   Code   RO         6242    i.prvDeleteTCB      tasks.o
    0x0800396e   0x0800396e   0x00000002   PAD
    0x08003970   0x08003970   0x00000028   Code   RO         6633    i.prvGetNextExpireTime  timers.o
    0x08003998   0x08003998   0x00000070   Code   RO         6812    i.prvHeapInit       heap_4.o
    0x08003a08   0x08003a08   0x0000001c   Code   RO         6243    i.prvIdleTask       tasks.o
    0x08003a24   0x08003a24   0x0000002e   Code   RO         5812    i.prvInitialiseNewQueue  queue.o
    0x08003a52   0x08003a52   0x00000002   PAD
    0x08003a54   0x08003a54   0x000000cc   Code   RO         6244    i.prvInitialiseNewTask  tasks.o
    0x08003b20   0x08003b20   0x00000068   Code   RO         6245    i.prvInitialiseTaskLists  tasks.o
    0x08003b88   0x08003b88   0x00000068   Code   RO         6813    i.prvInsertBlockIntoFreeList  heap_4.o
    0x08003bf0   0x08003bf0   0x00000058   Code   RO         6635    i.prvInsertTimerInActiveList  timers.o
    0x08003c48   0x08003c48   0x0000001a   Code   RO         5813    i.prvIsQueueEmpty   queue.o
    0x08003c62   0x08003c62   0x00000002   PAD
    0x08003c64   0x08003c64   0x000000b0   Code   RO         5815    i.prvNotifyQueueSetContainer  queue.o
    0x08003d14   0x08003d14   0x00000044   Code   RO         6636    i.prvProcessExpiredTimer  timers.o
    0x08003d58   0x08003d58   0x0000014c   Code   RO         6637    i.prvProcessReceivedCommands  timers.o
    0x08003ea4   0x08003ea4   0x00000074   Code   RO         6638    i.prvProcessTimerOrBlockTask  timers.o
    0x08003f18   0x08003f18   0x00000028   Code   RO         6639    i.prvReloadTimer    timers.o
    0x08003f40   0x08003f40   0x00000030   Code   RO         6247    i.prvResetNextTaskUnblockTime  tasks.o
    0x08003f70   0x08003f70   0x0000002c   Code   RO         6640    i.prvSampleTimeNow  timers.o
    0x08003f9c   0x08003f9c   0x00000044   Code   RO         6641    i.prvSwitchTimerLists  timers.o
    0x08003fe0   0x08003fe0   0x00000048   Code   RO         6883    i.prvTaskExitError  port.o
    0x08004028   0x08004028   0x0000001a   Code   RO         6642    i.prvTimerTask      timers.o
    0x08004042   0x08004042   0x00000090   Code   RO         5816    i.prvUnlockQueue    queue.o
    0x080040d2   0x080040d2   0x00000002   PAD
    0x080040d4   0x080040d4   0x0000012c   Code   RO         6815    i.pvPortMalloc      heap_4.o
    0x08004200   0x08004200   0x0000002c   Code   RO         6884    i.pxPortInitialiseStack  port.o
    0x0800422c   0x0800422c   0x0000000c   Code   RO         7090    i.shoot_Lifting     shoot.o
    0x08004238   0x08004238   0x0000000c   Code   RO         7091    i.shoot_Push        shoot.o
    0x08004244   0x08004244   0x0000002c   Code   RO         7092    i.shoot_fly_motor_drive  shoot.o
    0x08004270   0x08004270   0x000000d4   Code   RO         7093    i.shoot_fly_motor_speed_set  shoot.o
    0x08004344   0x08004344   0x0000003c   Code   RO         7094    i.shoot_init        shoot.o
    0x08004380   0x08004380   0x000000cc   Code   RO         7095    i.shoot_lifting     shoot.o
    0x0800444c   0x0800444c   0x0000002c   Code   RO         7096    i.shoot_motor_drive  shoot.o
    0x08004478   0x08004478   0x00000018   Code   RO         7097    i.shoot_motor_pid_cal  shoot.o
    0x08004490   0x08004490   0x00000024   Code   RO         7098    i.shoot_motor_pid_init  shoot.o
    0x080044b4   0x080044b4   0x000000b8   Code   RO         7099    i.shoot_push        shoot.o
    0x0800456c   0x0800456c   0x00000088   Code   RO         7100    i.shoot_task        shoot.o
    0x080045f4   0x080045f4   0x00000030   Code   RO         7200    i.shoot_task_start  rabbit.o
    0x08004624   0x08004624   0x00000028   Code   RO         7201    i.start_task        rabbit.o
    0x0800464c   0x0800464c   0x0000001c   Code   RO         7172    i.status_p3_ch_callback  status.o
    0x08004668   0x08004668   0x00000072   Code   RO         7173    i.status_p3_key_callback  status.o
    0x080046da   0x080046da   0x00000060   Code   RO         7202    i.system_init       rabbit.o
    0x0800473a   0x0800473a   0x00000002   PAD
    0x0800473c   0x0800473c   0x00000030   Code   RO         7203    i.tasks_start       rabbit.o
    0x0800476c   0x0800476c   0x000000ac   Code   RO         5556    i.usart1_init       usart.o
    0x08004818   0x08004818   0x00000028   Code   RO         5763    i.uxListRemove      list.o
    0x08004840   0x08004840   0x0000000c   Code   RO         6254    i.uxTaskGetNumberOfTasks  tasks.o
    0x0800484c   0x0800484c   0x0000001a   Code   RO         5764    i.vListInitialise   list.o
    0x08004866   0x08004866   0x00000006   Code   RO         5765    i.vListInitialiseItem  list.o
    0x0800486c   0x0800486c   0x00000034   Code   RO         5766    i.vListInsert       list.o
    0x080048a0   0x080048a0   0x00000018   Code   RO         5767    i.vListInsertEnd    list.o
    0x080048b8   0x080048b8   0x00000060   Code   RO         6886    i.vPortEnterCritical  port.o
    0x08004918   0x08004918   0x00000048   Code   RO         6887    i.vPortExitCritical  port.o
    0x08004960   0x08004960   0x0000008c   Code   RO         6816    i.vPortFree         heap_4.o
    0x080049ec   0x080049ec   0x00000028   Code   RO         6888    i.vPortSetupTimerInterrupt  port.o
    0x08004a14   0x08004a14   0x0000006c   Code   RO         5822    i.vQueueAddToRegistry  queue.o
    0x08004a80   0x08004a80   0x0000004a   Code   RO         5826    i.vQueueWaitForMessageRestricted  queue.o
    0x08004aca   0x08004aca   0x00000002   PAD
    0x08004acc   0x08004acc   0x00000064   Code   RO         6260    i.vTaskDelay        tasks.o
    0x08004b30   0x08004b30   0x00000104   Code   RO         6261    i.vTaskDelete       tasks.o
    0x08004c34   0x08004c34   0x00000018   Code   RO         6265    i.vTaskInternalSetTimeOutState  tasks.o
    0x08004c4c   0x08004c4c   0x0000000c   Code   RO         6267    i.vTaskMissedYield  tasks.o
    0x08004c58   0x08004c58   0x00000044   Code   RO         6268    i.vTaskPlaceOnEventList  tasks.o
    0x08004c9c   0x08004c9c   0x0000006c   Code   RO         6269    i.vTaskPlaceOnEventListRestricted  tasks.o
    0x08004d08   0x08004d08   0x000000a4   Code   RO         6277    i.vTaskStartScheduler  tasks.o
    0x08004dac   0x08004dac   0x00000010   Code   RO         6279    i.vTaskSuspendAll   tasks.o
    0x08004dbc   0x08004dbc   0x00000098   Code   RO         6280    i.vTaskSwitchContext  tasks.o
    0x08004e54   0x08004e54   0x0000002c   Code   RO         5323    i.verify_data_func  p3.o
    0x08004e80   0x08004e80   0x00000174   Code   RO         6890    i.xPortStartScheduler  port.o
    0x08004ff4   0x08004ff4   0x00000034   Code   RO         6891    i.xPortSysTickHandler  port.o
    0x08005028   0x08005028   0x00000070   Code   RO         5831    i.xQueueGenericCreate  queue.o
    0x08005098   0x08005098   0x000000c4   Code   RO         5832    i.xQueueGenericReset  queue.o
    0x0800515c   0x0800515c   0x0000014c   Code   RO         5841    i.xQueueReceive     queue.o
    0x080052a8   0x080052a8   0x00000090   Code   RO         6282    i.xTaskCheckForTimeOut  tasks.o
    0x08005338   0x08005338   0x00000068   Code   RO         6283    i.xTaskCreate       tasks.o
    0x080053a0   0x080053a0   0x00000020   Code   RO         6290    i.xTaskGetSchedulerState  tasks.o
    0x080053c0   0x080053c0   0x0000000c   Code   RO         6291    i.xTaskGetTickCount  tasks.o
    0x080053cc   0x080053cc   0x00000188   Code   RO         6293    i.xTaskIncrementTick  tasks.o
    0x08005554   0x08005554   0x000000f0   Code   RO         6294    i.xTaskPriorityDisinherit  tasks.o
    0x08005644   0x08005644   0x0000012c   Code   RO         6296    i.xTaskRemoveFromEventList  tasks.o
    0x08005770   0x08005770   0x00000168   Code   RO         6297    i.xTaskResumeAll    tasks.o
    0x080058d8   0x080058d8   0x00000060   Code   RO         6650    i.xTimerCreateTimerTask  timers.o
    0x08005938   0x08005938   0x00000804   Data   RO         7446    .constdata          arm_cortexM4lf_math.lib(arm_common_tables.o)
    0x0800613c   0x0800613c   0x00000043   Data   RO         5849    .conststring        queue.o
    0x0800617f   0x0800617f   0x00000001   PAD
    0x08006180   0x08006180   0x00000043   Data   RO         6300    .conststring        tasks.o
    0x080061c3   0x080061c3   0x00000001   PAD
    0x080061c4   0x080061c4   0x00000044   Data   RO         6660    .conststring        timers.o
    0x08006208   0x08006208   0x00000055   Data   RO         6822    .conststring        heap_4.o
    0x0800625d   0x0800625d   0x00000003   PAD
    0x08006260   0x08006260   0x00000059   Data   RO         6892    .conststring        port.o
    0x080062b9   0x080062b9   0x00000003   PAD
    0x080062bc   0x080062bc   0x00000020   Data   RO         7817    Region$$Table       anon$$obj.o


    Execution Region RW_IRAM1 (Exec base: 0x20000000, Load base: 0x080062dc, Size: 0x00005f08, Max: 0x00020000, ABSOLUTE, COMPRESSED[0x00000058])

    Exec Addr    Load Addr    Size         Type   Attr      Idx    E Section Name        Object

    0x20000000   COMPRESSED   0x00000014   Data   RW          274    .data               system_stm32f4xx.o
    0x20000014   COMPRESSED   0x00000010   Data   RW         2955    .data               stm32f4xx_rcc.o
    0x20000024   COMPRESSED   0x00000004   Data   RW         5050    .data               delay.o
    0x20000028   COMPRESSED   0x00000002   Data   RW         5236    .data               remote_control.o
    0x2000002a   COMPRESSED   0x00000001   Data   RW         5272    .data               dead_zone.o
    0x2000002b   COMPRESSED   0x00000001   PAD
    0x2000002c   COMPRESSED   0x00000004   Data   RW         5300    .data               low_pass.o
    0x20000030   COMPRESSED   0x00000002   Data   RW         5325    .data               p3.o
    0x20000032   COMPRESSED   0x00000002   PAD
    0x20000034   COMPRESSED   0x00000008   Data   RW         5559    .data               usart.o
    0x2000003c   COMPRESSED   0x00000040   Data   RW         6301    .data               tasks.o
    0x2000007c   COMPRESSED   0x00000014   Data   RW         6661    .data               timers.o
    0x20000090   COMPRESSED   0x0000001c   Data   RW         6823    .data               heap_4.o
    0x200000ac   COMPRESSED   0x0000000c   Data   RW         6893    .data               port.o
    0x200000b8   COMPRESSED   0x00000018   Data   RW         6975    .data               chassis.o
    0x200000d0   COMPRESSED   0x00000036   Data   RW         7034    .data               pick_up.o
    0x20000106   COMPRESSED   0x00000002   PAD
    0x20000108   COMPRESSED   0x00000038   Data   RW         7101    .data               shoot.o
    0x20000140   COMPRESSED   0x00000010   Data   RW         7205    .data               rabbit.o
    0x20000150   COMPRESSED   0x00000004   Data   RW         7799    .data               mc_w.l(stdout.o)
    0x20000154        -       0x00000014   Zero   RW         5113    .bss                motor_feedback.o
    0x20000168        -       0x0000007c   Zero   RW         5235    .bss                remote_control.o
    0x200001e4        -       0x00000010   Zero   RW         5299    .bss                low_pass.o
    0x200001f4        -       0x0000004d   Zero   RW         5324    .bss                p3.o
    0x20000241   COMPRESSED   0x00000003   PAD
    0x20000244        -       0x00000040   Zero   RW         5848    .bss                queue.o
    0x20000284        -       0x000002e4   Zero   RW         6299    .bss                tasks.o
    0x20000568        -       0x00000028   Zero   RW         6659    .bss                timers.o
    0x20000590        -       0x00005000   Zero   RW         6821    .bss                heap_4.o
    0x20005590        -       0x00000574   Zero   RW         7204    .bss                rabbit.o
    0x20005b04   COMPRESSED   0x00000004   PAD
    0x20005b08        -       0x00000400   Zero   RW          306    STACK               startup_stm32f40_41xxx.o


==============================================================================

Image component sizes


      Code (inc. data)   RO Data    RW Data    ZI Data      Debug   Object Name

       114          0          0          0          0        978   arm_add_f32.o
       144         12          0          0          0        790   arm_cos_f32.o
       114          0          0          0          0       1071   arm_mult_f32.o
       176         18          0          0          0        978   arm_sin_f32.o
       114          0          0          0          0        978   arm_sub_f32.o
       512         16          0          0          0       2106   can.o
       592         40          0         24          0       4722   chassis.o
       448         26          0          1          0       2130   dead_zone.o
       220         18          0          4          0       3765   delay.o
         0          0          0          0          0      12360   event_groups.o
       120          8          0          0          0        568   gpio.o
       656        100         85         28      20480       5343   heap_4.o
       148          0          0          0          0       3902   list.o
       136         12          0          4         16       1302   low_pass.o
         8          0          0          0          0     338754   main.o
       180         24          0          0          0       2117   misc.o
      1704         38          0          0         20       6251   motor_feedback.o
       380         28          0          2         77       3308   p3.o
       660         84          0         54          0       6003   pick_up.o
       644         10          0          0          0       1958   pid.o
       938        158         89         12          0      11292   port.o
      1382        110         67          0         64      14507   queue.o
       332         98          0         16       1396       4618   rabbit.o
       500         34          0          2        124       2594   remote_control.o
       968        124          0         56          0       7885   shoot.o
        36          8        392          0       1024        844   startup_stm32f40_41xxx.o
       142          0          0          0          0       1617   status.o
      1092          6          0          0          0       4476   stm32f4xx_can.o
       538         40          0          0          0       5557   stm32f4xx_dma.o
       222          0          0          0          0       2927   stm32f4xx_gpio.o
        20          0          0          0          0       2881   stm32f4xx_it.o
       328         36          0         16          0       4663   stm32f4xx_rcc.o
       578         48          0          0          0       8167   stm32f4xx_tim.o
       452          8          0          0          0       5562   stm32f4xx_usart.o
       340         32          0         20          0       1845   system_stm32f4xx.o
      3374        620         67         64        740      36567   tasks.o
       364         26          0          0          0       2509   timer.o
      1018        150         68         20         40      14692   timers.o
       660         62          0          8          0       3927   usart.o

    ----------------------------------------------------------------------
     20394       1994        808        336      23988     536514   Object Totals
         0          0         32          0          0          0   (incl. Generated)
        40          0          8          5          7          0   (incl. Padding)

    ----------------------------------------------------------------------

      Code (inc. data)   RO Data    RW Data    ZI Data      Debug   Library Member Name

         0          0       2052          0          0      21128   arm_common_tables.o
        86          0          0          0          0          0   __dczerorl2.o
         0          0          0          0          0          0   entry.o
         0          0          0          0          0          0   entry10a.o
         0          0          0          0          0          0   entry11a.o
         4          0          0          0          0          0   entry12b.o
         8          4          0          0          0          0   entry2.o
         4          0          0          0          0          0   entry5.o
         0          0          0          0          0          0   entry7b.o
         0          0          0          0          0          0   entry8b.o
         8          4          0          0          0          0   entry9a.o
        30          0          0          0          0          0   handlers.o
        36          8          0          0          0         68   init.o
         0          0          0          0          0          0   iusefp.o
        30          0          0          0          0         68   llshl.o
        36          0          0          0          0         68   llsshr.o
        32          0          0          0          0         68   llushr.o
        36          0          0          0          0         68   memcpya.o
        36          0          0          0          0        108   memseta.o
       472         14          0          0          0        184   printf3.o
         0          0          0          4          0          0   stdout.o
        44          0          0          0          0         80   uidiv.o
        48          0          0          0          0         68   cdcmple.o
        48          0          0          0          0         68   cdrcmple.o
       334          0          0          0          0        148   dadd.o
       222          0          0          0          0        100   ddiv.o
       186          0          0          0          0        176   depilogue.o
        62          0          0          0          0         80   dfixi.o
        34          0          0          0          0         76   dflti.o
        26          0          0          0          0         76   dfltui.o
       228          0          0          0          0         96   dmul.o

    ----------------------------------------------------------------------
      2054         30       2052          4          0      22728   Library Totals
         4          0          0          0          0          0   (incl. Padding)

    ----------------------------------------------------------------------

      Code (inc. data)   RO Data    RW Data    ZI Data      Debug   Library Name

         0          0       2052          0          0      21128   arm_cortexM4lf_math.lib
       862         30          0          4          0        712   mc_w.l
      1188          0          0          0          0        888   mf_w.l

    ----------------------------------------------------------------------
      2054         30       2052          4          0      22728   Library Totals

    ----------------------------------------------------------------------

==============================================================================


      Code (inc. data)   RO Data    RW Data    ZI Data      Debug   

     22448       2024       2860        340      23988     540994   Grand Totals
     22448       2024       2860         88      23988     540994   ELF Image Totals (compressed)
     22448       2024       2860         88          0          0   ROM Totals

==============================================================================

    Total RO  Size (Code + RO Data)                25308 (  24.71kB)
    Total RW  Size (RW Data + ZI Data)             24328 (  23.76kB)
    Total ROM Size (Code + RO Data + RW Data)      25396 (  24.80kB)

==============================================================================

